Archive member included to satisfy reference by file (symbol)

../char_loop_bsp/\libhal_bsp.a(alt_getchar.o)
                              obj/default/char_loop.o (alt_getchar)
../char_loop_bsp/\libhal_bsp.a(alt_load.o)
                              ../char_loop_bsp//obj/HAL/src/crt0.o (alt_load)
../char_loop_bsp/\libhal_bsp.a(alt_main.o)
                              ../char_loop_bsp//obj/HAL/src/crt0.o (alt_main)
../char_loop_bsp/\libhal_bsp.a(alt_printf.o)
                              obj/default/char_loop.o (alt_printf)
../char_loop_bsp/\libhal_bsp.a(alt_putchar.o)
                              ../char_loop_bsp/\libhal_bsp.a(alt_printf.o) (alt_putchar)
../char_loop_bsp/\libhal_bsp.a(alt_putstr.o)
                              obj/default/char_loop.o (alt_putstr)
../char_loop_bsp/\libhal_bsp.a(alt_usleep.o)
                              obj/default/char_loop.o (usleep)
../char_loop_bsp/\libhal_bsp.a(alt_sys_init.o)
                              ../char_loop_bsp/\libhal_bsp.a(alt_main.o) (alt_irq_init)
../char_loop_bsp/\libhal_bsp.a(altera_avalon_jtag_uart_read.o)
                              ../char_loop_bsp/\libhal_bsp.a(alt_getchar.o) (altera_avalon_jtag_uart_read)
../char_loop_bsp/\libhal_bsp.a(altera_avalon_jtag_uart_write.o)
                              ../char_loop_bsp/\libhal_bsp.a(alt_putchar.o) (altera_avalon_jtag_uart_write)
../char_loop_bsp/\libhal_bsp.a(alt_busy_sleep.o)
                              ../char_loop_bsp/\libhal_bsp.a(alt_usleep.o) (alt_busy_sleep)
../char_loop_bsp/\libhal_bsp.a(alt_dcache_flush_all.o)
                              ../char_loop_bsp/\libhal_bsp.a(alt_load.o) (alt_dcache_flush_all)
../char_loop_bsp/\libhal_bsp.a(alt_dev.o)
                              ../char_loop_bsp/\libhal_bsp.a(alt_getchar.o) (alt_fd_list)
../char_loop_bsp/\libhal_bsp.a(alt_icache_flush_all.o)
                              ../char_loop_bsp/\libhal_bsp.a(alt_load.o) (alt_icache_flush_all)
../char_loop_bsp/\libhal_bsp.a(altera_nios2_gen2_irq.o)
                              ../char_loop_bsp/\libhal_bsp.a(alt_sys_init.o) (altera_nios2_gen2_irq_init)
../char_loop_bsp/\libhal_bsp.a(alt_icache_flush.o)
                              ../char_loop_bsp/\libhal_bsp.a(alt_icache_flush_all.o) (alt_icache_flush)
c:/intelfpga/17.0/nios2eds/bin/gnu/h-x86_64-mingw32/bin/../lib/gcc/nios2-elf/5.3.0/../../../../../H-x86_64-mingw32/nios2-elf/lib\libsmallc.a(lib_a-strlen.o)
                              ../char_loop_bsp/\libhal_bsp.a(alt_putstr.o) (strlen)
c:/intelfpga/17.0/nios2eds/bin/gnu/h-x86_64-mingw32/bin/../lib/gcc/nios2-elf/5.3.0\libgcc.a(lib2-divmod.o)
                              ../char_loop_bsp/\libhal_bsp.a(alt_busy_sleep.o) (__udivsi3)

Memory Configuration

Name             Origin             Length             Attributes
reset            0x0000000000008000 0x0000000000000020
onchip_mem       0x0000000000008020 0x0000000000004fe0
*default*        0x0000000000000000 0xffffffffffffffff

Linker script and memory map

LOAD ../char_loop_bsp//obj/HAL/src/crt0.o
LOAD obj/default/char_loop.o
LOAD c:/intelfpga/17.0/nios2eds/bin/gnu/h-x86_64-mingw32/bin/../lib/gcc/nios2-elf/5.3.0/../../../../../H-x86_64-mingw32/nios2-elf/lib\libstdc++.a
LOAD c:/intelfpga/17.0/nios2eds/bin/gnu/h-x86_64-mingw32/bin/../lib/gcc/nios2-elf/5.3.0/../../../../../H-x86_64-mingw32/nios2-elf/lib\libm.a
LOAD c:/intelfpga/17.0/nios2eds/bin/gnu/h-x86_64-mingw32/bin/../lib/gcc/nios2-elf/5.3.0\libgcc.a
START GROUP
LOAD c:/intelfpga/17.0/nios2eds/bin/gnu/h-x86_64-mingw32/bin/../lib/gcc/nios2-elf/5.3.0/../../../../../H-x86_64-mingw32/nios2-elf/lib\libsmallc.a
LOAD c:/intelfpga/17.0/nios2eds/bin/gnu/h-x86_64-mingw32/bin/../lib/gcc/nios2-elf/5.3.0\libgcc.a
LOAD ../char_loop_bsp/\libhal_bsp.a
LOAD c:/intelfpga/17.0/nios2eds/bin/gnu/h-x86_64-mingw32/bin/../lib/gcc/nios2-elf/5.3.0/../../../../../H-x86_64-mingw32/nios2-elf/lib\libm.a
END GROUP
LOAD c:/intelfpga/17.0/nios2eds/bin/gnu/h-x86_64-mingw32/bin/../lib/gcc/nios2-elf/5.3.0\libgcc.a
                0x0000000000008000                __alt_mem_onchip_mem = 0x8000

.entry          0x0000000000008000       0x20
 *(.entry)
 .entry         0x0000000000008000       0x20 ../char_loop_bsp//obj/HAL/src/crt0.o
                0x0000000000008000                __reset
                0x000000000000801c                _exit

.exceptions     0x0000000000008020        0x0
                0x0000000000008020                PROVIDE (__ram_exceptions_start, ABSOLUTE (.))
                0x0000000000008020                . = ALIGN (0x20)
 *(.irq)
 *(.exceptions.entry.label)
 *(.exceptions.entry.user)
 *(.exceptions.entry.ecc_fatal)
 *(.exceptions.entry)
 *(.exceptions.irqtest.user)
 *(.exceptions.irqtest)
 *(.exceptions.irqhandler.user)
 *(.exceptions.irqhandler)
 *(.exceptions.irqreturn.user)
 *(.exceptions.irqreturn)
 *(.exceptions.notirq.label)
 *(.exceptions.notirq.user)
 *(.exceptions.notirq)
 *(.exceptions.soft.user)
 *(.exceptions.soft)
 *(.exceptions.unknown.user)
 *(.exceptions.unknown)
 *(.exceptions.exit.label)
 *(.exceptions.exit.user)
 *(.exceptions.exit)
 *(.exceptions)
                0x0000000000008020                PROVIDE (__ram_exceptions_end, ABSOLUTE (.))
                0x0000000000008020                PROVIDE (__flash_exceptions_start, LOADADDR (.exceptions))

.text           0x0000000000008020      0x7bc
                [!provide]                        PROVIDE (stext, ABSOLUTE (.))
 *(.interp)
 *(.hash)
 *(.dynsym)
 *(.dynstr)
 *(.gnu.version)
 *(.gnu.version_d)
 *(.gnu.version_r)
 *(.rel.init)
 *(.rela.init)
 *(.rel.text .rel.text.* .rel.gnu.linkonce.t.*)
 *(.rela.text .rela.text.* .rela.gnu.linkonce.t.*)
 *(.rel.fini)
 *(.rela.fini)
 *(.rel.rodata .rel.rodata.* .rel.gnu.linkonce.r.*)
 *(.rela.rodata .rela.rodata.* .rela.gnu.linkonce.r.*)
 *(.rel.data .rel.data.* .rel.gnu.linkonce.d.*)
 *(.rela.data .rela.data.* .rela.gnu.linkonce.d.*)
 *(.rel.tdata .rel.tdata.* .rel.gnu.linkonce.td.*)
 *(.rela.tdata .rela.tdata.* .rela.gnu.linkonce.td.*)
 *(.rel.tbss .rel.tbss.* .rel.gnu.linkonce.tb.*)
 *(.rela.tbss .rela.tbss.* .rela.gnu.linkonce.tb.*)
 *(.rel.ctors)
 *(.rela.ctors)
 *(.rel.dtors)
 *(.rela.dtors)
 *(.rel.got)
 *(.rela.got)
 *(.rel.sdata .rel.sdata.* .rel.gnu.linkonce.s.*)
 *(.rela.sdata .rela.sdata.* .rela.gnu.linkonce.s.*)
 *(.rel.sbss .rel.sbss.* .rel.gnu.linkonce.sb.*)
 *(.rela.sbss .rela.sbss.* .rela.gnu.linkonce.sb.*)
 *(.rel.sdata2 .rel.sdata2.* .rel.gnu.linkonce.s2.*)
 *(.rela.sdata2 .rela.sdata2.* .rela.gnu.linkonce.s2.*)
 *(.rel.sbss2 .rel.sbss2.* .rel.gnu.linkonce.sb2.*)
 *(.rela.sbss2 .rela.sbss2.* .rela.gnu.linkonce.sb2.*)
 *(.rel.bss .rel.bss.* .rel.gnu.linkonce.b.*)
 *(.rela.bss .rela.bss.* .rela.gnu.linkonce.b.*)
 *(.rel.plt)
 *(.rela.plt)
 *(.rel.dyn)
 *(.init)
 *(.plt)
 *(.text .stub .text.* .gnu.linkonce.t.*)
 .text          0x0000000000008020       0x3c ../char_loop_bsp//obj/HAL/src/crt0.o
                0x0000000000008020                _start
 .text          0x000000000000805c        0x0 obj/default/char_loop.o
 .text.startup  0x000000000000805c       0xe8 obj/default/char_loop.o
                0x000000000000805c                main
 .text          0x0000000000008144       0x44 ../char_loop_bsp/\libhal_bsp.a(alt_getchar.o)
                0x0000000000008144                alt_getchar
 .text          0x0000000000008188       0xe0 ../char_loop_bsp/\libhal_bsp.a(alt_load.o)
                0x0000000000008188                alt_load
 .text          0x0000000000008268       0x2c ../char_loop_bsp/\libhal_bsp.a(alt_main.o)
                0x0000000000008268                alt_main
 .text          0x0000000000008294      0x170 ../char_loop_bsp/\libhal_bsp.a(alt_printf.o)
                0x0000000000008294                alt_printf
 .text          0x0000000000008404       0x48 ../char_loop_bsp/\libhal_bsp.a(alt_putchar.o)
                0x0000000000008404                alt_putchar
 .text          0x000000000000844c       0x38 ../char_loop_bsp/\libhal_bsp.a(alt_putstr.o)
                0x000000000000844c                alt_putstr
 .text          0x0000000000008484        0x4 ../char_loop_bsp/\libhal_bsp.a(alt_usleep.o)
                0x0000000000008484                usleep
 .text          0x0000000000008488       0x24 ../char_loop_bsp/\libhal_bsp.a(alt_sys_init.o)
                0x0000000000008488                alt_irq_init
                0x00000000000084a8                alt_sys_init
 .text          0x00000000000084ac       0x5c ../char_loop_bsp/\libhal_bsp.a(altera_avalon_jtag_uart_read.o)
                0x00000000000084ac                altera_avalon_jtag_uart_read
 .text          0x0000000000008508       0x34 ../char_loop_bsp/\libhal_bsp.a(altera_avalon_jtag_uart_write.o)
                0x0000000000008508                altera_avalon_jtag_uart_write
 .text          0x000000000000853c       0x78 ../char_loop_bsp/\libhal_bsp.a(alt_busy_sleep.o)
                0x000000000000853c                alt_busy_sleep
 .text          0x00000000000085b4        0x4 ../char_loop_bsp/\libhal_bsp.a(alt_dcache_flush_all.o)
                0x00000000000085b4                alt_dcache_flush_all
 .text          0x00000000000085b8        0x8 ../char_loop_bsp/\libhal_bsp.a(alt_dev.o)
 .text          0x00000000000085c0        0xc ../char_loop_bsp/\libhal_bsp.a(alt_icache_flush_all.o)
                0x00000000000085c0                alt_icache_flush_all
 .text          0x00000000000085cc        0x8 ../char_loop_bsp/\libhal_bsp.a(altera_nios2_gen2_irq.o)
                0x00000000000085cc                altera_nios2_gen2_irq_init
 .text          0x00000000000085d4       0x38 ../char_loop_bsp/\libhal_bsp.a(alt_icache_flush.o)
                0x00000000000085d4                alt_icache_flush
 .text          0x000000000000860c        0x0 c:/intelfpga/17.0/nios2eds/bin/gnu/h-x86_64-mingw32/bin/../lib/gcc/nios2-elf/5.3.0/../../../../../H-x86_64-mingw32/nios2-elf/lib\libsmallc.a(lib_a-strlen.o)
 .text.strlen   0x000000000000860c       0x1c c:/intelfpga/17.0/nios2eds/bin/gnu/h-x86_64-mingw32/bin/../lib/gcc/nios2-elf/5.3.0/../../../../../H-x86_64-mingw32/nios2-elf/lib\libsmallc.a(lib_a-strlen.o)
                0x000000000000860c                strlen
 .text          0x0000000000008628      0x1b4 c:/intelfpga/17.0/nios2eds/bin/gnu/h-x86_64-mingw32/bin/../lib/gcc/nios2-elf/5.3.0\libgcc.a(lib2-divmod.o)
                0x0000000000008628                __divsi3
                0x00000000000086ac                __modsi3
                0x0000000000008720                __udivsi3
                0x0000000000008784                __umodsi3
 *(.gnu.warning.*)
 *(.fini)
                [!provide]                        PROVIDE (__etext, ABSOLUTE (.))
                [!provide]                        PROVIDE (_etext, ABSOLUTE (.))
                [!provide]                        PROVIDE (etext, ABSOLUTE (.))
 *(.eh_frame_hdr)
                0x00000000000087dc                . = ALIGN (0x4)
                [!provide]                        PROVIDE (__preinit_array_start, ABSOLUTE (.))
 *(.preinit_array)
                [!provide]                        PROVIDE (__preinit_array_end, ABSOLUTE (.))
                [!provide]                        PROVIDE (__init_array_start, ABSOLUTE (.))
 *(.init_array)
                [!provide]                        PROVIDE (__init_array_end, ABSOLUTE (.))
                [!provide]                        PROVIDE (__fini_array_start, ABSOLUTE (.))
 *(.fini_array)
                [!provide]                        PROVIDE (__fini_array_end, ABSOLUTE (.))
 *(.eh_frame)
 *(.gcc_except_table .gcc_except_table.*)
 *(.dynamic)
                [!provide]                        PROVIDE (__CTOR_LIST__, ABSOLUTE (.))
 *(.ctors)
 *(SORT(.ctors.*))
                [!provide]                        PROVIDE (__CTOR_END__, ABSOLUTE (.))
                [!provide]                        PROVIDE (__DTOR_LIST__, ABSOLUTE (.))
 *(.dtors)
 *(SORT(.dtors.*))
                [!provide]                        PROVIDE (__DTOR_END__, ABSOLUTE (.))
 *(.jcr)
                0x00000000000087dc                . = ALIGN (0x4)

.rodata         0x00000000000087dc       0x60
                0x00000000000087dc                PROVIDE (__ram_rodata_start, ABSOLUTE (.))
                0x00000000000087dc                . = ALIGN (0x4)
 *(.rodata .rodata.* .gnu.linkonce.r.*)
 .rodata.str1.4
                0x00000000000087dc       0x54 obj/default/char_loop.o
 .rodata.str1.4
                0x0000000000008830        0xc ../char_loop_bsp/\libhal_bsp.a(alt_dev.o)
                                          0xa (size before relaxing)
 *(.rodata1)
                0x000000000000883c                . = ALIGN (0x4)
                0x000000000000883c                PROVIDE (__ram_rodata_end, ABSOLUTE (.))
                0x00000000000087dc                PROVIDE (__flash_rodata_start, LOADADDR (.rodata))

.rwdata         0x000000000000883c       0x70 load address 0x00000000000088ac
                0x000000000000883c                PROVIDE (__ram_rwdata_start, ABSOLUTE (.))
                0x000000000000883c                . = ALIGN (0x4)
 *(.got.plt)
 *(.got)
 *(.data1)
 *(.data .data.* .gnu.linkonce.d.*)
 .data          0x000000000000883c        0x0 ../char_loop_bsp//obj/HAL/src/crt0.o
 .data          0x000000000000883c        0x0 obj/default/char_loop.o
 .data          0x000000000000883c        0x0 ../char_loop_bsp/\libhal_bsp.a(alt_getchar.o)
 .data          0x000000000000883c        0x0 ../char_loop_bsp/\libhal_bsp.a(alt_load.o)
 .data          0x000000000000883c        0x0 ../char_loop_bsp/\libhal_bsp.a(alt_main.o)
 .data          0x000000000000883c        0x0 ../char_loop_bsp/\libhal_bsp.a(alt_printf.o)
 .data          0x000000000000883c        0x0 ../char_loop_bsp/\libhal_bsp.a(alt_putchar.o)
 .data          0x000000000000883c        0x0 ../char_loop_bsp/\libhal_bsp.a(alt_putstr.o)
 .data          0x000000000000883c        0x0 ../char_loop_bsp/\libhal_bsp.a(alt_usleep.o)
 .data          0x000000000000883c        0x0 ../char_loop_bsp/\libhal_bsp.a(alt_sys_init.o)
 .data          0x000000000000883c        0x0 ../char_loop_bsp/\libhal_bsp.a(altera_avalon_jtag_uart_read.o)
 .data          0x000000000000883c        0x0 ../char_loop_bsp/\libhal_bsp.a(altera_avalon_jtag_uart_write.o)
 .data          0x000000000000883c        0x0 ../char_loop_bsp/\libhal_bsp.a(alt_busy_sleep.o)
 .data          0x000000000000883c        0x0 ../char_loop_bsp/\libhal_bsp.a(alt_dcache_flush_all.o)
 .data          0x000000000000883c       0x58 ../char_loop_bsp/\libhal_bsp.a(alt_dev.o)
                0x000000000000883c                alt_fd_list
                0x000000000000886c                alt_dev_null
 .data          0x0000000000008894        0x0 ../char_loop_bsp/\libhal_bsp.a(alt_icache_flush_all.o)
 .data          0x0000000000008894        0x0 ../char_loop_bsp/\libhal_bsp.a(altera_nios2_gen2_irq.o)
 .data          0x0000000000008894        0x0 ../char_loop_bsp/\libhal_bsp.a(alt_icache_flush.o)
 .data          0x0000000000008894        0x0 c:/intelfpga/17.0/nios2eds/bin/gnu/h-x86_64-mingw32/bin/../lib/gcc/nios2-elf/5.3.0/../../../../../H-x86_64-mingw32/nios2-elf/lib\libsmallc.a(lib_a-strlen.o)
 .data          0x0000000000008894        0x0 c:/intelfpga/17.0/nios2eds/bin/gnu/h-x86_64-mingw32/bin/../lib/gcc/nios2-elf/5.3.0\libgcc.a(lib2-divmod.o)
                0x0000000000010894                _gp = ABSOLUTE ((. + 0x8000))
                [!provide]                        PROVIDE (gp, _gp)
 *(.rwdata .rwdata.*)
 *(.sdata .sdata.* .gnu.linkonce.s.*)
 .sdata         0x0000000000008894        0x4 ../char_loop_bsp/\libhal_bsp.a(alt_sys_init.o)
                0x0000000000008894                jtag_uart
 .sdata         0x0000000000008898       0x14 ../char_loop_bsp/\libhal_bsp.a(alt_dev.o)
                0x0000000000008898                alt_max_fd
                0x000000000000889c                alt_dev_list
                0x00000000000088a4                alt_fs_list
 *(.sdata2 .sdata2.* .gnu.linkonce.s2.*)
                0x00000000000088ac                . = ALIGN (0x4)
                0x00000000000088ac                _edata = ABSOLUTE (.)
                [!provide]                        PROVIDE (edata, ABSOLUTE (.))
                0x00000000000088ac                PROVIDE (__ram_rwdata_end, ABSOLUTE (.))
                0x00000000000088ac                PROVIDE (__flash_rwdata_start, LOADADDR (.rwdata))

.bss            0x000000000000891c        0xc
                0x000000000000891c                __bss_start = ABSOLUTE (.)
                [!provide]                        PROVIDE (__sbss_start, ABSOLUTE (.))
                [!provide]                        PROVIDE (___sbss_start, ABSOLUTE (.))
 *(.dynsbss)
 *(.sbss .sbss.* .gnu.linkonce.sb.*)
 .sbss          0x000000000000891c        0xc ../char_loop_bsp/\libhal_bsp.a(alt_main.o)
                0x000000000000891c                alt_envp
                0x0000000000008920                alt_argv
                0x0000000000008924                alt_argc
 *(.sbss2 .sbss2.* .gnu.linkonce.sb2.*)
 *(.scommon)
                [!provide]                        PROVIDE (__sbss_end, ABSOLUTE (.))
                [!provide]                        PROVIDE (___sbss_end, ABSOLUTE (.))
 *(.dynbss)
 *(.bss .bss.* .gnu.linkonce.b.*)
 .bss           0x0000000000008928        0x0 ../char_loop_bsp//obj/HAL/src/crt0.o
 .bss           0x0000000000008928        0x0 obj/default/char_loop.o
 .bss           0x0000000000008928        0x0 ../char_loop_bsp/\libhal_bsp.a(alt_getchar.o)
 .bss           0x0000000000008928        0x0 ../char_loop_bsp/\libhal_bsp.a(alt_load.o)
 .bss           0x0000000000008928        0x0 ../char_loop_bsp/\libhal_bsp.a(alt_main.o)
 .bss           0x0000000000008928        0x0 ../char_loop_bsp/\libhal_bsp.a(alt_printf.o)
 .bss           0x0000000000008928        0x0 ../char_loop_bsp/\libhal_bsp.a(alt_putchar.o)
 .bss           0x0000000000008928        0x0 ../char_loop_bsp/\libhal_bsp.a(alt_putstr.o)
 .bss           0x0000000000008928        0x0 ../char_loop_bsp/\libhal_bsp.a(alt_usleep.o)
 .bss           0x0000000000008928        0x0 ../char_loop_bsp/\libhal_bsp.a(alt_sys_init.o)
 .bss           0x0000000000008928        0x0 ../char_loop_bsp/\libhal_bsp.a(altera_avalon_jtag_uart_read.o)
 .bss           0x0000000000008928        0x0 ../char_loop_bsp/\libhal_bsp.a(altera_avalon_jtag_uart_write.o)
 .bss           0x0000000000008928        0x0 ../char_loop_bsp/\libhal_bsp.a(alt_busy_sleep.o)
 .bss           0x0000000000008928        0x0 ../char_loop_bsp/\libhal_bsp.a(alt_dcache_flush_all.o)
 .bss           0x0000000000008928        0x0 ../char_loop_bsp/\libhal_bsp.a(alt_dev.o)
 .bss           0x0000000000008928        0x0 ../char_loop_bsp/\libhal_bsp.a(alt_icache_flush_all.o)
 .bss           0x0000000000008928        0x0 ../char_loop_bsp/\libhal_bsp.a(altera_nios2_gen2_irq.o)
 .bss           0x0000000000008928        0x0 ../char_loop_bsp/\libhal_bsp.a(alt_icache_flush.o)
 .bss           0x0000000000008928        0x0 c:/intelfpga/17.0/nios2eds/bin/gnu/h-x86_64-mingw32/bin/../lib/gcc/nios2-elf/5.3.0/../../../../../H-x86_64-mingw32/nios2-elf/lib\libsmallc.a(lib_a-strlen.o)
 .bss           0x0000000000008928        0x0 c:/intelfpga/17.0/nios2eds/bin/gnu/h-x86_64-mingw32/bin/../lib/gcc/nios2-elf/5.3.0\libgcc.a(lib2-divmod.o)
 *(COMMON)
                0x0000000000008928                . = ALIGN (0x4)
                0x0000000000008928                __bss_end = ABSOLUTE (.)

.onchip_mem     0x0000000000008928        0x0
                [!provide]                        PROVIDE (_alt_partition_onchip_mem_start, ABSOLUTE (.))
 *(.onchip_mem .onchip_mem. onchip_mem.*)
                0x0000000000008928                . = ALIGN (0x4)
                [!provide]                        PROVIDE (_alt_partition_onchip_mem_end, ABSOLUTE (.))
                0x0000000000008928                _end = ABSOLUTE (.)
                0x0000000000008928                end = ABSOLUTE (.)
                0x0000000000008928                __alt_stack_base = ABSOLUTE (.)
                [!provide]                        PROVIDE (_alt_partition_onchip_mem_load_addr, LOADADDR (.onchip_mem))

.stab
 *(.stab)

.stabstr
 *(.stabstr)

.stab.excl
 *(.stab.excl)

.stab.exclstr
 *(.stab.exclstr)

.stab.index
 *(.stab.index)

.stab.indexstr
 *(.stab.indexstr)

.comment        0x0000000000000000       0x23
 *(.comment)
 .comment       0x0000000000000000       0x23 obj/default/char_loop.o
                                         0x24 (size before relaxing)
 .comment       0x0000000000000023       0x24 ../char_loop_bsp/\libhal_bsp.a(alt_getchar.o)
 .comment       0x0000000000000023       0x24 ../char_loop_bsp/\libhal_bsp.a(alt_load.o)
 .comment       0x0000000000000023       0x24 ../char_loop_bsp/\libhal_bsp.a(alt_main.o)
 .comment       0x0000000000000023       0x24 ../char_loop_bsp/\libhal_bsp.a(alt_printf.o)
 .comment       0x0000000000000023       0x24 ../char_loop_bsp/\libhal_bsp.a(alt_putchar.o)
 .comment       0x0000000000000023       0x24 ../char_loop_bsp/\libhal_bsp.a(alt_putstr.o)
 .comment       0x0000000000000023       0x24 ../char_loop_bsp/\libhal_bsp.a(alt_usleep.o)
 .comment       0x0000000000000023       0x24 ../char_loop_bsp/\libhal_bsp.a(alt_sys_init.o)
 .comment       0x0000000000000023       0x24 ../char_loop_bsp/\libhal_bsp.a(altera_avalon_jtag_uart_read.o)
 .comment       0x0000000000000023       0x24 ../char_loop_bsp/\libhal_bsp.a(altera_avalon_jtag_uart_write.o)
 .comment       0x0000000000000023       0x24 ../char_loop_bsp/\libhal_bsp.a(alt_busy_sleep.o)
 .comment       0x0000000000000023       0x24 ../char_loop_bsp/\libhal_bsp.a(alt_dcache_flush_all.o)
 .comment       0x0000000000000023       0x24 ../char_loop_bsp/\libhal_bsp.a(alt_dev.o)
 .comment       0x0000000000000023       0x24 ../char_loop_bsp/\libhal_bsp.a(alt_icache_flush_all.o)
 .comment       0x0000000000000023       0x24 ../char_loop_bsp/\libhal_bsp.a(altera_nios2_gen2_irq.o)
 .comment       0x0000000000000023       0x24 ../char_loop_bsp/\libhal_bsp.a(alt_icache_flush.o)
 .comment       0x0000000000000023       0x24 c:/intelfpga/17.0/nios2eds/bin/gnu/h-x86_64-mingw32/bin/../lib/gcc/nios2-elf/5.3.0/../../../../../H-x86_64-mingw32/nios2-elf/lib\libsmallc.a(lib_a-strlen.o)
 .comment       0x0000000000000023       0x24 c:/intelfpga/17.0/nios2eds/bin/gnu/h-x86_64-mingw32/bin/../lib/gcc/nios2-elf/5.3.0\libgcc.a(lib2-divmod.o)

.debug
 *(.debug)

.line
 *(.line)

.debug_srcinfo
 *(.debug_srcinfo)

.debug_sfnames
 *(.debug_sfnames)

.debug_aranges  0x0000000000000000      0x288
 *(.debug_aranges)
 .debug_aranges
                0x0000000000000000       0x28 ../char_loop_bsp//obj/HAL/src/crt0.o
 .debug_aranges
                0x0000000000000028       0x20 obj/default/char_loop.o
 .debug_aranges
                0x0000000000000048       0x20 ../char_loop_bsp/\libhal_bsp.a(alt_getchar.o)
 .debug_aranges
                0x0000000000000068       0x20 ../char_loop_bsp/\libhal_bsp.a(alt_load.o)
 .debug_aranges
                0x0000000000000088       0x20 ../char_loop_bsp/\libhal_bsp.a(alt_main.o)
 .debug_aranges
                0x00000000000000a8       0x20 ../char_loop_bsp/\libhal_bsp.a(alt_printf.o)
 .debug_aranges
                0x00000000000000c8       0x20 ../char_loop_bsp/\libhal_bsp.a(alt_putchar.o)
 .debug_aranges
                0x00000000000000e8       0x20 ../char_loop_bsp/\libhal_bsp.a(alt_putstr.o)
 .debug_aranges
                0x0000000000000108       0x20 ../char_loop_bsp/\libhal_bsp.a(alt_usleep.o)
 .debug_aranges
                0x0000000000000128       0x20 ../char_loop_bsp/\libhal_bsp.a(alt_sys_init.o)
 .debug_aranges
                0x0000000000000148       0x20 ../char_loop_bsp/\libhal_bsp.a(altera_avalon_jtag_uart_read.o)
 .debug_aranges
                0x0000000000000168       0x20 ../char_loop_bsp/\libhal_bsp.a(altera_avalon_jtag_uart_write.o)
 .debug_aranges
                0x0000000000000188       0x20 ../char_loop_bsp/\libhal_bsp.a(alt_busy_sleep.o)
 .debug_aranges
                0x00000000000001a8       0x20 ../char_loop_bsp/\libhal_bsp.a(alt_dcache_flush_all.o)
 .debug_aranges
                0x00000000000001c8       0x20 ../char_loop_bsp/\libhal_bsp.a(alt_dev.o)
 .debug_aranges
                0x00000000000001e8       0x20 ../char_loop_bsp/\libhal_bsp.a(alt_icache_flush_all.o)
 .debug_aranges
                0x0000000000000208       0x20 ../char_loop_bsp/\libhal_bsp.a(altera_nios2_gen2_irq.o)
 .debug_aranges
                0x0000000000000228       0x20 ../char_loop_bsp/\libhal_bsp.a(alt_icache_flush.o)
 .debug_aranges
                0x0000000000000248       0x20 c:/intelfpga/17.0/nios2eds/bin/gnu/h-x86_64-mingw32/bin/../lib/gcc/nios2-elf/5.3.0/../../../../../H-x86_64-mingw32/nios2-elf/lib\libsmallc.a(lib_a-strlen.o)
 .debug_aranges
                0x0000000000000268       0x20 c:/intelfpga/17.0/nios2eds/bin/gnu/h-x86_64-mingw32/bin/../lib/gcc/nios2-elf/5.3.0\libgcc.a(lib2-divmod.o)

.debug_pubnames
 *(.debug_pubnames)

.debug_info     0x0000000000000000     0x1d4f
 *(.debug_info .gnu.linkonce.wi.*)
 .debug_info    0x0000000000000000       0x79 ../char_loop_bsp//obj/HAL/src/crt0.o
 .debug_info    0x0000000000000079      0x153 obj/default/char_loop.o
 .debug_info    0x00000000000001cc      0x32d ../char_loop_bsp/\libhal_bsp.a(alt_getchar.o)
 .debug_info    0x00000000000004f9      0x1c9 ../char_loop_bsp/\libhal_bsp.a(alt_load.o)
 .debug_info    0x00000000000006c2      0x169 ../char_loop_bsp/\libhal_bsp.a(alt_main.o)
 .debug_info    0x000000000000082b      0x14d ../char_loop_bsp/\libhal_bsp.a(alt_printf.o)
 .debug_info    0x0000000000000978      0x12a ../char_loop_bsp/\libhal_bsp.a(alt_putchar.o)
 .debug_info    0x0000000000000aa2      0x13a ../char_loop_bsp/\libhal_bsp.a(alt_putstr.o)
 .debug_info    0x0000000000000bdc       0xd1 ../char_loop_bsp/\libhal_bsp.a(alt_usleep.o)
 .debug_info    0x0000000000000cad      0x19d ../char_loop_bsp/\libhal_bsp.a(alt_sys_init.o)
 .debug_info    0x0000000000000e4a      0x1b4 ../char_loop_bsp/\libhal_bsp.a(altera_avalon_jtag_uart_read.o)
 .debug_info    0x0000000000000ffe      0x197 ../char_loop_bsp/\libhal_bsp.a(altera_avalon_jtag_uart_write.o)
 .debug_info    0x0000000000001195       0xd8 ../char_loop_bsp/\libhal_bsp.a(alt_busy_sleep.o)
 .debug_info    0x000000000000126d       0x92 ../char_loop_bsp/\libhal_bsp.a(alt_dcache_flush_all.o)
 .debug_info    0x00000000000012ff      0x499 ../char_loop_bsp/\libhal_bsp.a(alt_dev.o)
 .debug_info    0x0000000000001798       0xb8 ../char_loop_bsp/\libhal_bsp.a(alt_icache_flush_all.o)
 .debug_info    0x0000000000001850       0x92 ../char_loop_bsp/\libhal_bsp.a(altera_nios2_gen2_irq.o)
 .debug_info    0x00000000000018e2       0xde ../char_loop_bsp/\libhal_bsp.a(alt_icache_flush.o)
 .debug_info    0x00000000000019c0       0xc9 c:/intelfpga/17.0/nios2eds/bin/gnu/h-x86_64-mingw32/bin/../lib/gcc/nios2-elf/5.3.0/../../../../../H-x86_64-mingw32/nios2-elf/lib\libsmallc.a(lib_a-strlen.o)
 .debug_info    0x0000000000001a89      0x2c6 c:/intelfpga/17.0/nios2eds/bin/gnu/h-x86_64-mingw32/bin/../lib/gcc/nios2-elf/5.3.0\libgcc.a(lib2-divmod.o)

.debug_abbrev   0x0000000000000000      0xe10
 *(.debug_abbrev)
 .debug_abbrev  0x0000000000000000       0x12 ../char_loop_bsp//obj/HAL/src/crt0.o
 .debug_abbrev  0x0000000000000012       0xae obj/default/char_loop.o
 .debug_abbrev  0x00000000000000c0      0x11d ../char_loop_bsp/\libhal_bsp.a(alt_getchar.o)
 .debug_abbrev  0x00000000000001dd       0xd8 ../char_loop_bsp/\libhal_bsp.a(alt_load.o)
 .debug_abbrev  0x00000000000002b5       0xee ../char_loop_bsp/\libhal_bsp.a(alt_main.o)
 .debug_abbrev  0x00000000000003a3       0xd5 ../char_loop_bsp/\libhal_bsp.a(alt_printf.o)
 .debug_abbrev  0x0000000000000478       0xd2 ../char_loop_bsp/\libhal_bsp.a(alt_putchar.o)
 .debug_abbrev  0x000000000000054a       0xd3 ../char_loop_bsp/\libhal_bsp.a(alt_putstr.o)
 .debug_abbrev  0x000000000000061d       0x8d ../char_loop_bsp/\libhal_bsp.a(alt_usleep.o)
 .debug_abbrev  0x00000000000006aa      0x10e ../char_loop_bsp/\libhal_bsp.a(alt_sys_init.o)
 .debug_abbrev  0x00000000000007b8      0x102 ../char_loop_bsp/\libhal_bsp.a(altera_avalon_jtag_uart_read.o)
 .debug_abbrev  0x00000000000008ba       0xd5 ../char_loop_bsp/\libhal_bsp.a(altera_avalon_jtag_uart_write.o)
 .debug_abbrev  0x000000000000098f       0x8d ../char_loop_bsp/\libhal_bsp.a(alt_busy_sleep.o)
 .debug_abbrev  0x0000000000000a1c       0x42 ../char_loop_bsp/\libhal_bsp.a(alt_dcache_flush_all.o)
 .debug_abbrev  0x0000000000000a5e       0xd9 ../char_loop_bsp/\libhal_bsp.a(alt_dev.o)
 .debug_abbrev  0x0000000000000b37       0x6f ../char_loop_bsp/\libhal_bsp.a(alt_icache_flush_all.o)
 .debug_abbrev  0x0000000000000ba6       0x42 ../char_loop_bsp/\libhal_bsp.a(altera_nios2_gen2_irq.o)
 .debug_abbrev  0x0000000000000be8       0x9b ../char_loop_bsp/\libhal_bsp.a(alt_icache_flush.o)
 .debug_abbrev  0x0000000000000c83       0x7f c:/intelfpga/17.0/nios2eds/bin/gnu/h-x86_64-mingw32/bin/../lib/gcc/nios2-elf/5.3.0/../../../../../H-x86_64-mingw32/nios2-elf/lib\libsmallc.a(lib_a-strlen.o)
 .debug_abbrev  0x0000000000000d02      0x10e c:/intelfpga/17.0/nios2eds/bin/gnu/h-x86_64-mingw32/bin/../lib/gcc/nios2-elf/5.3.0\libgcc.a(lib2-divmod.o)

.debug_line     0x0000000000000000      0xef2
 *(.debug_line)
 .debug_line    0x0000000000000000       0x6c ../char_loop_bsp//obj/HAL/src/crt0.o
 .debug_line    0x000000000000006c      0x11a obj/default/char_loop.o
 .debug_line    0x0000000000000186       0xb7 ../char_loop_bsp/\libhal_bsp.a(alt_getchar.o)
 .debug_line    0x000000000000023d       0xa4 ../char_loop_bsp/\libhal_bsp.a(alt_load.o)
 .debug_line    0x00000000000002e1       0xbd ../char_loop_bsp/\libhal_bsp.a(alt_main.o)
 .debug_line    0x000000000000039e      0x10d ../char_loop_bsp/\libhal_bsp.a(alt_printf.o)
 .debug_line    0x00000000000004ab       0x55 ../char_loop_bsp/\libhal_bsp.a(alt_putchar.o)
 .debug_line    0x0000000000000500       0x9b ../char_loop_bsp/\libhal_bsp.a(alt_putstr.o)
 .debug_line    0x000000000000059b       0xca ../char_loop_bsp/\libhal_bsp.a(alt_usleep.o)
 .debug_line    0x0000000000000665      0x11a ../char_loop_bsp/\libhal_bsp.a(alt_sys_init.o)
 .debug_line    0x000000000000077f       0xfb ../char_loop_bsp/\libhal_bsp.a(altera_avalon_jtag_uart_read.o)
 .debug_line    0x000000000000087a       0xf0 ../char_loop_bsp/\libhal_bsp.a(altera_avalon_jtag_uart_write.o)
 .debug_line    0x000000000000096a       0xb3 ../char_loop_bsp/\libhal_bsp.a(alt_busy_sleep.o)
 .debug_line    0x0000000000000a1d       0x4e ../char_loop_bsp/\libhal_bsp.a(alt_dcache_flush_all.o)
 .debug_line    0x0000000000000a6b       0xf1 ../char_loop_bsp/\libhal_bsp.a(alt_dev.o)
 .debug_line    0x0000000000000b5c       0x6e ../char_loop_bsp/\libhal_bsp.a(alt_icache_flush_all.o)
 .debug_line    0x0000000000000bca       0x50 ../char_loop_bsp/\libhal_bsp.a(altera_nios2_gen2_irq.o)
 .debug_line    0x0000000000000c1a       0x7d ../char_loop_bsp/\libhal_bsp.a(alt_icache_flush.o)
 .debug_line    0x0000000000000c97      0x159 c:/intelfpga/17.0/nios2eds/bin/gnu/h-x86_64-mingw32/bin/../lib/gcc/nios2-elf/5.3.0/../../../../../H-x86_64-mingw32/nios2-elf/lib\libsmallc.a(lib_a-strlen.o)
 .debug_line    0x0000000000000df0      0x102 c:/intelfpga/17.0/nios2eds/bin/gnu/h-x86_64-mingw32/bin/../lib/gcc/nios2-elf/5.3.0\libgcc.a(lib2-divmod.o)

.debug_frame    0x0000000000000000      0x350
 *(.debug_frame)
 .debug_frame   0x0000000000000000       0x38 obj/default/char_loop.o
 .debug_frame   0x0000000000000038       0x2c ../char_loop_bsp/\libhal_bsp.a(alt_getchar.o)
 .debug_frame   0x0000000000000064       0x30 ../char_loop_bsp/\libhal_bsp.a(alt_load.o)
 .debug_frame   0x0000000000000094       0x2c ../char_loop_bsp/\libhal_bsp.a(alt_main.o)
 .debug_frame   0x00000000000000c0       0x54 ../char_loop_bsp/\libhal_bsp.a(alt_printf.o)
 .debug_frame   0x0000000000000114       0x30 ../char_loop_bsp/\libhal_bsp.a(alt_putchar.o)
 .debug_frame   0x0000000000000144       0x30 ../char_loop_bsp/\libhal_bsp.a(alt_putstr.o)
 .debug_frame   0x0000000000000174       0x20 ../char_loop_bsp/\libhal_bsp.a(alt_usleep.o)
 .debug_frame   0x0000000000000194       0x3c ../char_loop_bsp/\libhal_bsp.a(alt_sys_init.o)
 .debug_frame   0x00000000000001d0       0x20 ../char_loop_bsp/\libhal_bsp.a(altera_avalon_jtag_uart_read.o)
 .debug_frame   0x00000000000001f0       0x20 ../char_loop_bsp/\libhal_bsp.a(altera_avalon_jtag_uart_write.o)
 .debug_frame   0x0000000000000210       0x30 ../char_loop_bsp/\libhal_bsp.a(alt_busy_sleep.o)
 .debug_frame   0x0000000000000240       0x20 ../char_loop_bsp/\libhal_bsp.a(alt_dcache_flush_all.o)
 .debug_frame   0x0000000000000260       0x20 ../char_loop_bsp/\libhal_bsp.a(alt_dev.o)
 .debug_frame   0x0000000000000280       0x20 ../char_loop_bsp/\libhal_bsp.a(alt_icache_flush_all.o)
 .debug_frame   0x00000000000002a0       0x20 ../char_loop_bsp/\libhal_bsp.a(altera_nios2_gen2_irq.o)
 .debug_frame   0x00000000000002c0       0x20 ../char_loop_bsp/\libhal_bsp.a(alt_icache_flush.o)
 .debug_frame   0x00000000000002e0       0x20 c:/intelfpga/17.0/nios2eds/bin/gnu/h-x86_64-mingw32/bin/../lib/gcc/nios2-elf/5.3.0/../../../../../H-x86_64-mingw32/nios2-elf/lib\libsmallc.a(lib_a-strlen.o)
 .debug_frame   0x0000000000000300       0x50 c:/intelfpga/17.0/nios2eds/bin/gnu/h-x86_64-mingw32/bin/../lib/gcc/nios2-elf/5.3.0\libgcc.a(lib2-divmod.o)

.debug_str      0x0000000000000000      0xa3c
 *(.debug_str)
 .debug_str     0x0000000000000000      0x12d obj/default/char_loop.o
                                        0x16b (size before relaxing)
 .debug_str     0x000000000000012d      0x12c ../char_loop_bsp/\libhal_bsp.a(alt_getchar.o)
                                        0x23e (size before relaxing)
 .debug_str     0x0000000000000259      0x11b ../char_loop_bsp/\libhal_bsp.a(alt_load.o)
                                        0x244 (size before relaxing)
 .debug_str     0x0000000000000374       0x5e ../char_loop_bsp/\libhal_bsp.a(alt_main.o)
                                        0x1bd (size before relaxing)
 .debug_str     0x00000000000003d2       0x59 ../char_loop_bsp/\libhal_bsp.a(alt_printf.o)
                                        0x10e (size before relaxing)
 .debug_str     0x000000000000042b       0x34 ../char_loop_bsp/\libhal_bsp.a(alt_putchar.o)
                                        0x193 (size before relaxing)
 .debug_str     0x000000000000045f       0x1c ../char_loop_bsp/\libhal_bsp.a(alt_putstr.o)
                                        0x198 (size before relaxing)
 .debug_str     0x000000000000047b       0x2f ../char_loop_bsp/\libhal_bsp.a(alt_usleep.o)
                                        0x15f (size before relaxing)
 .debug_str     0x00000000000004aa       0xb9 ../char_loop_bsp/\libhal_bsp.a(alt_sys_init.o)
                                        0x264 (size before relaxing)
 .debug_str     0x0000000000000563       0x3d ../char_loop_bsp/\libhal_bsp.a(altera_avalon_jtag_uart_read.o)
                                        0x227 (size before relaxing)
 .debug_str     0x00000000000005a0       0x32 ../char_loop_bsp/\libhal_bsp.a(altera_avalon_jtag_uart_write.o)
                                        0x21d (size before relaxing)
 .debug_str     0x00000000000005d2       0x33 ../char_loop_bsp/\libhal_bsp.a(alt_busy_sleep.o)
                                        0x173 (size before relaxing)
 .debug_str     0x0000000000000605       0x1f ../char_loop_bsp/\libhal_bsp.a(alt_dcache_flush_all.o)
                                        0x15d (size before relaxing)
 .debug_str     0x0000000000000624      0x120 ../char_loop_bsp/\libhal_bsp.a(alt_dev.o)
                                        0x30d (size before relaxing)
 .debug_str     0x0000000000000744       0x30 ../char_loop_bsp/\libhal_bsp.a(alt_icache_flush_all.o)
                                        0x16e (size before relaxing)
 .debug_str     0x0000000000000774       0x20 ../char_loop_bsp/\libhal_bsp.a(altera_nios2_gen2_irq.o)
                                        0x164 (size before relaxing)
 .debug_str     0x0000000000000794       0x1b ../char_loop_bsp/\libhal_bsp.a(alt_icache_flush.o)
                                        0x163 (size before relaxing)
 .debug_str     0x00000000000007af      0x120 c:/intelfpga/17.0/nios2eds/bin/gnu/h-x86_64-mingw32/bin/../lib/gcc/nios2-elf/5.3.0/../../../../../H-x86_64-mingw32/nios2-elf/lib\libsmallc.a(lib_a-strlen.o)
                                        0x1cb (size before relaxing)
 .debug_str     0x00000000000008cf      0x16d c:/intelfpga/17.0/nios2eds/bin/gnu/h-x86_64-mingw32/bin/../lib/gcc/nios2-elf/5.3.0\libgcc.a(lib2-divmod.o)
                                        0x1b8 (size before relaxing)

.debug_loc      0x0000000000000000      0x9b7
 *(.debug_loc)
 .debug_loc     0x0000000000000000       0x29 obj/default/char_loop.o
 .debug_loc     0x0000000000000029      0x1de ../char_loop_bsp/\libhal_bsp.a(alt_printf.o)
 .debug_loc     0x0000000000000207       0x2c ../char_loop_bsp/\libhal_bsp.a(alt_putchar.o)
 .debug_loc     0x0000000000000233       0x37 ../char_loop_bsp/\libhal_bsp.a(alt_putstr.o)
 .debug_loc     0x000000000000026a       0x21 ../char_loop_bsp/\libhal_bsp.a(alt_usleep.o)
 .debug_loc     0x000000000000028b       0x21 ../char_loop_bsp/\libhal_bsp.a(alt_sys_init.o)
 .debug_loc     0x00000000000002ac       0xcd ../char_loop_bsp/\libhal_bsp.a(altera_avalon_jtag_uart_read.o)
 .debug_loc     0x0000000000000379       0x8b ../char_loop_bsp/\libhal_bsp.a(altera_avalon_jtag_uart_write.o)
 .debug_loc     0x0000000000000404       0x75 ../char_loop_bsp/\libhal_bsp.a(alt_busy_sleep.o)
 .debug_loc     0x0000000000000479       0x52 ../char_loop_bsp/\libhal_bsp.a(alt_icache_flush.o)
 .debug_loc     0x00000000000004cb       0x1e c:/intelfpga/17.0/nios2eds/bin/gnu/h-x86_64-mingw32/bin/../lib/gcc/nios2-elf/5.3.0/../../../../../H-x86_64-mingw32/nios2-elf/lib\libsmallc.a(lib_a-strlen.o)
 .debug_loc     0x00000000000004e9      0x4ce c:/intelfpga/17.0/nios2eds/bin/gnu/h-x86_64-mingw32/bin/../lib/gcc/nios2-elf/5.3.0\libgcc.a(lib2-divmod.o)

.debug_macinfo
 *(.debug_macinfo)

.debug_weaknames
 *(.debug_weaknames)

.debug_funcnames
 *(.debug_funcnames)

.debug_typenames
 *(.debug_typenames)

.debug_varnames
 *(.debug_varnames)

.debug_alt_sim_info
                0x0000000000000000       0x50
 *(.debug_alt_sim_info)
 .debug_alt_sim_info
                0x0000000000000000       0x20 ../char_loop_bsp//obj/HAL/src/crt0.o
 .debug_alt_sim_info
                0x0000000000000020       0x30 ../char_loop_bsp/\libhal_bsp.a(alt_busy_sleep.o)
                0x000000000000d000                __alt_data_end = 0xd000
                0x000000000000d000                PROVIDE (__alt_stack_pointer, __alt_data_end)
                [!provide]                        PROVIDE (__alt_stack_limit, __alt_stack_base)
                [!provide]                        PROVIDE (__alt_heap_start, end)
                [!provide]                        PROVIDE (__alt_heap_limit, 0xd000)
OUTPUT(char_loop.elf elf32-littlenios2)

.debug_ranges   0x0000000000000000      0x130
 .debug_ranges  0x0000000000000000       0x20 ../char_loop_bsp//obj/HAL/src/crt0.o
 .debug_ranges  0x0000000000000020       0x10 obj/default/char_loop.o
 .debug_ranges  0x0000000000000030       0x48 ../char_loop_bsp/\libhal_bsp.a(alt_load.o)
 .debug_ranges  0x0000000000000078       0x18 ../char_loop_bsp/\libhal_bsp.a(alt_printf.o)
 .debug_ranges  0x0000000000000090       0x20 ../char_loop_bsp/\libhal_bsp.a(altera_avalon_jtag_uart_read.o)
 .debug_ranges  0x00000000000000b0       0x10 ../char_loop_bsp/\libhal_bsp.a(alt_icache_flush.o)
 .debug_ranges  0x00000000000000c0       0x10 c:/intelfpga/17.0/nios2eds/bin/gnu/h-x86_64-mingw32/bin/../lib/gcc/nios2-elf/5.3.0/../../../../../H-x86_64-mingw32/nios2-elf/lib\libsmallc.a(lib_a-strlen.o)
 .debug_ranges  0x00000000000000d0       0x60 c:/intelfpga/17.0/nios2eds/bin/gnu/h-x86_64-mingw32/bin/../lib/gcc/nios2-elf/5.3.0\libgcc.a(lib2-divmod.o)
