Archive member included to satisfy reference by file (symbol)

../GPIO3_bsp/\libhal_bsp.a(alt_load.o)
                              ../GPIO3_bsp//obj/HAL/src/crt0.o (alt_load)
../GPIO3_bsp/\libhal_bsp.a(alt_main.o)
                              ../GPIO3_bsp//obj/HAL/src/crt0.o (alt_main)
../GPIO3_bsp/\libhal_bsp.a(alt_usleep.o)
                              obj/default/main.o (usleep)
../GPIO3_bsp/\libhal_bsp.a(alt_sys_init.o)
                              ../GPIO3_bsp/\libhal_bsp.a(alt_main.o) (alt_irq_init)
../GPIO3_bsp/\libhal_bsp.a(altera_avalon_jtag_uart_fd.o)
                              ../GPIO3_bsp/\libhal_bsp.a(alt_sys_init.o) (altera_avalon_jtag_uart_read_fd)
../GPIO3_bsp/\libhal_bsp.a(altera_avalon_jtag_uart_read.o)
                              ../GPIO3_bsp/\libhal_bsp.a(altera_avalon_jtag_uart_fd.o) (altera_avalon_jtag_uart_read)
../GPIO3_bsp/\libhal_bsp.a(altera_avalon_jtag_uart_write.o)
                              ../GPIO3_bsp/\libhal_bsp.a(altera_avalon_jtag_uart_fd.o) (altera_avalon_jtag_uart_write)
../GPIO3_bsp/\libhal_bsp.a(altera_avalon_timer_sc.o)
                              ../GPIO3_bsp/\libhal_bsp.a(alt_sys_init.o) (alt_avalon_timer_sc_init)
../GPIO3_bsp/\libhal_bsp.a(alt_busy_sleep.o)
                              ../GPIO3_bsp/\libhal_bsp.a(alt_usleep.o) (alt_busy_sleep)
../GPIO3_bsp/\libhal_bsp.a(alt_close.o)
                              ../GPIO3_bsp/\libhal_bsp.a(alt_main.o) (close)
../GPIO3_bsp/\libhal_bsp.a(alt_dcache_flush_all.o)
                              ../GPIO3_bsp/\libhal_bsp.a(alt_load.o) (alt_dcache_flush_all)
../GPIO3_bsp/\libhal_bsp.a(alt_dev.o)
                              ../GPIO3_bsp/\libhal_bsp.a(alt_sys_init.o) (alt_dev_list)
../GPIO3_bsp/\libhal_bsp.a(alt_dev_llist_insert.o)
                              ../GPIO3_bsp/\libhal_bsp.a(alt_sys_init.o) (alt_dev_llist_insert)
../GPIO3_bsp/\libhal_bsp.a(alt_errno.o)
                              ../GPIO3_bsp/\libhal_bsp.a(alt_close.o) (alt_errno)
../GPIO3_bsp/\libhal_bsp.a(alt_icache_flush_all.o)
                              ../GPIO3_bsp/\libhal_bsp.a(alt_load.o) (alt_icache_flush_all)
../GPIO3_bsp/\libhal_bsp.a(alt_iic.o)
                              ../GPIO3_bsp/\libhal_bsp.a(altera_avalon_timer_sc.o) (alt_ic_isr_register)
../GPIO3_bsp/\libhal_bsp.a(alt_iic_isr_register.o)
                              ../GPIO3_bsp/\libhal_bsp.a(alt_iic.o) (alt_iic_isr_register)
../GPIO3_bsp/\libhal_bsp.a(alt_io_redirect.o)
                              ../GPIO3_bsp/\libhal_bsp.a(alt_main.o) (alt_io_redirect)
../GPIO3_bsp/\libhal_bsp.a(alt_irq_entry.o)
                              ../GPIO3_bsp/\libhal_bsp.a(alt_iic_isr_register.o) (alt_irq_entry)
../GPIO3_bsp/\libhal_bsp.a(alt_irq_handler.o)
                              ../GPIO3_bsp/\libhal_bsp.a(alt_iic_isr_register.o) (alt_irq)
../GPIO3_bsp/\libhal_bsp.a(alt_irq_vars.o)
                              ../GPIO3_bsp/\libhal_bsp.a(alt_iic.o) (alt_irq_active)
../GPIO3_bsp/\libhal_bsp.a(alt_open.o)
                              ../GPIO3_bsp/\libhal_bsp.a(alt_io_redirect.o) (open)
../GPIO3_bsp/\libhal_bsp.a(alt_release_fd.o)
                              ../GPIO3_bsp/\libhal_bsp.a(alt_close.o) (alt_release_fd)
../GPIO3_bsp/\libhal_bsp.a(alt_tick.o)
                              ../GPIO3_bsp/\libhal_bsp.a(altera_avalon_timer_sc.o) (_alt_tick_rate)
../GPIO3_bsp/\libhal_bsp.a(altera_nios2_gen2_irq.o)
                              ../GPIO3_bsp/\libhal_bsp.a(alt_sys_init.o) (altera_nios2_gen2_irq_init)
../GPIO3_bsp/\libhal_bsp.a(alt_exception_entry.o)
                              ../GPIO3_bsp/\libhal_bsp.a(alt_irq_entry.o) (alt_exception)
../GPIO3_bsp/\libhal_bsp.a(alt_find_dev.o)
                              ../GPIO3_bsp/\libhal_bsp.a(alt_open.o) (alt_find_dev)
../GPIO3_bsp/\libhal_bsp.a(alt_find_file.o)
                              ../GPIO3_bsp/\libhal_bsp.a(alt_open.o) (alt_find_file)
../GPIO3_bsp/\libhal_bsp.a(alt_get_fd.o)
                              ../GPIO3_bsp/\libhal_bsp.a(alt_open.o) (alt_get_fd)
../GPIO3_bsp/\libhal_bsp.a(alt_icache_flush.o)
                              ../GPIO3_bsp/\libhal_bsp.a(alt_icache_flush_all.o) (alt_icache_flush)
../GPIO3_bsp/\libhal_bsp.a(alt_instruction_exception_entry.o)
                              ../GPIO3_bsp/\libhal_bsp.a(alt_exception_entry.o) (alt_instruction_exception_entry)
c:/intelfpga/17.0/nios2eds/bin/gnu/h-x86_64-mingw32/bin/../lib/gcc/nios2-elf/5.3.0/../../../../../H-x86_64-mingw32/nios2-elf/lib\libsmallc.a(lib_a-exit.o)
                              ../GPIO3_bsp/\libhal_bsp.a(alt_main.o) (exit)
c:/intelfpga/17.0/nios2eds/bin/gnu/h-x86_64-mingw32/bin/../lib/gcc/nios2-elf/5.3.0/../../../../../H-x86_64-mingw32/nios2-elf/lib\libsmallc.a(lib_a-int_errno.o)
                              ../GPIO3_bsp/\libhal_bsp.a(alt_close.o) (errno)
c:/intelfpga/17.0/nios2eds/bin/gnu/h-x86_64-mingw32/bin/../lib/gcc/nios2-elf/5.3.0/../../../../../H-x86_64-mingw32/nios2-elf/lib\libsmallc.a(lib_a-memcmp.o)
                              ../GPIO3_bsp/\libhal_bsp.a(alt_find_dev.o) (memcmp)
c:/intelfpga/17.0/nios2eds/bin/gnu/h-x86_64-mingw32/bin/../lib/gcc/nios2-elf/5.3.0/../../../../../H-x86_64-mingw32/nios2-elf/lib\libsmallc.a(lib_a-strlen.o)
                              ../GPIO3_bsp/\libhal_bsp.a(alt_find_dev.o) (strlen)
c:/intelfpga/17.0/nios2eds/bin/gnu/h-x86_64-mingw32/bin/../lib/gcc/nios2-elf/5.3.0/../../../../../H-x86_64-mingw32/nios2-elf/lib\libsmallc.a(lib_a-__call_atexit.o)
                              c:/intelfpga/17.0/nios2eds/bin/gnu/h-x86_64-mingw32/bin/../lib/gcc/nios2-elf/5.3.0/../../../../../H-x86_64-mingw32/nios2-elf/lib\libsmallc.a(lib_a-exit.o) (__call_exitprocs)
c:/intelfpga/17.0/nios2eds/bin/gnu/h-x86_64-mingw32/bin/../lib/gcc/nios2-elf/5.3.0/../../../../../H-x86_64-mingw32/nios2-elf/lib\libsmallc.a(lib_a-impure.o)
                              c:/intelfpga/17.0/nios2eds/bin/gnu/h-x86_64-mingw32/bin/../lib/gcc/nios2-elf/5.3.0/../../../../../H-x86_64-mingw32/nios2-elf/lib\libsmallc.a(lib_a-__call_atexit.o) (_global_impure_ptr)
c:/intelfpga/17.0/nios2eds/bin/gnu/h-x86_64-mingw32/bin/../lib/gcc/nios2-elf/5.3.0\libgcc.a(lib2-divmod.o)
                              ../GPIO3_bsp/\libhal_bsp.a(alt_busy_sleep.o) (__udivsi3)
../GPIO3_bsp/\libhal_bsp.a(alt_exit.o)
                              c:/intelfpga/17.0/nios2eds/bin/gnu/h-x86_64-mingw32/bin/../lib/gcc/nios2-elf/5.3.0/../../../../../H-x86_64-mingw32/nios2-elf/lib\libsmallc.a(lib_a-exit.o) (_exit)

Allocating common symbols
Common symbol       size              file

alt_irq             0x100             ../GPIO3_bsp/\libhal_bsp.a(alt_irq_handler.o)
errno               0x4               c:/intelfpga/17.0/nios2eds/bin/gnu/h-x86_64-mingw32/bin/../lib/gcc/nios2-elf/5.3.0/../../../../../H-x86_64-mingw32/nios2-elf/lib\libsmallc.a(lib_a-int_errno.o)

Memory Configuration

Name             Origin             Length             Attributes
reset            0x0000000000008000 0x0000000000000020
onchip_mem       0x0000000000008020 0x0000000000004fe0
*default*        0x0000000000000000 0xffffffffffffffff

Linker script and memory map

LOAD ../GPIO3_bsp//obj/HAL/src/crt0.o
LOAD obj/default/main.o
LOAD c:/intelfpga/17.0/nios2eds/bin/gnu/h-x86_64-mingw32/bin/../lib/gcc/nios2-elf/5.3.0/../../../../../H-x86_64-mingw32/nios2-elf/lib\libstdc++.a
LOAD c:/intelfpga/17.0/nios2eds/bin/gnu/h-x86_64-mingw32/bin/../lib/gcc/nios2-elf/5.3.0/../../../../../H-x86_64-mingw32/nios2-elf/lib\libm.a
LOAD c:/intelfpga/17.0/nios2eds/bin/gnu/h-x86_64-mingw32/bin/../lib/gcc/nios2-elf/5.3.0\libgcc.a
START GROUP
LOAD c:/intelfpga/17.0/nios2eds/bin/gnu/h-x86_64-mingw32/bin/../lib/gcc/nios2-elf/5.3.0/../../../../../H-x86_64-mingw32/nios2-elf/lib\libsmallc.a
LOAD c:/intelfpga/17.0/nios2eds/bin/gnu/h-x86_64-mingw32/bin/../lib/gcc/nios2-elf/5.3.0\libgcc.a
LOAD ../GPIO3_bsp/\libhal_bsp.a
LOAD c:/intelfpga/17.0/nios2eds/bin/gnu/h-x86_64-mingw32/bin/../lib/gcc/nios2-elf/5.3.0/../../../../../H-x86_64-mingw32/nios2-elf/lib\libm.a
END GROUP
LOAD c:/intelfpga/17.0/nios2eds/bin/gnu/h-x86_64-mingw32/bin/../lib/gcc/nios2-elf/5.3.0\libgcc.a
                0x0000000000008000                __alt_mem_onchip_mem = 0x8000

.entry          0x0000000000008000       0x20
 *(.entry)
 .entry         0x0000000000008000       0x20 ../GPIO3_bsp//obj/HAL/src/crt0.o
                0x0000000000008000                __reset

.exceptions     0x0000000000008020      0x224
                0x0000000000008020                PROVIDE (__ram_exceptions_start, ABSOLUTE (.))
                0x0000000000008020                . = ALIGN (0x20)
 *(.irq)
 *(.exceptions.entry.label)
 .exceptions.entry.label
                0x0000000000008020        0x0 ../GPIO3_bsp/\libhal_bsp.a(alt_irq_entry.o)
                0x0000000000008020                alt_irq_entry
 .exceptions.entry.label
                0x0000000000008020        0x0 ../GPIO3_bsp/\libhal_bsp.a(alt_exception_entry.o)
                0x0000000000008020                alt_exception
 *(.exceptions.entry.user)
 *(.exceptions.entry.ecc_fatal)
 *(.exceptions.entry)
 .exceptions.entry
                0x0000000000008020       0x54 ../GPIO3_bsp/\libhal_bsp.a(alt_exception_entry.o)
 *(.exceptions.irqtest.user)
 *(.exceptions.irqtest)
 .exceptions.irqtest
                0x0000000000008074       0x10 ../GPIO3_bsp/\libhal_bsp.a(alt_irq_entry.o)
 *(.exceptions.irqhandler.user)
 *(.exceptions.irqhandler)
 .exceptions.irqhandler
                0x0000000000008084        0x4 ../GPIO3_bsp/\libhal_bsp.a(alt_irq_entry.o)
 *(.exceptions.irqreturn.user)
 *(.exceptions.irqreturn)
 .exceptions.irqreturn
                0x0000000000008088        0x4 ../GPIO3_bsp/\libhal_bsp.a(alt_irq_entry.o)
 *(.exceptions.notirq.label)
 .exceptions.notirq.label
                0x000000000000808c        0x0 ../GPIO3_bsp/\libhal_bsp.a(alt_irq_entry.o)
 *(.exceptions.notirq.user)
 *(.exceptions.notirq)
 .exceptions.notirq
                0x000000000000808c        0x8 ../GPIO3_bsp/\libhal_bsp.a(alt_exception_entry.o)
 *(.exceptions.soft.user)
 *(.exceptions.soft)
 *(.exceptions.unknown.user)
 *(.exceptions.unknown)
 .exceptions.unknown
                0x0000000000008094       0x14 ../GPIO3_bsp/\libhal_bsp.a(alt_exception_entry.o)
 *(.exceptions.exit.label)
 .exceptions.exit.label
                0x00000000000080a8        0x0 ../GPIO3_bsp/\libhal_bsp.a(alt_irq_entry.o)
 .exceptions.exit.label
                0x00000000000080a8        0x0 ../GPIO3_bsp/\libhal_bsp.a(alt_exception_entry.o)
 *(.exceptions.exit.user)
 *(.exceptions.exit)
 .exceptions.exit
                0x00000000000080a8       0x54 ../GPIO3_bsp/\libhal_bsp.a(alt_exception_entry.o)
 *(.exceptions)
 .exceptions    0x00000000000080fc       0xd4 ../GPIO3_bsp/\libhal_bsp.a(alt_irq_handler.o)
                0x00000000000080fc                alt_irq_handler
 .exceptions    0x00000000000081d0       0x74 ../GPIO3_bsp/\libhal_bsp.a(alt_instruction_exception_entry.o)
                0x00000000000081d0                alt_instruction_exception_entry
                0x0000000000008244                PROVIDE (__ram_exceptions_end, ABSOLUTE (.))
                0x0000000000008020                PROVIDE (__flash_exceptions_start, LOADADDR (.exceptions))

.text           0x0000000000008244     0x1958
                [!provide]                        PROVIDE (stext, ABSOLUTE (.))
 *(.interp)
 *(.hash)
 *(.dynsym)
 *(.dynstr)
 *(.gnu.version)
 *(.gnu.version_d)
 *(.gnu.version_r)
 *(.rel.init)
 *(.rela.init)
 *(.rel.text .rel.text.* .rel.gnu.linkonce.t.*)
 *(.rela.text .rela.text.* .rela.gnu.linkonce.t.*)
 *(.rel.fini)
 *(.rela.fini)
 *(.rel.rodata .rel.rodata.* .rel.gnu.linkonce.r.*)
 *(.rela.rodata .rela.rodata.* .rela.gnu.linkonce.r.*)
 *(.rel.data .rel.data.* .rel.gnu.linkonce.d.*)
 *(.rela.data .rela.data.* .rela.gnu.linkonce.d.*)
 *(.rel.tdata .rel.tdata.* .rel.gnu.linkonce.td.*)
 *(.rela.tdata .rela.tdata.* .rela.gnu.linkonce.td.*)
 *(.rel.tbss .rel.tbss.* .rel.gnu.linkonce.tb.*)
 *(.rela.tbss .rela.tbss.* .rela.gnu.linkonce.tb.*)
 *(.rel.ctors)
 *(.rela.ctors)
 *(.rel.dtors)
 *(.rela.dtors)
 *(.rel.got)
 *(.rela.got)
 *(.rel.sdata .rel.sdata.* .rel.gnu.linkonce.s.*)
 *(.rela.sdata .rela.sdata.* .rela.gnu.linkonce.s.*)
 *(.rel.sbss .rel.sbss.* .rel.gnu.linkonce.sb.*)
 *(.rela.sbss .rela.sbss.* .rela.gnu.linkonce.sb.*)
 *(.rel.sdata2 .rel.sdata2.* .rel.gnu.linkonce.s2.*)
 *(.rela.sdata2 .rela.sdata2.* .rela.gnu.linkonce.s2.*)
 *(.rel.sbss2 .rel.sbss2.* .rel.gnu.linkonce.sb2.*)
 *(.rela.sbss2 .rela.sbss2.* .rela.gnu.linkonce.sb2.*)
 *(.rel.bss .rel.bss.* .rel.gnu.linkonce.b.*)
 *(.rela.bss .rela.bss.* .rela.gnu.linkonce.b.*)
 *(.rel.plt)
 *(.rela.plt)
 *(.rel.dyn)
 *(.init)
 *(.plt)
 *(.text .stub .text.* .gnu.linkonce.t.*)
 .text          0x0000000000008244       0x3c ../GPIO3_bsp//obj/HAL/src/crt0.o
                0x0000000000008244                _start
 .text          0x0000000000008280       0x34 obj/default/main.o
                0x0000000000008280                main
 .text          0x00000000000082b4       0xec ../GPIO3_bsp/\libhal_bsp.a(alt_load.o)
                0x000000000000831c                alt_load
 .text          0x00000000000083a0       0x6c ../GPIO3_bsp/\libhal_bsp.a(alt_main.o)
                0x00000000000083a0                alt_main
 .text          0x000000000000840c       0x30 ../GPIO3_bsp/\libhal_bsp.a(alt_usleep.o)
                0x000000000000840c                usleep
 .text          0x000000000000843c       0xbc ../GPIO3_bsp/\libhal_bsp.a(alt_sys_init.o)
                0x0000000000008470                alt_irq_init
                0x00000000000084a8                alt_sys_init
 .text          0x00000000000084f8       0xc0 ../GPIO3_bsp/\libhal_bsp.a(altera_avalon_jtag_uart_fd.o)
                0x00000000000084f8                altera_avalon_jtag_uart_read_fd
                0x0000000000008558                altera_avalon_jtag_uart_write_fd
 .text          0x00000000000085b8       0xec ../GPIO3_bsp/\libhal_bsp.a(altera_avalon_jtag_uart_read.o)
                0x00000000000085b8                altera_avalon_jtag_uart_read
 .text          0x00000000000086a4       0x94 ../GPIO3_bsp/\libhal_bsp.a(altera_avalon_jtag_uart_write.o)
                0x00000000000086a4                altera_avalon_jtag_uart_write
 .text          0x0000000000008738       0xf4 ../GPIO3_bsp/\libhal_bsp.a(altera_avalon_timer_sc.o)
                0x00000000000087b0                alt_avalon_timer_sc_init
 .text          0x000000000000882c      0x158 ../GPIO3_bsp/\libhal_bsp.a(alt_busy_sleep.o)
                0x000000000000882c                alt_busy_sleep
 .text          0x0000000000008984      0x10c ../GPIO3_bsp/\libhal_bsp.a(alt_close.o)
                0x00000000000089c0                close
 .text          0x0000000000008a90       0x20 ../GPIO3_bsp/\libhal_bsp.a(alt_dcache_flush_all.o)
                0x0000000000008a90                alt_dcache_flush_all
 .text          0x0000000000008ab0       0x2c ../GPIO3_bsp/\libhal_bsp.a(alt_dev.o)
 .text          0x0000000000008adc       0xe0 ../GPIO3_bsp/\libhal_bsp.a(alt_dev_llist_insert.o)
                0x0000000000008b18                alt_dev_llist_insert
 .text          0x0000000000008bbc        0x0 ../GPIO3_bsp/\libhal_bsp.a(alt_errno.o)
 .text          0x0000000000008bbc       0x34 ../GPIO3_bsp/\libhal_bsp.a(alt_icache_flush_all.o)
                0x0000000000008bbc                alt_icache_flush_all
 .text          0x0000000000008bf0      0x1b0 ../GPIO3_bsp/\libhal_bsp.a(alt_iic.o)
                0x0000000000008bf0                alt_ic_isr_register
                0x0000000000008c40                alt_ic_irq_enable
                0x0000000000008cc8                alt_ic_irq_disable
                0x0000000000008d54                alt_ic_irq_enabled
 .text          0x0000000000008da0       0xf0 ../GPIO3_bsp/\libhal_bsp.a(alt_iic_isr_register.o)
                0x0000000000008da0                alt_iic_isr_register
 .text          0x0000000000008e90      0x140 ../GPIO3_bsp/\libhal_bsp.a(alt_io_redirect.o)
                0x0000000000008f54                alt_io_redirect
 .text          0x0000000000008fd0        0x0 ../GPIO3_bsp/\libhal_bsp.a(alt_irq_entry.o)
 .text          0x0000000000008fd0        0x0 ../GPIO3_bsp/\libhal_bsp.a(alt_irq_handler.o)
 .text          0x0000000000008fd0        0x0 ../GPIO3_bsp/\libhal_bsp.a(alt_irq_vars.o)
 .text          0x0000000000008fd0      0x254 ../GPIO3_bsp/\libhal_bsp.a(alt_open.o)
                0x00000000000090d0                open
 .text          0x0000000000009224       0x64 ../GPIO3_bsp/\libhal_bsp.a(alt_release_fd.o)
                0x0000000000009224                alt_release_fd
 .text          0x0000000000009288      0x1a4 ../GPIO3_bsp/\libhal_bsp.a(alt_tick.o)
                0x0000000000009288                alt_alarm_stop
                0x0000000000009324                alt_tick
 .text          0x000000000000942c       0x24 ../GPIO3_bsp/\libhal_bsp.a(altera_nios2_gen2_irq.o)
                0x000000000000942c                altera_nios2_gen2_irq_init
 .text          0x0000000000009450        0x0 ../GPIO3_bsp/\libhal_bsp.a(alt_exception_entry.o)
 .text          0x0000000000009450       0x90 ../GPIO3_bsp/\libhal_bsp.a(alt_find_dev.o)
                0x0000000000009450                alt_find_dev
 .text          0x00000000000094e0      0x108 ../GPIO3_bsp/\libhal_bsp.a(alt_find_file.o)
                0x00000000000094e0                alt_find_file
 .text          0x00000000000095e8       0xa4 ../GPIO3_bsp/\libhal_bsp.a(alt_get_fd.o)
                0x00000000000095e8                alt_get_fd
 .text          0x000000000000968c       0x90 ../GPIO3_bsp/\libhal_bsp.a(alt_icache_flush.o)
                0x000000000000968c                alt_icache_flush
 .text          0x000000000000971c       0x9c ../GPIO3_bsp/\libhal_bsp.a(alt_instruction_exception_entry.o)
                0x000000000000971c                alt_exception_cause_generated_bad_addr
 .text          0x00000000000097b8        0x0 c:/intelfpga/17.0/nios2eds/bin/gnu/h-x86_64-mingw32/bin/../lib/gcc/nios2-elf/5.3.0/../../../../../H-x86_64-mingw32/nios2-elf/lib\libsmallc.a(lib_a-exit.o)
 .text.exit     0x00000000000097b8       0x20 c:/intelfpga/17.0/nios2eds/bin/gnu/h-x86_64-mingw32/bin/../lib/gcc/nios2-elf/5.3.0/../../../../../H-x86_64-mingw32/nios2-elf/lib\libsmallc.a(lib_a-exit.o)
                0x00000000000097b8                exit
 .text          0x00000000000097d8        0x0 c:/intelfpga/17.0/nios2eds/bin/gnu/h-x86_64-mingw32/bin/../lib/gcc/nios2-elf/5.3.0/../../../../../H-x86_64-mingw32/nios2-elf/lib\libsmallc.a(lib_a-int_errno.o)
 .text          0x00000000000097d8        0x0 c:/intelfpga/17.0/nios2eds/bin/gnu/h-x86_64-mingw32/bin/../lib/gcc/nios2-elf/5.3.0/../../../../../H-x86_64-mingw32/nios2-elf/lib\libsmallc.a(lib_a-memcmp.o)
 .text.memcmp   0x00000000000097d8       0x30 c:/intelfpga/17.0/nios2eds/bin/gnu/h-x86_64-mingw32/bin/../lib/gcc/nios2-elf/5.3.0/../../../../../H-x86_64-mingw32/nios2-elf/lib\libsmallc.a(lib_a-memcmp.o)
                0x00000000000097d8                memcmp
 .text          0x0000000000009808        0x0 c:/intelfpga/17.0/nios2eds/bin/gnu/h-x86_64-mingw32/bin/../lib/gcc/nios2-elf/5.3.0/../../../../../H-x86_64-mingw32/nios2-elf/lib\libsmallc.a(lib_a-strlen.o)
 .text.strlen   0x0000000000009808       0x1c c:/intelfpga/17.0/nios2eds/bin/gnu/h-x86_64-mingw32/bin/../lib/gcc/nios2-elf/5.3.0/../../../../../H-x86_64-mingw32/nios2-elf/lib\libsmallc.a(lib_a-strlen.o)
                0x0000000000009808                strlen
 .text          0x0000000000009824        0x0 c:/intelfpga/17.0/nios2eds/bin/gnu/h-x86_64-mingw32/bin/../lib/gcc/nios2-elf/5.3.0/../../../../../H-x86_64-mingw32/nios2-elf/lib\libsmallc.a(lib_a-__call_atexit.o)
 .text.__call_exitprocs
                0x0000000000009824      0x190 c:/intelfpga/17.0/nios2eds/bin/gnu/h-x86_64-mingw32/bin/../lib/gcc/nios2-elf/5.3.0/../../../../../H-x86_64-mingw32/nios2-elf/lib\libsmallc.a(lib_a-__call_atexit.o)
                0x0000000000009824                __call_exitprocs
 .text          0x00000000000099b4        0x0 c:/intelfpga/17.0/nios2eds/bin/gnu/h-x86_64-mingw32/bin/../lib/gcc/nios2-elf/5.3.0/../../../../../H-x86_64-mingw32/nios2-elf/lib\libsmallc.a(lib_a-impure.o)
 .text          0x00000000000099b4      0x1b4 c:/intelfpga/17.0/nios2eds/bin/gnu/h-x86_64-mingw32/bin/../lib/gcc/nios2-elf/5.3.0\libgcc.a(lib2-divmod.o)
                0x00000000000099b4                __divsi3
                0x0000000000009a38                __modsi3
                0x0000000000009aac                __udivsi3
                0x0000000000009b10                __umodsi3
 .text          0x0000000000009b68       0x34 ../GPIO3_bsp/\libhal_bsp.a(alt_exit.o)
                0x0000000000009b68                _exit
 *(.gnu.warning.*)
 *(.fini)
                [!provide]                        PROVIDE (__etext, ABSOLUTE (.))
                [!provide]                        PROVIDE (_etext, ABSOLUTE (.))
                [!provide]                        PROVIDE (etext, ABSOLUTE (.))
 *(.eh_frame_hdr)
                0x0000000000009b9c                . = ALIGN (0x4)
                [!provide]                        PROVIDE (__preinit_array_start, ABSOLUTE (.))
 *(.preinit_array)
                [!provide]                        PROVIDE (__preinit_array_end, ABSOLUTE (.))
                [!provide]                        PROVIDE (__init_array_start, ABSOLUTE (.))
 *(.init_array)
                [!provide]                        PROVIDE (__init_array_end, ABSOLUTE (.))
                [!provide]                        PROVIDE (__fini_array_start, ABSOLUTE (.))
 *(.fini_array)
                [!provide]                        PROVIDE (__fini_array_end, ABSOLUTE (.))
 *(.eh_frame)
 *(.gcc_except_table .gcc_except_table.*)
 *(.dynamic)
                [!provide]                        PROVIDE (__CTOR_LIST__, ABSOLUTE (.))
 *(.ctors)
 *(SORT(.ctors.*))
                [!provide]                        PROVIDE (__CTOR_END__, ABSOLUTE (.))
                [!provide]                        PROVIDE (__DTOR_LIST__, ABSOLUTE (.))
 *(.dtors)
 *(SORT(.dtors.*))
                [!provide]                        PROVIDE (__DTOR_END__, ABSOLUTE (.))
 *(.jcr)
                0x0000000000009b9c                . = ALIGN (0x4)

.rodata         0x0000000000009b9c       0x2c
                0x0000000000009b9c                PROVIDE (__ram_rodata_start, ABSOLUTE (.))
                0x0000000000009b9c                . = ALIGN (0x4)
 *(.rodata .rodata.* .gnu.linkonce.r.*)
 .rodata        0x0000000000009b9c        0xf ../GPIO3_bsp/\libhal_bsp.a(alt_main.o)
 *fill*         0x0000000000009bab        0x1 
 .rodata        0x0000000000009bac        0xf ../GPIO3_bsp/\libhal_bsp.a(alt_sys_init.o)
 *fill*         0x0000000000009bbb        0x1 
 .rodata        0x0000000000009bbc        0xa ../GPIO3_bsp/\libhal_bsp.a(alt_dev.o)
 *(.rodata1)
                0x0000000000009bc8                . = ALIGN (0x4)
 *fill*         0x0000000000009bc6        0x2 
                0x0000000000009bc8                PROVIDE (__ram_rodata_end, ABSOLUTE (.))
                0x0000000000009b9c                PROVIDE (__flash_rodata_start, LOADADDR (.rodata))

.rwdata         0x0000000000009bc8      0x2e0 load address 0x0000000000009ea8
                0x0000000000009bc8                PROVIDE (__ram_rwdata_start, ABSOLUTE (.))
                0x0000000000009bc8                . = ALIGN (0x4)
 *(.got.plt)
 *(.got)
 *(.data1)
 *(.data .data.* .gnu.linkonce.d.*)
 .data          0x0000000000009bc8        0x0 ../GPIO3_bsp//obj/HAL/src/crt0.o
 .data          0x0000000000009bc8        0x0 obj/default/main.o
 .data          0x0000000000009bc8        0x0 ../GPIO3_bsp/\libhal_bsp.a(alt_load.o)
 .data          0x0000000000009bc8        0x0 ../GPIO3_bsp/\libhal_bsp.a(alt_main.o)
 .data          0x0000000000009bc8        0x0 ../GPIO3_bsp/\libhal_bsp.a(alt_usleep.o)
 .data          0x0000000000009bc8       0x2c ../GPIO3_bsp/\libhal_bsp.a(alt_sys_init.o)
 .data          0x0000000000009bf4        0x0 ../GPIO3_bsp/\libhal_bsp.a(altera_avalon_jtag_uart_fd.o)
 .data          0x0000000000009bf4        0x0 ../GPIO3_bsp/\libhal_bsp.a(altera_avalon_jtag_uart_read.o)
 .data          0x0000000000009bf4        0x0 ../GPIO3_bsp/\libhal_bsp.a(altera_avalon_jtag_uart_write.o)
 .data          0x0000000000009bf4        0x0 ../GPIO3_bsp/\libhal_bsp.a(altera_avalon_timer_sc.o)
 .data          0x0000000000009bf4        0x0 ../GPIO3_bsp/\libhal_bsp.a(alt_busy_sleep.o)
 .data          0x0000000000009bf4        0x0 ../GPIO3_bsp/\libhal_bsp.a(alt_close.o)
 .data          0x0000000000009bf4        0x0 ../GPIO3_bsp/\libhal_bsp.a(alt_dcache_flush_all.o)
 .data          0x0000000000009bf4      0x1a8 ../GPIO3_bsp/\libhal_bsp.a(alt_dev.o)
                0x0000000000009bf4                alt_dev_null
                0x0000000000009c1c                alt_fd_list
 .data          0x0000000000009d9c        0x0 ../GPIO3_bsp/\libhal_bsp.a(alt_dev_llist_insert.o)
 .data          0x0000000000009d9c        0x0 ../GPIO3_bsp/\libhal_bsp.a(alt_errno.o)
 .data          0x0000000000009d9c        0x0 ../GPIO3_bsp/\libhal_bsp.a(alt_icache_flush_all.o)
 .data          0x0000000000009d9c        0x0 ../GPIO3_bsp/\libhal_bsp.a(alt_iic.o)
 .data          0x0000000000009d9c        0x0 ../GPIO3_bsp/\libhal_bsp.a(alt_iic_isr_register.o)
 .data          0x0000000000009d9c        0x0 ../GPIO3_bsp/\libhal_bsp.a(alt_io_redirect.o)
 .data          0x0000000000009d9c        0x0 ../GPIO3_bsp/\libhal_bsp.a(alt_irq_entry.o)
 .data          0x0000000000009d9c        0x0 ../GPIO3_bsp/\libhal_bsp.a(alt_irq_handler.o)
 .data          0x0000000000009d9c        0x0 ../GPIO3_bsp/\libhal_bsp.a(alt_irq_vars.o)
 .data          0x0000000000009d9c        0x0 ../GPIO3_bsp/\libhal_bsp.a(alt_open.o)
 .data          0x0000000000009d9c        0x0 ../GPIO3_bsp/\libhal_bsp.a(alt_release_fd.o)
 .data          0x0000000000009d9c        0x0 ../GPIO3_bsp/\libhal_bsp.a(alt_tick.o)
 .data          0x0000000000009d9c        0x0 ../GPIO3_bsp/\libhal_bsp.a(altera_nios2_gen2_irq.o)
 .data          0x0000000000009d9c        0x0 ../GPIO3_bsp/\libhal_bsp.a(alt_exception_entry.o)
 .data          0x0000000000009d9c        0x0 ../GPIO3_bsp/\libhal_bsp.a(alt_find_dev.o)
 .data          0x0000000000009d9c        0x0 ../GPIO3_bsp/\libhal_bsp.a(alt_find_file.o)
 .data          0x0000000000009d9c        0x0 ../GPIO3_bsp/\libhal_bsp.a(alt_get_fd.o)
 .data          0x0000000000009d9c        0x0 ../GPIO3_bsp/\libhal_bsp.a(alt_icache_flush.o)
 .data          0x0000000000009d9c        0x0 ../GPIO3_bsp/\libhal_bsp.a(alt_instruction_exception_entry.o)
 .data          0x0000000000009d9c        0x0 c:/intelfpga/17.0/nios2eds/bin/gnu/h-x86_64-mingw32/bin/../lib/gcc/nios2-elf/5.3.0/../../../../../H-x86_64-mingw32/nios2-elf/lib\libsmallc.a(lib_a-exit.o)
 .data          0x0000000000009d9c        0x0 c:/intelfpga/17.0/nios2eds/bin/gnu/h-x86_64-mingw32/bin/../lib/gcc/nios2-elf/5.3.0/../../../../../H-x86_64-mingw32/nios2-elf/lib\libsmallc.a(lib_a-int_errno.o)
 .data          0x0000000000009d9c        0x0 c:/intelfpga/17.0/nios2eds/bin/gnu/h-x86_64-mingw32/bin/../lib/gcc/nios2-elf/5.3.0/../../../../../H-x86_64-mingw32/nios2-elf/lib\libsmallc.a(lib_a-memcmp.o)
 .data          0x0000000000009d9c        0x0 c:/intelfpga/17.0/nios2eds/bin/gnu/h-x86_64-mingw32/bin/../lib/gcc/nios2-elf/5.3.0/../../../../../H-x86_64-mingw32/nios2-elf/lib\libsmallc.a(lib_a-strlen.o)
 .data          0x0000000000009d9c        0x0 c:/intelfpga/17.0/nios2eds/bin/gnu/h-x86_64-mingw32/bin/../lib/gcc/nios2-elf/5.3.0/../../../../../H-x86_64-mingw32/nios2-elf/lib\libsmallc.a(lib_a-__call_atexit.o)
 .data          0x0000000000009d9c        0x0 c:/intelfpga/17.0/nios2eds/bin/gnu/h-x86_64-mingw32/bin/../lib/gcc/nios2-elf/5.3.0/../../../../../H-x86_64-mingw32/nios2-elf/lib\libsmallc.a(lib_a-impure.o)
 .data.impure_data
                0x0000000000009d9c       0xe0 c:/intelfpga/17.0/nios2eds/bin/gnu/h-x86_64-mingw32/bin/../lib/gcc/nios2-elf/5.3.0/../../../../../H-x86_64-mingw32/nios2-elf/lib\libsmallc.a(lib_a-impure.o)
 .data          0x0000000000009e7c        0x0 c:/intelfpga/17.0/nios2eds/bin/gnu/h-x86_64-mingw32/bin/../lib/gcc/nios2-elf/5.3.0\libgcc.a(lib2-divmod.o)
 .data          0x0000000000009e7c        0x0 ../GPIO3_bsp/\libhal_bsp.a(alt_exit.o)
                0x0000000000011e7c                _gp = ABSOLUTE ((. + 0x8000))
                [!provide]                        PROVIDE (gp, _gp)
 *(.rwdata .rwdata.*)
 *(.sdata .sdata.* .gnu.linkonce.s.*)
 .sdata         0x0000000000009e7c       0x14 ../GPIO3_bsp/\libhal_bsp.a(alt_dev.o)
                0x0000000000009e7c                alt_fs_list
                0x0000000000009e84                alt_dev_list
                0x0000000000009e8c                alt_max_fd
 .sdata         0x0000000000009e90        0x4 ../GPIO3_bsp/\libhal_bsp.a(alt_errno.o)
                0x0000000000009e90                alt_errno
 .sdata         0x0000000000009e94        0x4 ../GPIO3_bsp/\libhal_bsp.a(alt_irq_vars.o)
                0x0000000000009e94                alt_priority_mask
 .sdata         0x0000000000009e98        0x8 ../GPIO3_bsp/\libhal_bsp.a(alt_tick.o)
                0x0000000000009e98                alt_alarm_list
 .sdata._global_impure_ptr
                0x0000000000009ea0        0x4 c:/intelfpga/17.0/nios2eds/bin/gnu/h-x86_64-mingw32/bin/../lib/gcc/nios2-elf/5.3.0/../../../../../H-x86_64-mingw32/nios2-elf/lib\libsmallc.a(lib_a-impure.o)
                0x0000000000009ea0                _global_impure_ptr
 .sdata._impure_ptr
                0x0000000000009ea4        0x4 c:/intelfpga/17.0/nios2eds/bin/gnu/h-x86_64-mingw32/bin/../lib/gcc/nios2-elf/5.3.0/../../../../../H-x86_64-mingw32/nios2-elf/lib\libsmallc.a(lib_a-impure.o)
                0x0000000000009ea4                _impure_ptr
 *(.sdata2 .sdata2.* .gnu.linkonce.s2.*)
                0x0000000000009ea8                . = ALIGN (0x4)
                0x0000000000009ea8                _edata = ABSOLUTE (.)
                [!provide]                        PROVIDE (edata, ABSOLUTE (.))
                0x0000000000009ea8                PROVIDE (__ram_rwdata_end, ABSOLUTE (.))
                0x0000000000009ea8                PROVIDE (__flash_rwdata_start, LOADADDR (.rwdata))

.bss            0x000000000000a188      0x120
                0x000000000000a188                __bss_start = ABSOLUTE (.)
                [!provide]                        PROVIDE (__sbss_start, ABSOLUTE (.))
                [!provide]                        PROVIDE (___sbss_start, ABSOLUTE (.))
 *(.dynsbss)
 *(.sbss .sbss.* .gnu.linkonce.sb.*)
 .sbss          0x000000000000a188        0xc ../GPIO3_bsp/\libhal_bsp.a(alt_main.o)
                0x000000000000a188                alt_argc
                0x000000000000a18c                alt_argv
                0x000000000000a190                alt_envp
 .sbss          0x000000000000a194        0x4 ../GPIO3_bsp/\libhal_bsp.a(alt_irq_vars.o)
                0x000000000000a194                alt_irq_active
 .sbss          0x000000000000a198        0x8 ../GPIO3_bsp/\libhal_bsp.a(alt_tick.o)
                0x000000000000a198                _alt_tick_rate
                0x000000000000a19c                _alt_nticks
 .sbss          0x000000000000a1a0        0x4 ../GPIO3_bsp/\libhal_bsp.a(alt_instruction_exception_entry.o)
                0x000000000000a1a0                alt_instruction_exception_handler
 .sbss          0x000000000000a1a4        0x4 c:/intelfpga/17.0/nios2eds/bin/gnu/h-x86_64-mingw32/bin/../lib/gcc/nios2-elf/5.3.0/../../../../../H-x86_64-mingw32/nios2-elf/lib\libsmallc.a(lib_a-int_errno.o)
                0x000000000000a1a4                errno
 *(.sbss2 .sbss2.* .gnu.linkonce.sb2.*)
 *(.scommon)
                [!provide]                        PROVIDE (__sbss_end, ABSOLUTE (.))
                [!provide]                        PROVIDE (___sbss_end, ABSOLUTE (.))
 *(.dynbss)
 *(.bss .bss.* .gnu.linkonce.b.*)
 .bss           0x000000000000a1a8        0x0 ../GPIO3_bsp//obj/HAL/src/crt0.o
 .bss           0x000000000000a1a8        0x0 obj/default/main.o
 .bss           0x000000000000a1a8        0x0 ../GPIO3_bsp/\libhal_bsp.a(alt_load.o)
 .bss           0x000000000000a1a8        0x0 ../GPIO3_bsp/\libhal_bsp.a(alt_main.o)
 .bss           0x000000000000a1a8        0x0 ../GPIO3_bsp/\libhal_bsp.a(alt_usleep.o)
 .bss           0x000000000000a1a8        0x0 ../GPIO3_bsp/\libhal_bsp.a(alt_sys_init.o)
 .bss           0x000000000000a1a8        0x0 ../GPIO3_bsp/\libhal_bsp.a(altera_avalon_jtag_uart_fd.o)
 .bss           0x000000000000a1a8        0x0 ../GPIO3_bsp/\libhal_bsp.a(altera_avalon_jtag_uart_read.o)
 .bss           0x000000000000a1a8        0x0 ../GPIO3_bsp/\libhal_bsp.a(altera_avalon_jtag_uart_write.o)
 .bss           0x000000000000a1a8        0x0 ../GPIO3_bsp/\libhal_bsp.a(altera_avalon_timer_sc.o)
 .bss           0x000000000000a1a8        0x0 ../GPIO3_bsp/\libhal_bsp.a(alt_busy_sleep.o)
 .bss           0x000000000000a1a8        0x0 ../GPIO3_bsp/\libhal_bsp.a(alt_close.o)
 .bss           0x000000000000a1a8        0x0 ../GPIO3_bsp/\libhal_bsp.a(alt_dcache_flush_all.o)
 .bss           0x000000000000a1a8        0x0 ../GPIO3_bsp/\libhal_bsp.a(alt_dev.o)
 .bss           0x000000000000a1a8        0x0 ../GPIO3_bsp/\libhal_bsp.a(alt_dev_llist_insert.o)
 .bss           0x000000000000a1a8        0x0 ../GPIO3_bsp/\libhal_bsp.a(alt_errno.o)
 .bss           0x000000000000a1a8        0x0 ../GPIO3_bsp/\libhal_bsp.a(alt_icache_flush_all.o)
 .bss           0x000000000000a1a8        0x0 ../GPIO3_bsp/\libhal_bsp.a(alt_iic.o)
 .bss           0x000000000000a1a8        0x0 ../GPIO3_bsp/\libhal_bsp.a(alt_iic_isr_register.o)
 .bss           0x000000000000a1a8        0x0 ../GPIO3_bsp/\libhal_bsp.a(alt_io_redirect.o)
 .bss           0x000000000000a1a8        0x0 ../GPIO3_bsp/\libhal_bsp.a(alt_irq_entry.o)
 .bss           0x000000000000a1a8        0x0 ../GPIO3_bsp/\libhal_bsp.a(alt_irq_handler.o)
 .bss           0x000000000000a1a8        0x0 ../GPIO3_bsp/\libhal_bsp.a(alt_irq_vars.o)
 .bss           0x000000000000a1a8        0x0 ../GPIO3_bsp/\libhal_bsp.a(alt_open.o)
 .bss           0x000000000000a1a8        0x0 ../GPIO3_bsp/\libhal_bsp.a(alt_release_fd.o)
 .bss           0x000000000000a1a8        0x0 ../GPIO3_bsp/\libhal_bsp.a(alt_tick.o)
 .bss           0x000000000000a1a8        0x0 ../GPIO3_bsp/\libhal_bsp.a(altera_nios2_gen2_irq.o)
 .bss           0x000000000000a1a8        0x0 ../GPIO3_bsp/\libhal_bsp.a(alt_exception_entry.o)
 .bss           0x000000000000a1a8        0x0 ../GPIO3_bsp/\libhal_bsp.a(alt_find_dev.o)
 .bss           0x000000000000a1a8        0x0 ../GPIO3_bsp/\libhal_bsp.a(alt_find_file.o)
 .bss           0x000000000000a1a8        0x0 ../GPIO3_bsp/\libhal_bsp.a(alt_get_fd.o)
 .bss           0x000000000000a1a8        0x0 ../GPIO3_bsp/\libhal_bsp.a(alt_icache_flush.o)
 .bss           0x000000000000a1a8        0x0 ../GPIO3_bsp/\libhal_bsp.a(alt_instruction_exception_entry.o)
 .bss           0x000000000000a1a8        0x0 c:/intelfpga/17.0/nios2eds/bin/gnu/h-x86_64-mingw32/bin/../lib/gcc/nios2-elf/5.3.0/../../../../../H-x86_64-mingw32/nios2-elf/lib\libsmallc.a(lib_a-exit.o)
 .bss           0x000000000000a1a8        0x0 c:/intelfpga/17.0/nios2eds/bin/gnu/h-x86_64-mingw32/bin/../lib/gcc/nios2-elf/5.3.0/../../../../../H-x86_64-mingw32/nios2-elf/lib\libsmallc.a(lib_a-int_errno.o)
 .bss           0x000000000000a1a8        0x0 c:/intelfpga/17.0/nios2eds/bin/gnu/h-x86_64-mingw32/bin/../lib/gcc/nios2-elf/5.3.0/../../../../../H-x86_64-mingw32/nios2-elf/lib\libsmallc.a(lib_a-memcmp.o)
 .bss           0x000000000000a1a8        0x0 c:/intelfpga/17.0/nios2eds/bin/gnu/h-x86_64-mingw32/bin/../lib/gcc/nios2-elf/5.3.0/../../../../../H-x86_64-mingw32/nios2-elf/lib\libsmallc.a(lib_a-strlen.o)
 .bss           0x000000000000a1a8        0x0 c:/intelfpga/17.0/nios2eds/bin/gnu/h-x86_64-mingw32/bin/../lib/gcc/nios2-elf/5.3.0/../../../../../H-x86_64-mingw32/nios2-elf/lib\libsmallc.a(lib_a-__call_atexit.o)
 .bss           0x000000000000a1a8        0x0 c:/intelfpga/17.0/nios2eds/bin/gnu/h-x86_64-mingw32/bin/../lib/gcc/nios2-elf/5.3.0/../../../../../H-x86_64-mingw32/nios2-elf/lib\libsmallc.a(lib_a-impure.o)
 .bss           0x000000000000a1a8        0x0 c:/intelfpga/17.0/nios2eds/bin/gnu/h-x86_64-mingw32/bin/../lib/gcc/nios2-elf/5.3.0\libgcc.a(lib2-divmod.o)
 .bss           0x000000000000a1a8        0x0 ../GPIO3_bsp/\libhal_bsp.a(alt_exit.o)
 *(COMMON)
 COMMON         0x000000000000a1a8      0x100 ../GPIO3_bsp/\libhal_bsp.a(alt_irq_handler.o)
                0x000000000000a1a8                alt_irq
                0x000000000000a2a8                . = ALIGN (0x4)
                0x000000000000a2a8                __bss_end = ABSOLUTE (.)

.onchip_mem     0x000000000000a2a8        0x0
                [!provide]                        PROVIDE (_alt_partition_onchip_mem_start, ABSOLUTE (.))
 *(.onchip_mem .onchip_mem. onchip_mem.*)
                0x000000000000a2a8                . = ALIGN (0x4)
                [!provide]                        PROVIDE (_alt_partition_onchip_mem_end, ABSOLUTE (.))
                0x000000000000a2a8                _end = ABSOLUTE (.)
                0x000000000000a2a8                end = ABSOLUTE (.)
                0x000000000000a2a8                __alt_stack_base = ABSOLUTE (.)
                [!provide]                        PROVIDE (_alt_partition_onchip_mem_load_addr, LOADADDR (.onchip_mem))

.stab
 *(.stab)

.stabstr
 *(.stabstr)

.stab.excl
 *(.stab.excl)

.stab.exclstr
 *(.stab.exclstr)

.stab.index
 *(.stab.index)

.stab.indexstr
 *(.stab.indexstr)

.comment        0x0000000000000000       0x23
 *(.comment)
 .comment       0x0000000000000000       0x23 obj/default/main.o
                                         0x24 (size before relaxing)
 .comment       0x0000000000000023       0x24 ../GPIO3_bsp/\libhal_bsp.a(alt_load.o)
 .comment       0x0000000000000023       0x24 ../GPIO3_bsp/\libhal_bsp.a(alt_main.o)
 .comment       0x0000000000000023       0x24 ../GPIO3_bsp/\libhal_bsp.a(alt_usleep.o)
 .comment       0x0000000000000023       0x24 ../GPIO3_bsp/\libhal_bsp.a(alt_sys_init.o)
 .comment       0x0000000000000023       0x24 ../GPIO3_bsp/\libhal_bsp.a(altera_avalon_jtag_uart_fd.o)
 .comment       0x0000000000000023       0x24 ../GPIO3_bsp/\libhal_bsp.a(altera_avalon_jtag_uart_read.o)
 .comment       0x0000000000000023       0x24 ../GPIO3_bsp/\libhal_bsp.a(altera_avalon_jtag_uart_write.o)
 .comment       0x0000000000000023       0x24 ../GPIO3_bsp/\libhal_bsp.a(altera_avalon_timer_sc.o)
 .comment       0x0000000000000023       0x24 ../GPIO3_bsp/\libhal_bsp.a(alt_busy_sleep.o)
 .comment       0x0000000000000023       0x24 ../GPIO3_bsp/\libhal_bsp.a(alt_close.o)
 .comment       0x0000000000000023       0x24 ../GPIO3_bsp/\libhal_bsp.a(alt_dcache_flush_all.o)
 .comment       0x0000000000000023       0x24 ../GPIO3_bsp/\libhal_bsp.a(alt_dev.o)
 .comment       0x0000000000000023       0x24 ../GPIO3_bsp/\libhal_bsp.a(alt_dev_llist_insert.o)
 .comment       0x0000000000000023       0x24 ../GPIO3_bsp/\libhal_bsp.a(alt_errno.o)
 .comment       0x0000000000000023       0x24 ../GPIO3_bsp/\libhal_bsp.a(alt_icache_flush_all.o)
 .comment       0x0000000000000023       0x24 ../GPIO3_bsp/\libhal_bsp.a(alt_iic.o)
 .comment       0x0000000000000023       0x24 ../GPIO3_bsp/\libhal_bsp.a(alt_iic_isr_register.o)
 .comment       0x0000000000000023       0x24 ../GPIO3_bsp/\libhal_bsp.a(alt_io_redirect.o)
 .comment       0x0000000000000023       0x24 ../GPIO3_bsp/\libhal_bsp.a(alt_irq_handler.o)
 .comment       0x0000000000000023       0x24 ../GPIO3_bsp/\libhal_bsp.a(alt_irq_vars.o)
 .comment       0x0000000000000023       0x24 ../GPIO3_bsp/\libhal_bsp.a(alt_open.o)
 .comment       0x0000000000000023       0x24 ../GPIO3_bsp/\libhal_bsp.a(alt_release_fd.o)
 .comment       0x0000000000000023       0x24 ../GPIO3_bsp/\libhal_bsp.a(alt_tick.o)
 .comment       0x0000000000000023       0x24 ../GPIO3_bsp/\libhal_bsp.a(altera_nios2_gen2_irq.o)
 .comment       0x0000000000000023       0x24 ../GPIO3_bsp/\libhal_bsp.a(alt_find_dev.o)
 .comment       0x0000000000000023       0x24 ../GPIO3_bsp/\libhal_bsp.a(alt_find_file.o)
 .comment       0x0000000000000023       0x24 ../GPIO3_bsp/\libhal_bsp.a(alt_get_fd.o)
 .comment       0x0000000000000023       0x24 ../GPIO3_bsp/\libhal_bsp.a(alt_icache_flush.o)
 .comment       0x0000000000000023       0x24 ../GPIO3_bsp/\libhal_bsp.a(alt_instruction_exception_entry.o)
 .comment       0x0000000000000023       0x24 c:/intelfpga/17.0/nios2eds/bin/gnu/h-x86_64-mingw32/bin/../lib/gcc/nios2-elf/5.3.0/../../../../../H-x86_64-mingw32/nios2-elf/lib\libsmallc.a(lib_a-exit.o)
 .comment       0x0000000000000023       0x24 c:/intelfpga/17.0/nios2eds/bin/gnu/h-x86_64-mingw32/bin/../lib/gcc/nios2-elf/5.3.0/../../../../../H-x86_64-mingw32/nios2-elf/lib\libsmallc.a(lib_a-int_errno.o)
 .comment       0x0000000000000023       0x24 c:/intelfpga/17.0/nios2eds/bin/gnu/h-x86_64-mingw32/bin/../lib/gcc/nios2-elf/5.3.0/../../../../../H-x86_64-mingw32/nios2-elf/lib\libsmallc.a(lib_a-memcmp.o)
 .comment       0x0000000000000023       0x24 c:/intelfpga/17.0/nios2eds/bin/gnu/h-x86_64-mingw32/bin/../lib/gcc/nios2-elf/5.3.0/../../../../../H-x86_64-mingw32/nios2-elf/lib\libsmallc.a(lib_a-strlen.o)
 .comment       0x0000000000000023       0x24 c:/intelfpga/17.0/nios2eds/bin/gnu/h-x86_64-mingw32/bin/../lib/gcc/nios2-elf/5.3.0/../../../../../H-x86_64-mingw32/nios2-elf/lib\libsmallc.a(lib_a-__call_atexit.o)
 .comment       0x0000000000000023       0x24 c:/intelfpga/17.0/nios2eds/bin/gnu/h-x86_64-mingw32/bin/../lib/gcc/nios2-elf/5.3.0/../../../../../H-x86_64-mingw32/nios2-elf/lib\libsmallc.a(lib_a-impure.o)
 .comment       0x0000000000000023       0x24 c:/intelfpga/17.0/nios2eds/bin/gnu/h-x86_64-mingw32/bin/../lib/gcc/nios2-elf/5.3.0\libgcc.a(lib2-divmod.o)
 .comment       0x0000000000000023       0x24 ../GPIO3_bsp/\libhal_bsp.a(alt_exit.o)

.debug
 *(.debug)

.line
 *(.line)

.debug_srcinfo
 *(.debug_srcinfo)

.debug_sfnames
 *(.debug_sfnames)

.debug_aranges  0x0000000000000000      0x538
 *(.debug_aranges)
 .debug_aranges
                0x0000000000000000       0x28 ../GPIO3_bsp//obj/HAL/src/crt0.o
 .debug_aranges
                0x0000000000000028       0x20 obj/default/main.o
 .debug_aranges
                0x0000000000000048       0x20 ../GPIO3_bsp/\libhal_bsp.a(alt_load.o)
 .debug_aranges
                0x0000000000000068       0x20 ../GPIO3_bsp/\libhal_bsp.a(alt_main.o)
 .debug_aranges
                0x0000000000000088       0x20 ../GPIO3_bsp/\libhal_bsp.a(alt_usleep.o)
 .debug_aranges
                0x00000000000000a8       0x20 ../GPIO3_bsp/\libhal_bsp.a(alt_sys_init.o)
 .debug_aranges
                0x00000000000000c8       0x20 ../GPIO3_bsp/\libhal_bsp.a(altera_avalon_jtag_uart_fd.o)
 .debug_aranges
                0x00000000000000e8       0x20 ../GPIO3_bsp/\libhal_bsp.a(altera_avalon_jtag_uart_read.o)
 .debug_aranges
                0x0000000000000108       0x20 ../GPIO3_bsp/\libhal_bsp.a(altera_avalon_jtag_uart_write.o)
 .debug_aranges
                0x0000000000000128       0x20 ../GPIO3_bsp/\libhal_bsp.a(altera_avalon_timer_sc.o)
 .debug_aranges
                0x0000000000000148       0x20 ../GPIO3_bsp/\libhal_bsp.a(alt_busy_sleep.o)
 .debug_aranges
                0x0000000000000168       0x20 ../GPIO3_bsp/\libhal_bsp.a(alt_close.o)
 .debug_aranges
                0x0000000000000188       0x20 ../GPIO3_bsp/\libhal_bsp.a(alt_dcache_flush_all.o)
 .debug_aranges
                0x00000000000001a8       0x20 ../GPIO3_bsp/\libhal_bsp.a(alt_dev.o)
 .debug_aranges
                0x00000000000001c8       0x20 ../GPIO3_bsp/\libhal_bsp.a(alt_dev_llist_insert.o)
 .debug_aranges
                0x00000000000001e8       0x18 ../GPIO3_bsp/\libhal_bsp.a(alt_errno.o)
 .debug_aranges
                0x0000000000000200       0x20 ../GPIO3_bsp/\libhal_bsp.a(alt_icache_flush_all.o)
 .debug_aranges
                0x0000000000000220       0x20 ../GPIO3_bsp/\libhal_bsp.a(alt_iic.o)
 .debug_aranges
                0x0000000000000240       0x20 ../GPIO3_bsp/\libhal_bsp.a(alt_iic_isr_register.o)
 .debug_aranges
                0x0000000000000260       0x20 ../GPIO3_bsp/\libhal_bsp.a(alt_io_redirect.o)
 .debug_aranges
                0x0000000000000280       0x30 ../GPIO3_bsp/\libhal_bsp.a(alt_irq_entry.o)
 .debug_aranges
                0x00000000000002b0       0x20 ../GPIO3_bsp/\libhal_bsp.a(alt_irq_handler.o)
 .debug_aranges
                0x00000000000002d0       0x18 ../GPIO3_bsp/\libhal_bsp.a(alt_irq_vars.o)
 .debug_aranges
                0x00000000000002e8       0x20 ../GPIO3_bsp/\libhal_bsp.a(alt_open.o)
 .debug_aranges
                0x0000000000000308       0x20 ../GPIO3_bsp/\libhal_bsp.a(alt_release_fd.o)
 .debug_aranges
                0x0000000000000328       0x20 ../GPIO3_bsp/\libhal_bsp.a(alt_tick.o)
 .debug_aranges
                0x0000000000000348       0x20 ../GPIO3_bsp/\libhal_bsp.a(altera_nios2_gen2_irq.o)
 .debug_aranges
                0x0000000000000368       0x38 ../GPIO3_bsp/\libhal_bsp.a(alt_exception_entry.o)
 .debug_aranges
                0x00000000000003a0       0x20 ../GPIO3_bsp/\libhal_bsp.a(alt_find_dev.o)
 .debug_aranges
                0x00000000000003c0       0x20 ../GPIO3_bsp/\libhal_bsp.a(alt_find_file.o)
 .debug_aranges
                0x00000000000003e0       0x20 ../GPIO3_bsp/\libhal_bsp.a(alt_get_fd.o)
 .debug_aranges
                0x0000000000000400       0x20 ../GPIO3_bsp/\libhal_bsp.a(alt_icache_flush.o)
 .debug_aranges
                0x0000000000000420       0x28 ../GPIO3_bsp/\libhal_bsp.a(alt_instruction_exception_entry.o)
 .debug_aranges
                0x0000000000000448       0x20 c:/intelfpga/17.0/nios2eds/bin/gnu/h-x86_64-mingw32/bin/../lib/gcc/nios2-elf/5.3.0/../../../../../H-x86_64-mingw32/nios2-elf/lib\libsmallc.a(lib_a-exit.o)
 .debug_aranges
                0x0000000000000468       0x18 c:/intelfpga/17.0/nios2eds/bin/gnu/h-x86_64-mingw32/bin/../lib/gcc/nios2-elf/5.3.0/../../../../../H-x86_64-mingw32/nios2-elf/lib\libsmallc.a(lib_a-int_errno.o)
 .debug_aranges
                0x0000000000000480       0x20 c:/intelfpga/17.0/nios2eds/bin/gnu/h-x86_64-mingw32/bin/../lib/gcc/nios2-elf/5.3.0/../../../../../H-x86_64-mingw32/nios2-elf/lib\libsmallc.a(lib_a-memcmp.o)
 .debug_aranges
                0x00000000000004a0       0x20 c:/intelfpga/17.0/nios2eds/bin/gnu/h-x86_64-mingw32/bin/../lib/gcc/nios2-elf/5.3.0/../../../../../H-x86_64-mingw32/nios2-elf/lib\libsmallc.a(lib_a-strlen.o)
 .debug_aranges
                0x00000000000004c0       0x20 c:/intelfpga/17.0/nios2eds/bin/gnu/h-x86_64-mingw32/bin/../lib/gcc/nios2-elf/5.3.0/../../../../../H-x86_64-mingw32/nios2-elf/lib\libsmallc.a(lib_a-__call_atexit.o)
 .debug_aranges
                0x00000000000004e0       0x18 c:/intelfpga/17.0/nios2eds/bin/gnu/h-x86_64-mingw32/bin/../lib/gcc/nios2-elf/5.3.0/../../../../../H-x86_64-mingw32/nios2-elf/lib\libsmallc.a(lib_a-impure.o)
 .debug_aranges
                0x00000000000004f8       0x20 c:/intelfpga/17.0/nios2eds/bin/gnu/h-x86_64-mingw32/bin/../lib/gcc/nios2-elf/5.3.0\libgcc.a(lib2-divmod.o)
 .debug_aranges
                0x0000000000000518       0x20 ../GPIO3_bsp/\libhal_bsp.a(alt_exit.o)

.debug_pubnames
 *(.debug_pubnames)

.debug_info     0x0000000000000000     0x523c
 *(.debug_info .gnu.linkonce.wi.*)
 .debug_info    0x0000000000000000       0x6b ../GPIO3_bsp//obj/HAL/src/crt0.o
 .debug_info    0x000000000000006b       0x96 obj/default/main.o
 .debug_info    0x0000000000000101      0x145 ../GPIO3_bsp/\libhal_bsp.a(alt_load.o)
 .debug_info    0x0000000000000246      0x131 ../GPIO3_bsp/\libhal_bsp.a(alt_main.o)
 .debug_info    0x0000000000000377       0xb0 ../GPIO3_bsp/\libhal_bsp.a(alt_usleep.o)
 .debug_info    0x0000000000000427      0x3df ../GPIO3_bsp/\libhal_bsp.a(alt_sys_init.o)
 .debug_info    0x0000000000000806      0x3a7 ../GPIO3_bsp/\libhal_bsp.a(altera_avalon_jtag_uart_fd.o)
 .debug_info    0x0000000000000bad      0x1b2 ../GPIO3_bsp/\libhal_bsp.a(altera_avalon_jtag_uart_read.o)
 .debug_info    0x0000000000000d5f      0x195 ../GPIO3_bsp/\libhal_bsp.a(altera_avalon_jtag_uart_write.o)
 .debug_info    0x0000000000000ef4      0x226 ../GPIO3_bsp/\libhal_bsp.a(altera_avalon_timer_sc.o)
 .debug_info    0x000000000000111a       0xd7 ../GPIO3_bsp/\libhal_bsp.a(alt_busy_sleep.o)
 .debug_info    0x00000000000011f1      0x321 ../GPIO3_bsp/\libhal_bsp.a(alt_close.o)
 .debug_info    0x0000000000001512       0x92 ../GPIO3_bsp/\libhal_bsp.a(alt_dcache_flush_all.o)
 .debug_info    0x00000000000015a4      0x49c ../GPIO3_bsp/\libhal_bsp.a(alt_dev.o)
 .debug_info    0x0000000000001a40      0x1a9 ../GPIO3_bsp/\libhal_bsp.a(alt_dev_llist_insert.o)
 .debug_info    0x0000000000001be9       0xa6 ../GPIO3_bsp/\libhal_bsp.a(alt_errno.o)
 .debug_info    0x0000000000001c8f       0x92 ../GPIO3_bsp/\libhal_bsp.a(alt_icache_flush_all.o)
 .debug_info    0x0000000000001d21      0x350 ../GPIO3_bsp/\libhal_bsp.a(alt_iic.o)
 .debug_info    0x0000000000002071      0x1ef ../GPIO3_bsp/\libhal_bsp.a(alt_iic_isr_register.o)
 .debug_info    0x0000000000002260      0x4a5 ../GPIO3_bsp/\libhal_bsp.a(alt_io_redirect.o)
 .debug_info    0x0000000000002705       0x74 ../GPIO3_bsp/\libhal_bsp.a(alt_irq_entry.o)
 .debug_info    0x0000000000002779      0x187 ../GPIO3_bsp/\libhal_bsp.a(alt_irq_handler.o)
 .debug_info    0x0000000000002900       0x88 ../GPIO3_bsp/\libhal_bsp.a(alt_irq_vars.o)
 .debug_info    0x0000000000002988      0x3bb ../GPIO3_bsp/\libhal_bsp.a(alt_open.o)
 .debug_info    0x0000000000002d43      0x2b0 ../GPIO3_bsp/\libhal_bsp.a(alt_release_fd.o)
 .debug_info    0x0000000000002ff3      0x299 ../GPIO3_bsp/\libhal_bsp.a(alt_tick.o)
 .debug_info    0x000000000000328c       0x92 ../GPIO3_bsp/\libhal_bsp.a(altera_nios2_gen2_irq.o)
 .debug_info    0x000000000000331e       0x7a ../GPIO3_bsp/\libhal_bsp.a(alt_exception_entry.o)
 .debug_info    0x0000000000003398      0x2e9 ../GPIO3_bsp/\libhal_bsp.a(alt_find_dev.o)
 .debug_info    0x0000000000003681      0x2e6 ../GPIO3_bsp/\libhal_bsp.a(alt_find_file.o)
 .debug_info    0x0000000000003967      0x310 ../GPIO3_bsp/\libhal_bsp.a(alt_get_fd.o)
 .debug_info    0x0000000000003c77       0xdc ../GPIO3_bsp/\libhal_bsp.a(alt_icache_flush.o)
 .debug_info    0x0000000000003d53      0x1e7 ../GPIO3_bsp/\libhal_bsp.a(alt_instruction_exception_entry.o)
 .debug_info    0x0000000000003f3a       0xe5 c:/intelfpga/17.0/nios2eds/bin/gnu/h-x86_64-mingw32/bin/../lib/gcc/nios2-elf/5.3.0/../../../../../H-x86_64-mingw32/nios2-elf/lib\libsmallc.a(lib_a-exit.o)
 .debug_info    0x000000000000401f       0x8a c:/intelfpga/17.0/nios2eds/bin/gnu/h-x86_64-mingw32/bin/../lib/gcc/nios2-elf/5.3.0/../../../../../H-x86_64-mingw32/nios2-elf/lib\libsmallc.a(lib_a-int_errno.o)
 .debug_info    0x00000000000040a9       0xf4 c:/intelfpga/17.0/nios2eds/bin/gnu/h-x86_64-mingw32/bin/../lib/gcc/nios2-elf/5.3.0/../../../../../H-x86_64-mingw32/nios2-elf/lib\libsmallc.a(lib_a-memcmp.o)
 .debug_info    0x000000000000419d       0xc9 c:/intelfpga/17.0/nios2eds/bin/gnu/h-x86_64-mingw32/bin/../lib/gcc/nios2-elf/5.3.0/../../../../../H-x86_64-mingw32/nios2-elf/lib\libsmallc.a(lib_a-strlen.o)
 .debug_info    0x0000000000004266      0x67b c:/intelfpga/17.0/nios2eds/bin/gnu/h-x86_64-mingw32/bin/../lib/gcc/nios2-elf/5.3.0/../../../../../H-x86_64-mingw32/nios2-elf/lib\libsmallc.a(lib_a-__call_atexit.o)
 .debug_info    0x00000000000048e1      0x5a9 c:/intelfpga/17.0/nios2eds/bin/gnu/h-x86_64-mingw32/bin/../lib/gcc/nios2-elf/5.3.0/../../../../../H-x86_64-mingw32/nios2-elf/lib\libsmallc.a(lib_a-impure.o)
 .debug_info    0x0000000000004e8a      0x2c6 c:/intelfpga/17.0/nios2eds/bin/gnu/h-x86_64-mingw32/bin/../lib/gcc/nios2-elf/5.3.0\libgcc.a(lib2-divmod.o)
 .debug_info    0x0000000000005150       0xec ../GPIO3_bsp/\libhal_bsp.a(alt_exit.o)

.debug_abbrev   0x0000000000000000     0x1ff6
 *(.debug_abbrev)
 .debug_abbrev  0x0000000000000000       0x12 ../GPIO3_bsp//obj/HAL/src/crt0.o
 .debug_abbrev  0x0000000000000012       0x42 obj/default/main.o
 .debug_abbrev  0x0000000000000054       0x9f ../GPIO3_bsp/\libhal_bsp.a(alt_load.o)
 .debug_abbrev  0x00000000000000f3       0xba ../GPIO3_bsp/\libhal_bsp.a(alt_main.o)
 .debug_abbrev  0x00000000000001ad       0x60 ../GPIO3_bsp/\libhal_bsp.a(alt_usleep.o)
 .debug_abbrev  0x000000000000020d      0x157 ../GPIO3_bsp/\libhal_bsp.a(alt_sys_init.o)
 .debug_abbrev  0x0000000000000364       0xf7 ../GPIO3_bsp/\libhal_bsp.a(altera_avalon_jtag_uart_fd.o)
 .debug_abbrev  0x000000000000045b       0xd5 ../GPIO3_bsp/\libhal_bsp.a(altera_avalon_jtag_uart_read.o)
 .debug_abbrev  0x0000000000000530       0xd5 ../GPIO3_bsp/\libhal_bsp.a(altera_avalon_jtag_uart_write.o)
 .debug_abbrev  0x0000000000000605      0x155 ../GPIO3_bsp/\libhal_bsp.a(altera_avalon_timer_sc.o)
 .debug_abbrev  0x000000000000075a       0x7e ../GPIO3_bsp/\libhal_bsp.a(alt_busy_sleep.o)
 .debug_abbrev  0x00000000000007d8      0x11f ../GPIO3_bsp/\libhal_bsp.a(alt_close.o)
 .debug_abbrev  0x00000000000008f7       0x42 ../GPIO3_bsp/\libhal_bsp.a(alt_dcache_flush_all.o)
 .debug_abbrev  0x0000000000000939       0xd9 ../GPIO3_bsp/\libhal_bsp.a(alt_dev.o)
 .debug_abbrev  0x0000000000000a12      0x114 ../GPIO3_bsp/\libhal_bsp.a(alt_dev_llist_insert.o)
 .debug_abbrev  0x0000000000000b26       0x5a ../GPIO3_bsp/\libhal_bsp.a(alt_errno.o)
 .debug_abbrev  0x0000000000000b80       0x42 ../GPIO3_bsp/\libhal_bsp.a(alt_icache_flush_all.o)
 .debug_abbrev  0x0000000000000bc2      0x163 ../GPIO3_bsp/\libhal_bsp.a(alt_iic.o)
 .debug_abbrev  0x0000000000000d25      0x169 ../GPIO3_bsp/\libhal_bsp.a(alt_iic_isr_register.o)
 .debug_abbrev  0x0000000000000e8e      0x114 ../GPIO3_bsp/\libhal_bsp.a(alt_io_redirect.o)
 .debug_abbrev  0x0000000000000fa2       0x12 ../GPIO3_bsp/\libhal_bsp.a(alt_irq_entry.o)
 .debug_abbrev  0x0000000000000fb4      0x122 ../GPIO3_bsp/\libhal_bsp.a(alt_irq_handler.o)
 .debug_abbrev  0x00000000000010d6       0x40 ../GPIO3_bsp/\libhal_bsp.a(alt_irq_vars.o)
 .debug_abbrev  0x0000000000001116      0x148 ../GPIO3_bsp/\libhal_bsp.a(alt_open.o)
 .debug_abbrev  0x000000000000125e       0xde ../GPIO3_bsp/\libhal_bsp.a(alt_release_fd.o)
 .debug_abbrev  0x000000000000133c      0x15a ../GPIO3_bsp/\libhal_bsp.a(alt_tick.o)
 .debug_abbrev  0x0000000000001496       0x42 ../GPIO3_bsp/\libhal_bsp.a(altera_nios2_gen2_irq.o)
 .debug_abbrev  0x00000000000014d8       0x12 ../GPIO3_bsp/\libhal_bsp.a(alt_exception_entry.o)
 .debug_abbrev  0x00000000000014ea       0xf0 ../GPIO3_bsp/\libhal_bsp.a(alt_find_dev.o)
 .debug_abbrev  0x00000000000015da       0xf0 ../GPIO3_bsp/\libhal_bsp.a(alt_find_file.o)
 .debug_abbrev  0x00000000000016ca      0x10d ../GPIO3_bsp/\libhal_bsp.a(alt_get_fd.o)
 .debug_abbrev  0x00000000000017d7       0x8c ../GPIO3_bsp/\libhal_bsp.a(alt_icache_flush.o)
 .debug_abbrev  0x0000000000001863       0xdc ../GPIO3_bsp/\libhal_bsp.a(alt_instruction_exception_entry.o)
 .debug_abbrev  0x000000000000193f       0x8b c:/intelfpga/17.0/nios2eds/bin/gnu/h-x86_64-mingw32/bin/../lib/gcc/nios2-elf/5.3.0/../../../../../H-x86_64-mingw32/nios2-elf/lib\libsmallc.a(lib_a-exit.o)
 .debug_abbrev  0x00000000000019ca       0x37 c:/intelfpga/17.0/nios2eds/bin/gnu/h-x86_64-mingw32/bin/../lib/gcc/nios2-elf/5.3.0/../../../../../H-x86_64-mingw32/nios2-elf/lib\libsmallc.a(lib_a-int_errno.o)
 .debug_abbrev  0x0000000000001a01       0x7f c:/intelfpga/17.0/nios2eds/bin/gnu/h-x86_64-mingw32/bin/../lib/gcc/nios2-elf/5.3.0/../../../../../H-x86_64-mingw32/nios2-elf/lib\libsmallc.a(lib_a-memcmp.o)
 .debug_abbrev  0x0000000000001a80       0x7f c:/intelfpga/17.0/nios2eds/bin/gnu/h-x86_64-mingw32/bin/../lib/gcc/nios2-elf/5.3.0/../../../../../H-x86_64-mingw32/nios2-elf/lib\libsmallc.a(lib_a-strlen.o)
 .debug_abbrev  0x0000000000001aff      0x1f6 c:/intelfpga/17.0/nios2eds/bin/gnu/h-x86_64-mingw32/bin/../lib/gcc/nios2-elf/5.3.0/../../../../../H-x86_64-mingw32/nios2-elf/lib\libsmallc.a(lib_a-__call_atexit.o)
 .debug_abbrev  0x0000000000001cf5      0x14a c:/intelfpga/17.0/nios2eds/bin/gnu/h-x86_64-mingw32/bin/../lib/gcc/nios2-elf/5.3.0/../../../../../H-x86_64-mingw32/nios2-elf/lib\libsmallc.a(lib_a-impure.o)
 .debug_abbrev  0x0000000000001e3f      0x10e c:/intelfpga/17.0/nios2eds/bin/gnu/h-x86_64-mingw32/bin/../lib/gcc/nios2-elf/5.3.0\libgcc.a(lib2-divmod.o)
 .debug_abbrev  0x0000000000001f4d       0xa9 ../GPIO3_bsp/\libhal_bsp.a(alt_exit.o)

.debug_line     0x0000000000000000     0x219e
 *(.debug_line)
 .debug_line    0x0000000000000000       0x6c ../GPIO3_bsp//obj/HAL/src/crt0.o
 .debug_line    0x000000000000006c       0x44 obj/default/main.o
 .debug_line    0x00000000000000b0       0x8e ../GPIO3_bsp/\libhal_bsp.a(alt_load.o)
 .debug_line    0x000000000000013e       0x9e ../GPIO3_bsp/\libhal_bsp.a(alt_main.o)
 .debug_line    0x00000000000001dc       0xa8 ../GPIO3_bsp/\libhal_bsp.a(alt_usleep.o)
 .debug_line    0x0000000000000284      0x142 ../GPIO3_bsp/\libhal_bsp.a(alt_sys_init.o)
 .debug_line    0x00000000000003c6      0x112 ../GPIO3_bsp/\libhal_bsp.a(altera_avalon_jtag_uart_fd.o)
 .debug_line    0x00000000000004d8       0xfd ../GPIO3_bsp/\libhal_bsp.a(altera_avalon_jtag_uart_read.o)
 .debug_line    0x00000000000005d5       0xf4 ../GPIO3_bsp/\libhal_bsp.a(altera_avalon_jtag_uart_write.o)
 .debug_line    0x00000000000006c9       0xfd ../GPIO3_bsp/\libhal_bsp.a(altera_avalon_timer_sc.o)
 .debug_line    0x00000000000007c6       0xa0 ../GPIO3_bsp/\libhal_bsp.a(alt_busy_sleep.o)
 .debug_line    0x0000000000000866      0x160 ../GPIO3_bsp/\libhal_bsp.a(alt_close.o)
 .debug_line    0x00000000000009c6       0x51 ../GPIO3_bsp/\libhal_bsp.a(alt_dcache_flush_all.o)
 .debug_line    0x0000000000000a17       0xf3 ../GPIO3_bsp/\libhal_bsp.a(alt_dev.o)
 .debug_line    0x0000000000000b0a       0xcf ../GPIO3_bsp/\libhal_bsp.a(alt_dev_llist_insert.o)
 .debug_line    0x0000000000000bd9       0x51 ../GPIO3_bsp/\libhal_bsp.a(alt_errno.o)
 .debug_line    0x0000000000000c2a       0x50 ../GPIO3_bsp/\libhal_bsp.a(alt_icache_flush_all.o)
 .debug_line    0x0000000000000c7a       0xeb ../GPIO3_bsp/\libhal_bsp.a(alt_iic.o)
 .debug_line    0x0000000000000d65       0xdb ../GPIO3_bsp/\libhal_bsp.a(alt_iic_isr_register.o)
 .debug_line    0x0000000000000e40      0x12e ../GPIO3_bsp/\libhal_bsp.a(alt_io_redirect.o)
 .debug_line    0x0000000000000f6e       0x6b ../GPIO3_bsp/\libhal_bsp.a(alt_irq_entry.o)
 .debug_line    0x0000000000000fd9       0xaa ../GPIO3_bsp/\libhal_bsp.a(alt_irq_handler.o)
 .debug_line    0x0000000000001083       0x50 ../GPIO3_bsp/\libhal_bsp.a(alt_irq_vars.o)
 .debug_line    0x00000000000010d3      0x128 ../GPIO3_bsp/\libhal_bsp.a(alt_open.o)
 .debug_line    0x00000000000011fb       0xae ../GPIO3_bsp/\libhal_bsp.a(alt_release_fd.o)
 .debug_line    0x00000000000012a9       0xff ../GPIO3_bsp/\libhal_bsp.a(alt_tick.o)
 .debug_line    0x00000000000013a8       0x51 ../GPIO3_bsp/\libhal_bsp.a(altera_nios2_gen2_irq.o)
 .debug_line    0x00000000000013f9       0xb3 ../GPIO3_bsp/\libhal_bsp.a(alt_exception_entry.o)
 .debug_line    0x00000000000014ac       0xb5 ../GPIO3_bsp/\libhal_bsp.a(alt_find_dev.o)
 .debug_line    0x0000000000001561       0xd1 ../GPIO3_bsp/\libhal_bsp.a(alt_find_file.o)
 .debug_line    0x0000000000001632       0xd4 ../GPIO3_bsp/\libhal_bsp.a(alt_get_fd.o)
 .debug_line    0x0000000000001706       0x81 ../GPIO3_bsp/\libhal_bsp.a(alt_icache_flush.o)
 .debug_line    0x0000000000001787       0xba ../GPIO3_bsp/\libhal_bsp.a(alt_instruction_exception_entry.o)
 .debug_line    0x0000000000001841      0x156 c:/intelfpga/17.0/nios2eds/bin/gnu/h-x86_64-mingw32/bin/../lib/gcc/nios2-elf/5.3.0/../../../../../H-x86_64-mingw32/nios2-elf/lib\libsmallc.a(lib_a-exit.o)
 .debug_line    0x0000000000001997       0x5c c:/intelfpga/17.0/nios2eds/bin/gnu/h-x86_64-mingw32/bin/../lib/gcc/nios2-elf/5.3.0/../../../../../H-x86_64-mingw32/nios2-elf/lib\libsmallc.a(lib_a-int_errno.o)
 .debug_line    0x00000000000019f3      0x15d c:/intelfpga/17.0/nios2eds/bin/gnu/h-x86_64-mingw32/bin/../lib/gcc/nios2-elf/5.3.0/../../../../../H-x86_64-mingw32/nios2-elf/lib\libsmallc.a(lib_a-memcmp.o)
 .debug_line    0x0000000000001b50      0x159 c:/intelfpga/17.0/nios2eds/bin/gnu/h-x86_64-mingw32/bin/../lib/gcc/nios2-elf/5.3.0/../../../../../H-x86_64-mingw32/nios2-elf/lib\libsmallc.a(lib_a-strlen.o)
 .debug_line    0x0000000000001ca9      0x22f c:/intelfpga/17.0/nios2eds/bin/gnu/h-x86_64-mingw32/bin/../lib/gcc/nios2-elf/5.3.0/../../../../../H-x86_64-mingw32/nios2-elf/lib\libsmallc.a(lib_a-__call_atexit.o)
 .debug_line    0x0000000000001ed8      0x153 c:/intelfpga/17.0/nios2eds/bin/gnu/h-x86_64-mingw32/bin/../lib/gcc/nios2-elf/5.3.0/../../../../../H-x86_64-mingw32/nios2-elf/lib\libsmallc.a(lib_a-impure.o)
 .debug_line    0x000000000000202b      0x102 c:/intelfpga/17.0/nios2eds/bin/gnu/h-x86_64-mingw32/bin/../lib/gcc/nios2-elf/5.3.0\libgcc.a(lib2-divmod.o)
 .debug_line    0x000000000000212d       0x71 ../GPIO3_bsp/\libhal_bsp.a(alt_exit.o)

.debug_frame    0x0000000000000000      0x95c
 *(.debug_frame)
 .debug_frame   0x0000000000000000       0x2c obj/default/main.o
 .debug_frame   0x000000000000002c       0x5c ../GPIO3_bsp/\libhal_bsp.a(alt_load.o)
 .debug_frame   0x0000000000000088       0x2c ../GPIO3_bsp/\libhal_bsp.a(alt_main.o)
 .debug_frame   0x00000000000000b4       0x38 ../GPIO3_bsp/\libhal_bsp.a(alt_usleep.o)
 .debug_frame   0x00000000000000ec       0x88 ../GPIO3_bsp/\libhal_bsp.a(alt_sys_init.o)
 .debug_frame   0x0000000000000174       0x60 ../GPIO3_bsp/\libhal_bsp.a(altera_avalon_jtag_uart_fd.o)
 .debug_frame   0x00000000000001d4       0x34 ../GPIO3_bsp/\libhal_bsp.a(altera_avalon_jtag_uart_read.o)
 .debug_frame   0x0000000000000208       0x34 ../GPIO3_bsp/\libhal_bsp.a(altera_avalon_jtag_uart_write.o)
 .debug_frame   0x000000000000023c       0x60 ../GPIO3_bsp/\libhal_bsp.a(altera_avalon_timer_sc.o)
 .debug_frame   0x000000000000029c       0x38 ../GPIO3_bsp/\libhal_bsp.a(alt_busy_sleep.o)
 .debug_frame   0x00000000000002d4       0x60 ../GPIO3_bsp/\libhal_bsp.a(alt_close.o)
 .debug_frame   0x0000000000000334       0x34 ../GPIO3_bsp/\libhal_bsp.a(alt_dcache_flush_all.o)
 .debug_frame   0x0000000000000368       0x34 ../GPIO3_bsp/\libhal_bsp.a(alt_dev.o)
 .debug_frame   0x000000000000039c       0x60 ../GPIO3_bsp/\libhal_bsp.a(alt_dev_llist_insert.o)
 .debug_frame   0x00000000000003fc       0x38 ../GPIO3_bsp/\libhal_bsp.a(alt_icache_flush_all.o)
 .debug_frame   0x0000000000000434       0xa4 ../GPIO3_bsp/\libhal_bsp.a(alt_iic.o)
 .debug_frame   0x00000000000004d8       0x38 ../GPIO3_bsp/\libhal_bsp.a(alt_iic_isr_register.o)
 .debug_frame   0x0000000000000510       0x60 ../GPIO3_bsp/\libhal_bsp.a(alt_io_redirect.o)
 .debug_frame   0x0000000000000570       0x38 ../GPIO3_bsp/\libhal_bsp.a(alt_irq_handler.o)
 .debug_frame   0x00000000000005a8       0x84 ../GPIO3_bsp/\libhal_bsp.a(alt_open.o)
 .debug_frame   0x000000000000062c       0x34 ../GPIO3_bsp/\libhal_bsp.a(alt_release_fd.o)
 .debug_frame   0x0000000000000660       0x5c ../GPIO3_bsp/\libhal_bsp.a(alt_tick.o)
 .debug_frame   0x00000000000006bc       0x34 ../GPIO3_bsp/\libhal_bsp.a(altera_nios2_gen2_irq.o)
 .debug_frame   0x00000000000006f0       0x38 ../GPIO3_bsp/\libhal_bsp.a(alt_find_dev.o)
 .debug_frame   0x0000000000000728       0x38 ../GPIO3_bsp/\libhal_bsp.a(alt_find_file.o)
 .debug_frame   0x0000000000000760       0x34 ../GPIO3_bsp/\libhal_bsp.a(alt_get_fd.o)
 .debug_frame   0x0000000000000794       0x34 ../GPIO3_bsp/\libhal_bsp.a(alt_icache_flush.o)
 .debug_frame   0x00000000000007c8       0x5c ../GPIO3_bsp/\libhal_bsp.a(alt_instruction_exception_entry.o)
 .debug_frame   0x0000000000000824       0x28 c:/intelfpga/17.0/nios2eds/bin/gnu/h-x86_64-mingw32/bin/../lib/gcc/nios2-elf/5.3.0/../../../../../H-x86_64-mingw32/nios2-elf/lib\libsmallc.a(lib_a-exit.o)
 .debug_frame   0x000000000000084c       0x20 c:/intelfpga/17.0/nios2eds/bin/gnu/h-x86_64-mingw32/bin/../lib/gcc/nios2-elf/5.3.0/../../../../../H-x86_64-mingw32/nios2-elf/lib\libsmallc.a(lib_a-memcmp.o)
 .debug_frame   0x000000000000086c       0x20 c:/intelfpga/17.0/nios2eds/bin/gnu/h-x86_64-mingw32/bin/../lib/gcc/nios2-elf/5.3.0/../../../../../H-x86_64-mingw32/nios2-elf/lib\libsmallc.a(lib_a-strlen.o)
 .debug_frame   0x000000000000088c       0x54 c:/intelfpga/17.0/nios2eds/bin/gnu/h-x86_64-mingw32/bin/../lib/gcc/nios2-elf/5.3.0/../../../../../H-x86_64-mingw32/nios2-elf/lib\libsmallc.a(lib_a-__call_atexit.o)
 .debug_frame   0x00000000000008e0       0x50 c:/intelfpga/17.0/nios2eds/bin/gnu/h-x86_64-mingw32/bin/../lib/gcc/nios2-elf/5.3.0\libgcc.a(lib2-divmod.o)
 .debug_frame   0x0000000000000930       0x2c ../GPIO3_bsp/\libhal_bsp.a(alt_exit.o)

.debug_str      0x0000000000000000     0x1830
 *(.debug_str)
 .debug_str     0x0000000000000000       0xde obj/default/main.o
                                        0x123 (size before relaxing)
 .debug_str     0x00000000000000de      0x128 ../GPIO3_bsp/\libhal_bsp.a(alt_load.o)
                                        0x20c (size before relaxing)
 .debug_str     0x0000000000000206       0x70 ../GPIO3_bsp/\libhal_bsp.a(alt_main.o)
                                        0x197 (size before relaxing)
 .debug_str     0x0000000000000276       0x27 ../GPIO3_bsp/\libhal_bsp.a(alt_usleep.o)
                                        0x142 (size before relaxing)
 .debug_str     0x000000000000029d      0x18f ../GPIO3_bsp/\libhal_bsp.a(alt_sys_init.o)
                                        0x304 (size before relaxing)
 .debug_str     0x000000000000042c       0x77 ../GPIO3_bsp/\libhal_bsp.a(altera_avalon_jtag_uart_fd.o)
                                        0x2cf (size before relaxing)
 .debug_str     0x00000000000004a3       0x48 ../GPIO3_bsp/\libhal_bsp.a(altera_avalon_jtag_uart_read.o)
                                        0x219 (size before relaxing)
 .debug_str     0x00000000000004eb       0x4a ../GPIO3_bsp/\libhal_bsp.a(altera_avalon_jtag_uart_write.o)
                                        0x20f (size before relaxing)
 .debug_str     0x0000000000000535       0xb6 ../GPIO3_bsp/\libhal_bsp.a(altera_avalon_timer_sc.o)
                                        0x245 (size before relaxing)
 .debug_str     0x00000000000005eb       0x42 ../GPIO3_bsp/\libhal_bsp.a(alt_busy_sleep.o)
                                        0x165 (size before relaxing)
 .debug_str     0x000000000000062d       0x44 ../GPIO3_bsp/\libhal_bsp.a(alt_close.o)
                                        0x205 (size before relaxing)
 .debug_str     0x0000000000000671       0x34 ../GPIO3_bsp/\libhal_bsp.a(alt_dcache_flush_all.o)
                                        0x14f (size before relaxing)
 .debug_str     0x00000000000006a5      0x120 ../GPIO3_bsp/\libhal_bsp.a(alt_dev.o)
                                        0x2ff (size before relaxing)
 .debug_str     0x00000000000007c5       0x45 ../GPIO3_bsp/\libhal_bsp.a(alt_dev_llist_insert.o)
                                        0x1c6 (size before relaxing)
 .debug_str     0x000000000000080a       0x14 ../GPIO3_bsp/\libhal_bsp.a(alt_errno.o)
                                        0x13f (size before relaxing)
 .debug_str     0x000000000000081e       0x34 ../GPIO3_bsp/\libhal_bsp.a(alt_icache_flush_all.o)
                                        0x14f (size before relaxing)
 .debug_str     0x0000000000000852       0xc4 ../GPIO3_bsp/\libhal_bsp.a(alt_iic.o)
                                        0x238 (size before relaxing)
 .debug_str     0x0000000000000916       0x4c ../GPIO3_bsp/\libhal_bsp.a(alt_iic_isr_register.o)
                                        0x1e2 (size before relaxing)
 .debug_str     0x0000000000000962       0x56 ../GPIO3_bsp/\libhal_bsp.a(alt_io_redirect.o)
                                        0x310 (size before relaxing)
 .debug_str     0x00000000000009b8       0x3a ../GPIO3_bsp/\libhal_bsp.a(alt_irq_handler.o)
                                        0x191 (size before relaxing)
 .debug_str     0x00000000000009f2       0x17 ../GPIO3_bsp/\libhal_bsp.a(alt_irq_vars.o)
                                        0x134 (size before relaxing)
 .debug_str     0x0000000000000a09       0x2f ../GPIO3_bsp/\libhal_bsp.a(alt_open.o)
                                        0x245 (size before relaxing)
 .debug_str     0x0000000000000a38       0x28 ../GPIO3_bsp/\libhal_bsp.a(alt_release_fd.o)
                                        0x1cd (size before relaxing)
 .debug_str     0x0000000000000a60       0x78 ../GPIO3_bsp/\libhal_bsp.a(alt_tick.o)
                                        0x24c (size before relaxing)
 .debug_str     0x0000000000000ad8       0x3b ../GPIO3_bsp/\libhal_bsp.a(altera_nios2_gen2_irq.o)
                                        0x156 (size before relaxing)
 .debug_str     0x0000000000000b13       0x24 ../GPIO3_bsp/\libhal_bsp.a(alt_find_dev.o)
                                        0x1e6 (size before relaxing)
 .debug_str     0x0000000000000b37       0x26 ../GPIO3_bsp/\libhal_bsp.a(alt_find_file.o)
                                        0x1f4 (size before relaxing)
 .debug_str     0x0000000000000b5d       0x30 ../GPIO3_bsp/\libhal_bsp.a(alt_get_fd.o)
                                        0x216 (size before relaxing)
 .debug_str     0x0000000000000b8d       0x2c ../GPIO3_bsp/\libhal_bsp.a(alt_icache_flush.o)
                                        0x155 (size before relaxing)
 .debug_str     0x0000000000000bb9      0x48b ../GPIO3_bsp/\libhal_bsp.a(alt_instruction_exception_entry.o)
                                        0x59a (size before relaxing)
 .debug_str     0x0000000000001044      0x128 c:/intelfpga/17.0/nios2eds/bin/gnu/h-x86_64-mingw32/bin/../lib/gcc/nios2-elf/5.3.0/../../../../../H-x86_64-mingw32/nios2-elf/lib\libsmallc.a(lib_a-exit.o)
                                        0x1d6 (size before relaxing)
 .debug_str     0x000000000000116c       0xc5 c:/intelfpga/17.0/nios2eds/bin/gnu/h-x86_64-mingw32/bin/../lib/gcc/nios2-elf/5.3.0/../../../../../H-x86_64-mingw32/nios2-elf/lib\libsmallc.a(lib_a-int_errno.o)
                                        0x1be (size before relaxing)
 .debug_str     0x0000000000001231       0xd2 c:/intelfpga/17.0/nios2eds/bin/gnu/h-x86_64-mingw32/bin/../lib/gcc/nios2-elf/5.3.0/../../../../../H-x86_64-mingw32/nios2-elf/lib\libsmallc.a(lib_a-memcmp.o)
                                        0x1c5 (size before relaxing)
 .debug_str     0x0000000000001303       0x41 c:/intelfpga/17.0/nios2eds/bin/gnu/h-x86_64-mingw32/bin/../lib/gcc/nios2-elf/5.3.0/../../../../../H-x86_64-mingw32/nios2-elf/lib\libsmallc.a(lib_a-strlen.o)
                                        0x1cb (size before relaxing)
 .debug_str     0x0000000000001344      0x310 c:/intelfpga/17.0/nios2eds/bin/gnu/h-x86_64-mingw32/bin/../lib/gcc/nios2-elf/5.3.0/../../../../../H-x86_64-mingw32/nios2-elf/lib\libsmallc.a(lib_a-__call_atexit.o)
                                        0x4d1 (size before relaxing)
 .debug_str     0x0000000000001654       0x45 c:/intelfpga/17.0/nios2eds/bin/gnu/h-x86_64-mingw32/bin/../lib/gcc/nios2-elf/5.3.0/../../../../../H-x86_64-mingw32/nios2-elf/lib\libsmallc.a(lib_a-impure.o)
                                        0x4a4 (size before relaxing)
 .debug_str     0x0000000000001699      0x16d c:/intelfpga/17.0/nios2eds/bin/gnu/h-x86_64-mingw32/bin/../lib/gcc/nios2-elf/5.3.0\libgcc.a(lib2-divmod.o)
                                        0x1b8 (size before relaxing)
 .debug_str     0x0000000000001806       0x2a ../GPIO3_bsp/\libhal_bsp.a(alt_exit.o)
                                        0x14b (size before relaxing)

.debug_loc      0x0000000000000000      0x6f5
 *(.debug_loc)
 .debug_loc     0x0000000000000000       0x1e c:/intelfpga/17.0/nios2eds/bin/gnu/h-x86_64-mingw32/bin/../lib/gcc/nios2-elf/5.3.0/../../../../../H-x86_64-mingw32/nios2-elf/lib\libsmallc.a(lib_a-exit.o)
 .debug_loc     0x000000000000001e       0x94 c:/intelfpga/17.0/nios2eds/bin/gnu/h-x86_64-mingw32/bin/../lib/gcc/nios2-elf/5.3.0/../../../../../H-x86_64-mingw32/nios2-elf/lib\libsmallc.a(lib_a-memcmp.o)
 .debug_loc     0x00000000000000b2       0x1e c:/intelfpga/17.0/nios2eds/bin/gnu/h-x86_64-mingw32/bin/../lib/gcc/nios2-elf/5.3.0/../../../../../H-x86_64-mingw32/nios2-elf/lib\libsmallc.a(lib_a-strlen.o)
 .debug_loc     0x00000000000000d0      0x157 c:/intelfpga/17.0/nios2eds/bin/gnu/h-x86_64-mingw32/bin/../lib/gcc/nios2-elf/5.3.0/../../../../../H-x86_64-mingw32/nios2-elf/lib\libsmallc.a(lib_a-__call_atexit.o)
 .debug_loc     0x0000000000000227      0x4ce c:/intelfpga/17.0/nios2eds/bin/gnu/h-x86_64-mingw32/bin/../lib/gcc/nios2-elf/5.3.0\libgcc.a(lib2-divmod.o)

.debug_macinfo
 *(.debug_macinfo)

.debug_weaknames
 *(.debug_weaknames)

.debug_funcnames
 *(.debug_funcnames)

.debug_typenames
 *(.debug_typenames)

.debug_varnames
 *(.debug_varnames)

.debug_alt_sim_info
                0x0000000000000000       0x50
 *(.debug_alt_sim_info)
 .debug_alt_sim_info
                0x0000000000000000       0x20 ../GPIO3_bsp//obj/HAL/src/crt0.o
 .debug_alt_sim_info
                0x0000000000000020       0x30 ../GPIO3_bsp/\libhal_bsp.a(alt_busy_sleep.o)
                0x000000000000d000                __alt_data_end = 0xd000
                0x000000000000d000                PROVIDE (__alt_stack_pointer, __alt_data_end)
                [!provide]                        PROVIDE (__alt_stack_limit, __alt_stack_base)
                [!provide]                        PROVIDE (__alt_heap_start, end)
                [!provide]                        PROVIDE (__alt_heap_limit, 0xd000)
OUTPUT(GPIO3.elf elf32-littlenios2)

.debug_ranges   0x0000000000000000      0x170
 .debug_ranges  0x0000000000000000       0x20 ../GPIO3_bsp//obj/HAL/src/crt0.o
 .debug_ranges  0x0000000000000020       0x18 ../GPIO3_bsp/\libhal_bsp.a(altera_avalon_jtag_uart_read.o)
 .debug_ranges  0x0000000000000038       0x28 ../GPIO3_bsp/\libhal_bsp.a(alt_irq_entry.o)
 .debug_ranges  0x0000000000000060       0x10 ../GPIO3_bsp/\libhal_bsp.a(alt_irq_handler.o)
 .debug_ranges  0x0000000000000070       0x30 ../GPIO3_bsp/\libhal_bsp.a(alt_exception_entry.o)
 .debug_ranges  0x00000000000000a0       0x18 ../GPIO3_bsp/\libhal_bsp.a(alt_instruction_exception_entry.o)
 .debug_ranges  0x00000000000000b8       0x10 c:/intelfpga/17.0/nios2eds/bin/gnu/h-x86_64-mingw32/bin/../lib/gcc/nios2-elf/5.3.0/../../../../../H-x86_64-mingw32/nios2-elf/lib\libsmallc.a(lib_a-exit.o)
 .debug_ranges  0x00000000000000c8       0x10 c:/intelfpga/17.0/nios2eds/bin/gnu/h-x86_64-mingw32/bin/../lib/gcc/nios2-elf/5.3.0/../../../../../H-x86_64-mingw32/nios2-elf/lib\libsmallc.a(lib_a-memcmp.o)
 .debug_ranges  0x00000000000000d8       0x10 c:/intelfpga/17.0/nios2eds/bin/gnu/h-x86_64-mingw32/bin/../lib/gcc/nios2-elf/5.3.0/../../../../../H-x86_64-mingw32/nios2-elf/lib\libsmallc.a(lib_a-strlen.o)
 .debug_ranges  0x00000000000000e8       0x28 c:/intelfpga/17.0/nios2eds/bin/gnu/h-x86_64-mingw32/bin/../lib/gcc/nios2-elf/5.3.0/../../../../../H-x86_64-mingw32/nios2-elf/lib\libsmallc.a(lib_a-__call_atexit.o)
 .debug_ranges  0x0000000000000110       0x60 c:/intelfpga/17.0/nios2eds/bin/gnu/h-x86_64-mingw32/bin/../lib/gcc/nios2-elf/5.3.0\libgcc.a(lib2-divmod.o)
