Archive member included to satisfy reference by file (symbol)

../hello_world_small_bsp/\libhal_bsp.a(alt_load.o)
                              ../hello_world_small_bsp//obj/HAL/src/crt0.o (alt_load)
../hello_world_small_bsp/\libhal_bsp.a(alt_main.o)
                              ../hello_world_small_bsp//obj/HAL/src/crt0.o (alt_main)
../hello_world_small_bsp/\libhal_bsp.a(alt_putstr.o)
                              obj/default/hello_world_small.o (alt_putstr)
../hello_world_small_bsp/\libhal_bsp.a(alt_sys_init.o)
                              ../hello_world_small_bsp/\libhal_bsp.a(alt_main.o) (alt_irq_init)
../hello_world_small_bsp/\libhal_bsp.a(altera_avalon_jtag_uart_write.o)
                              ../hello_world_small_bsp/\libhal_bsp.a(alt_putstr.o) (altera_avalon_jtag_uart_write)
../hello_world_small_bsp/\libhal_bsp.a(alt_dcache_flush_all.o)
                              ../hello_world_small_bsp/\libhal_bsp.a(alt_load.o) (alt_dcache_flush_all)
../hello_world_small_bsp/\libhal_bsp.a(alt_icache_flush_all.o)
                              ../hello_world_small_bsp/\libhal_bsp.a(alt_load.o) (alt_icache_flush_all)
../hello_world_small_bsp/\libhal_bsp.a(altera_nios2_gen2_irq.o)
                              ../hello_world_small_bsp/\libhal_bsp.a(alt_sys_init.o) (altera_nios2_gen2_irq_init)
../hello_world_small_bsp/\libhal_bsp.a(alt_icache_flush.o)
                              ../hello_world_small_bsp/\libhal_bsp.a(alt_icache_flush_all.o) (alt_icache_flush)
c:/intelfpga/17.0/nios2eds/bin/gnu/h-x86_64-mingw32/bin/../lib/gcc/nios2-elf/5.3.0/../../../../../H-x86_64-mingw32/nios2-elf/lib\libsmallc.a(lib_a-strlen.o)
                              ../hello_world_small_bsp/\libhal_bsp.a(alt_putstr.o) (strlen)

Memory Configuration

Name             Origin             Length             Attributes
reset            0x0000000000008000 0x0000000000000020
onchip_memory2_0 0x0000000000008020 0x0000000000004fe0
*default*        0x0000000000000000 0xffffffffffffffff

Linker script and memory map

LOAD ../hello_world_small_bsp//obj/HAL/src/crt0.o
LOAD obj/default/hello_world_small.o
LOAD c:/intelfpga/17.0/nios2eds/bin/gnu/h-x86_64-mingw32/bin/../lib/gcc/nios2-elf/5.3.0/../../../../../H-x86_64-mingw32/nios2-elf/lib\libstdc++.a
LOAD c:/intelfpga/17.0/nios2eds/bin/gnu/h-x86_64-mingw32/bin/../lib/gcc/nios2-elf/5.3.0/../../../../../H-x86_64-mingw32/nios2-elf/lib\libm.a
LOAD c:/intelfpga/17.0/nios2eds/bin/gnu/h-x86_64-mingw32/bin/../lib/gcc/nios2-elf/5.3.0\libgcc.a
START GROUP
LOAD c:/intelfpga/17.0/nios2eds/bin/gnu/h-x86_64-mingw32/bin/../lib/gcc/nios2-elf/5.3.0/../../../../../H-x86_64-mingw32/nios2-elf/lib\libsmallc.a
LOAD c:/intelfpga/17.0/nios2eds/bin/gnu/h-x86_64-mingw32/bin/../lib/gcc/nios2-elf/5.3.0\libgcc.a
LOAD ../hello_world_small_bsp/\libhal_bsp.a
LOAD c:/intelfpga/17.0/nios2eds/bin/gnu/h-x86_64-mingw32/bin/../lib/gcc/nios2-elf/5.3.0/../../../../../H-x86_64-mingw32/nios2-elf/lib\libm.a
END GROUP
LOAD c:/intelfpga/17.0/nios2eds/bin/gnu/h-x86_64-mingw32/bin/../lib/gcc/nios2-elf/5.3.0\libgcc.a
                0x0000000000008000                __alt_mem_onchip_memory2_0 = 0x8000

.entry          0x0000000000008000       0x20
 *(.entry)
 .entry         0x0000000000008000       0x20 ../hello_world_small_bsp//obj/HAL/src/crt0.o
                0x0000000000008000                __reset
                0x000000000000801c                _exit

.exceptions     0x0000000000008020        0x0
                0x0000000000008020                PROVIDE (__ram_exceptions_start, ABSOLUTE (.))
                0x0000000000008020                . = ALIGN (0x20)
 *(.irq)
 *(.exceptions.entry.label)
 *(.exceptions.entry.user)
 *(.exceptions.entry.ecc_fatal)
 *(.exceptions.entry)
 *(.exceptions.irqtest.user)
 *(.exceptions.irqtest)
 *(.exceptions.irqhandler.user)
 *(.exceptions.irqhandler)
 *(.exceptions.irqreturn.user)
 *(.exceptions.irqreturn)
 *(.exceptions.notirq.label)
 *(.exceptions.notirq.user)
 *(.exceptions.notirq)
 *(.exceptions.soft.user)
 *(.exceptions.soft)
 *(.exceptions.unknown.user)
 *(.exceptions.unknown)
 *(.exceptions.exit.label)
 *(.exceptions.exit.user)
 *(.exceptions.exit)
 *(.exceptions)
                0x0000000000008020                PROVIDE (__ram_exceptions_end, ABSOLUTE (.))
                0x0000000000008020                PROVIDE (__flash_exceptions_start, LOADADDR (.exceptions))

.text           0x0000000000008020      0x280
                [!provide]                        PROVIDE (stext, ABSOLUTE (.))
 *(.interp)
 *(.hash)
 *(.dynsym)
 *(.dynstr)
 *(.gnu.version)
 *(.gnu.version_d)
 *(.gnu.version_r)
 *(.rel.init)
 *(.rela.init)
 *(.rel.text .rel.text.* .rel.gnu.linkonce.t.*)
 *(.rela.text .rela.text.* .rela.gnu.linkonce.t.*)
 *(.rel.fini)
 *(.rela.fini)
 *(.rel.rodata .rel.rodata.* .rel.gnu.linkonce.r.*)
 *(.rela.rodata .rela.rodata.* .rela.gnu.linkonce.r.*)
 *(.rel.data .rel.data.* .rel.gnu.linkonce.d.*)
 *(.rela.data .rela.data.* .rela.gnu.linkonce.d.*)
 *(.rel.tdata .rel.tdata.* .rel.gnu.linkonce.td.*)
 *(.rela.tdata .rela.tdata.* .rela.gnu.linkonce.td.*)
 *(.rel.tbss .rel.tbss.* .rel.gnu.linkonce.tb.*)
 *(.rela.tbss .rela.tbss.* .rela.gnu.linkonce.tb.*)
 *(.rel.ctors)
 *(.rela.ctors)
 *(.rel.dtors)
 *(.rela.dtors)
 *(.rel.got)
 *(.rela.got)
 *(.rel.sdata .rel.sdata.* .rel.gnu.linkonce.s.*)
 *(.rela.sdata .rela.sdata.* .rela.gnu.linkonce.s.*)
 *(.rel.sbss .rel.sbss.* .rel.gnu.linkonce.sb.*)
 *(.rela.sbss .rela.sbss.* .rela.gnu.linkonce.sb.*)
 *(.rel.sdata2 .rel.sdata2.* .rel.gnu.linkonce.s2.*)
 *(.rela.sdata2 .rela.sdata2.* .rela.gnu.linkonce.s2.*)
 *(.rel.sbss2 .rel.sbss2.* .rel.gnu.linkonce.sb2.*)
 *(.rela.sbss2 .rela.sbss2.* .rela.gnu.linkonce.sb2.*)
 *(.rel.bss .rel.bss.* .rel.gnu.linkonce.b.*)
 *(.rela.bss .rela.bss.* .rela.gnu.linkonce.b.*)
 *(.rel.plt)
 *(.rela.plt)
 *(.rel.dyn)
 *(.init)
 *(.plt)
 *(.text .stub .text.* .gnu.linkonce.t.*)
 .text          0x0000000000008020       0x4c ../hello_world_small_bsp//obj/HAL/src/crt0.o
                0x0000000000008020                _start
 .text          0x000000000000806c        0x0 obj/default/hello_world_small.o
 .text.startup  0x000000000000806c       0x18 obj/default/hello_world_small.o
                0x000000000000806c                main
 .text          0x0000000000008084       0xe0 ../hello_world_small_bsp/\libhal_bsp.a(alt_load.o)
                0x0000000000008084                alt_load
 .text          0x0000000000008164       0x2c ../hello_world_small_bsp/\libhal_bsp.a(alt_main.o)
                0x0000000000008164                alt_main
 .text          0x0000000000008190       0x38 ../hello_world_small_bsp/\libhal_bsp.a(alt_putstr.o)
                0x0000000000008190                alt_putstr
 .text          0x00000000000081c8       0x24 ../hello_world_small_bsp/\libhal_bsp.a(alt_sys_init.o)
                0x00000000000081c8                alt_irq_init
                0x00000000000081e8                alt_sys_init
 .text          0x00000000000081ec       0x34 ../hello_world_small_bsp/\libhal_bsp.a(altera_avalon_jtag_uart_write.o)
                0x00000000000081ec                altera_avalon_jtag_uart_write
 .text          0x0000000000008220       0x18 ../hello_world_small_bsp/\libhal_bsp.a(alt_dcache_flush_all.o)
                0x0000000000008220                alt_dcache_flush_all
 .text          0x0000000000008238        0xc ../hello_world_small_bsp/\libhal_bsp.a(alt_icache_flush_all.o)
                0x0000000000008238                alt_icache_flush_all
 .text          0x0000000000008244        0x8 ../hello_world_small_bsp/\libhal_bsp.a(altera_nios2_gen2_irq.o)
                0x0000000000008244                altera_nios2_gen2_irq_init
 .text          0x000000000000824c       0x38 ../hello_world_small_bsp/\libhal_bsp.a(alt_icache_flush.o)
                0x000000000000824c                alt_icache_flush
 .text          0x0000000000008284        0x0 c:/intelfpga/17.0/nios2eds/bin/gnu/h-x86_64-mingw32/bin/../lib/gcc/nios2-elf/5.3.0/../../../../../H-x86_64-mingw32/nios2-elf/lib\libsmallc.a(lib_a-strlen.o)
 .text.strlen   0x0000000000008284       0x1c c:/intelfpga/17.0/nios2eds/bin/gnu/h-x86_64-mingw32/bin/../lib/gcc/nios2-elf/5.3.0/../../../../../H-x86_64-mingw32/nios2-elf/lib\libsmallc.a(lib_a-strlen.o)
                0x0000000000008284                strlen
 *(.gnu.warning.*)
 *(.fini)
                [!provide]                        PROVIDE (__etext, ABSOLUTE (.))
                [!provide]                        PROVIDE (_etext, ABSOLUTE (.))
                [!provide]                        PROVIDE (etext, ABSOLUTE (.))
 *(.eh_frame_hdr)
                0x00000000000082a0                . = ALIGN (0x4)
                [!provide]                        PROVIDE (__preinit_array_start, ABSOLUTE (.))
 *(.preinit_array)
                [!provide]                        PROVIDE (__preinit_array_end, ABSOLUTE (.))
                [!provide]                        PROVIDE (__init_array_start, ABSOLUTE (.))
 *(.init_array)
                [!provide]                        PROVIDE (__init_array_end, ABSOLUTE (.))
                [!provide]                        PROVIDE (__fini_array_start, ABSOLUTE (.))
 *(.fini_array)
                [!provide]                        PROVIDE (__fini_array_end, ABSOLUTE (.))
 *(.eh_frame)
 *(.gcc_except_table .gcc_except_table.*)
 *(.dynamic)
                [!provide]                        PROVIDE (__CTOR_LIST__, ABSOLUTE (.))
 *(.ctors)
 *(SORT(.ctors.*))
                [!provide]                        PROVIDE (__CTOR_END__, ABSOLUTE (.))
                [!provide]                        PROVIDE (__DTOR_LIST__, ABSOLUTE (.))
 *(.dtors)
 *(SORT(.dtors.*))
                [!provide]                        PROVIDE (__DTOR_END__, ABSOLUTE (.))
 *(.jcr)
                0x00000000000082a0                . = ALIGN (0x4)

.rodata         0x00000000000082a0       0x18
                0x00000000000082a0                PROVIDE (__ram_rodata_start, ABSOLUTE (.))
                0x00000000000082a0                . = ALIGN (0x4)
 *(.rodata .rodata.* .gnu.linkonce.r.*)
 .rodata.str1.4
                0x00000000000082a0       0x18 obj/default/hello_world_small.o
                                         0x15 (size before relaxing)
 *(.rodata1)
                0x00000000000082b8                . = ALIGN (0x4)
                0x00000000000082b8                PROVIDE (__ram_rodata_end, ABSOLUTE (.))
                0x00000000000082a0                PROVIDE (__flash_rodata_start, LOADADDR (.rodata))

.rwdata         0x00000000000082b8        0x4 load address 0x00000000000082bc
                0x00000000000082b8                PROVIDE (__ram_rwdata_start, ABSOLUTE (.))
                0x00000000000082b8                . = ALIGN (0x4)
 *(.got.plt)
 *(.got)
 *(.data1)
 *(.data .data.* .gnu.linkonce.d.*)
 .data          0x00000000000082b8        0x0 ../hello_world_small_bsp//obj/HAL/src/crt0.o
 .data          0x00000000000082b8        0x0 obj/default/hello_world_small.o
 .data          0x00000000000082b8        0x0 ../hello_world_small_bsp/\libhal_bsp.a(alt_load.o)
 .data          0x00000000000082b8        0x0 ../hello_world_small_bsp/\libhal_bsp.a(alt_main.o)
 .data          0x00000000000082b8        0x0 ../hello_world_small_bsp/\libhal_bsp.a(alt_putstr.o)
 .data          0x00000000000082b8        0x0 ../hello_world_small_bsp/\libhal_bsp.a(alt_sys_init.o)
 .data          0x00000000000082b8        0x0 ../hello_world_small_bsp/\libhal_bsp.a(altera_avalon_jtag_uart_write.o)
 .data          0x00000000000082b8        0x0 ../hello_world_small_bsp/\libhal_bsp.a(alt_dcache_flush_all.o)
 .data          0x00000000000082b8        0x0 ../hello_world_small_bsp/\libhal_bsp.a(alt_icache_flush_all.o)
 .data          0x00000000000082b8        0x0 ../hello_world_small_bsp/\libhal_bsp.a(altera_nios2_gen2_irq.o)
 .data          0x00000000000082b8        0x0 ../hello_world_small_bsp/\libhal_bsp.a(alt_icache_flush.o)
 .data          0x00000000000082b8        0x0 c:/intelfpga/17.0/nios2eds/bin/gnu/h-x86_64-mingw32/bin/../lib/gcc/nios2-elf/5.3.0/../../../../../H-x86_64-mingw32/nios2-elf/lib\libsmallc.a(lib_a-strlen.o)
                0x00000000000102b8                _gp = ABSOLUTE ((. + 0x8000))
                [!provide]                        PROVIDE (gp, _gp)
 *(.rwdata .rwdata.*)
 *(.sdata .sdata.* .gnu.linkonce.s.*)
 .sdata         0x00000000000082b8        0x4 ../hello_world_small_bsp/\libhal_bsp.a(alt_sys_init.o)
                0x00000000000082b8                jtag_uart_0
 *(.sdata2 .sdata2.* .gnu.linkonce.s2.*)
                0x00000000000082bc                . = ALIGN (0x4)
                0x00000000000082bc                _edata = ABSOLUTE (.)
                [!provide]                        PROVIDE (edata, ABSOLUTE (.))
                0x00000000000082bc                PROVIDE (__ram_rwdata_end, ABSOLUTE (.))
                0x00000000000082bc                PROVIDE (__flash_rwdata_start, LOADADDR (.rwdata))

.bss            0x00000000000082c0        0xc
                0x00000000000082c0                __bss_start = ABSOLUTE (.)
                [!provide]                        PROVIDE (__sbss_start, ABSOLUTE (.))
                [!provide]                        PROVIDE (___sbss_start, ABSOLUTE (.))
 *(.dynsbss)
 *(.sbss .sbss.* .gnu.linkonce.sb.*)
 .sbss          0x00000000000082c0        0xc ../hello_world_small_bsp/\libhal_bsp.a(alt_main.o)
                0x00000000000082c0                alt_envp
                0x00000000000082c4                alt_argv
                0x00000000000082c8                alt_argc
 *(.sbss2 .sbss2.* .gnu.linkonce.sb2.*)
 *(.scommon)
                [!provide]                        PROVIDE (__sbss_end, ABSOLUTE (.))
                [!provide]                        PROVIDE (___sbss_end, ABSOLUTE (.))
 *(.dynbss)
 *(.bss .bss.* .gnu.linkonce.b.*)
 .bss           0x00000000000082cc        0x0 ../hello_world_small_bsp//obj/HAL/src/crt0.o
 .bss           0x00000000000082cc        0x0 obj/default/hello_world_small.o
 .bss           0x00000000000082cc        0x0 ../hello_world_small_bsp/\libhal_bsp.a(alt_load.o)
 .bss           0x00000000000082cc        0x0 ../hello_world_small_bsp/\libhal_bsp.a(alt_main.o)
 .bss           0x00000000000082cc        0x0 ../hello_world_small_bsp/\libhal_bsp.a(alt_putstr.o)
 .bss           0x00000000000082cc        0x0 ../hello_world_small_bsp/\libhal_bsp.a(alt_sys_init.o)
 .bss           0x00000000000082cc        0x0 ../hello_world_small_bsp/\libhal_bsp.a(altera_avalon_jtag_uart_write.o)
 .bss           0x00000000000082cc        0x0 ../hello_world_small_bsp/\libhal_bsp.a(alt_dcache_flush_all.o)
 .bss           0x00000000000082cc        0x0 ../hello_world_small_bsp/\libhal_bsp.a(alt_icache_flush_all.o)
 .bss           0x00000000000082cc        0x0 ../hello_world_small_bsp/\libhal_bsp.a(altera_nios2_gen2_irq.o)
 .bss           0x00000000000082cc        0x0 ../hello_world_small_bsp/\libhal_bsp.a(alt_icache_flush.o)
 .bss           0x00000000000082cc        0x0 c:/intelfpga/17.0/nios2eds/bin/gnu/h-x86_64-mingw32/bin/../lib/gcc/nios2-elf/5.3.0/../../../../../H-x86_64-mingw32/nios2-elf/lib\libsmallc.a(lib_a-strlen.o)
 *(COMMON)
                0x00000000000082cc                . = ALIGN (0x4)
                0x00000000000082cc                __bss_end = ABSOLUTE (.)

.onchip_memory2_0
                0x00000000000082cc        0x0
                [!provide]                        PROVIDE (_alt_partition_onchip_memory2_0_start, ABSOLUTE (.))
 *(.onchip_memory2_0 .onchip_memory2_0. onchip_memory2_0.*)
                0x00000000000082cc                . = ALIGN (0x4)
                [!provide]                        PROVIDE (_alt_partition_onchip_memory2_0_end, ABSOLUTE (.))
                0x00000000000082cc                _end = ABSOLUTE (.)
                0x00000000000082cc                end = ABSOLUTE (.)
                0x00000000000082cc                __alt_stack_base = ABSOLUTE (.)
                [!provide]                        PROVIDE (_alt_partition_onchip_memory2_0_load_addr, LOADADDR (.onchip_memory2_0))

.stab
 *(.stab)

.stabstr
 *(.stabstr)

.stab.excl
 *(.stab.excl)

.stab.exclstr
 *(.stab.exclstr)

.stab.index
 *(.stab.index)

.stab.indexstr
 *(.stab.indexstr)

.comment        0x0000000000000000       0x23
 *(.comment)
 .comment       0x0000000000000000       0x23 obj/default/hello_world_small.o
                                         0x24 (size before relaxing)
 .comment       0x0000000000000023       0x24 ../hello_world_small_bsp/\libhal_bsp.a(alt_load.o)
 .comment       0x0000000000000023       0x24 ../hello_world_small_bsp/\libhal_bsp.a(alt_main.o)
 .comment       0x0000000000000023       0x24 ../hello_world_small_bsp/\libhal_bsp.a(alt_putstr.o)
 .comment       0x0000000000000023       0x24 ../hello_world_small_bsp/\libhal_bsp.a(alt_sys_init.o)
 .comment       0x0000000000000023       0x24 ../hello_world_small_bsp/\libhal_bsp.a(altera_avalon_jtag_uart_write.o)
 .comment       0x0000000000000023       0x24 ../hello_world_small_bsp/\libhal_bsp.a(alt_dcache_flush_all.o)
 .comment       0x0000000000000023       0x24 ../hello_world_small_bsp/\libhal_bsp.a(alt_icache_flush_all.o)
 .comment       0x0000000000000023       0x24 ../hello_world_small_bsp/\libhal_bsp.a(altera_nios2_gen2_irq.o)
 .comment       0x0000000000000023       0x24 ../hello_world_small_bsp/\libhal_bsp.a(alt_icache_flush.o)
 .comment       0x0000000000000023       0x24 c:/intelfpga/17.0/nios2eds/bin/gnu/h-x86_64-mingw32/bin/../lib/gcc/nios2-elf/5.3.0/../../../../../H-x86_64-mingw32/nios2-elf/lib\libsmallc.a(lib_a-strlen.o)

.debug
 *(.debug)

.line
 *(.line)

.debug_srcinfo
 *(.debug_srcinfo)

.debug_sfnames
 *(.debug_sfnames)

.debug_aranges  0x0000000000000000      0x188
 *(.debug_aranges)
 .debug_aranges
                0x0000000000000000       0x28 ../hello_world_small_bsp//obj/HAL/src/crt0.o
 .debug_aranges
                0x0000000000000028       0x20 obj/default/hello_world_small.o
 .debug_aranges
                0x0000000000000048       0x20 ../hello_world_small_bsp/\libhal_bsp.a(alt_load.o)
 .debug_aranges
                0x0000000000000068       0x20 ../hello_world_small_bsp/\libhal_bsp.a(alt_main.o)
 .debug_aranges
                0x0000000000000088       0x20 ../hello_world_small_bsp/\libhal_bsp.a(alt_putstr.o)
 .debug_aranges
                0x00000000000000a8       0x20 ../hello_world_small_bsp/\libhal_bsp.a(alt_sys_init.o)
 .debug_aranges
                0x00000000000000c8       0x20 ../hello_world_small_bsp/\libhal_bsp.a(altera_avalon_jtag_uart_write.o)
 .debug_aranges
                0x00000000000000e8       0x20 ../hello_world_small_bsp/\libhal_bsp.a(alt_dcache_flush_all.o)
 .debug_aranges
                0x0000000000000108       0x20 ../hello_world_small_bsp/\libhal_bsp.a(alt_icache_flush_all.o)
 .debug_aranges
                0x0000000000000128       0x20 ../hello_world_small_bsp/\libhal_bsp.a(altera_nios2_gen2_irq.o)
 .debug_aranges
                0x0000000000000148       0x20 ../hello_world_small_bsp/\libhal_bsp.a(alt_icache_flush.o)
 .debug_aranges
                0x0000000000000168       0x20 c:/intelfpga/17.0/nios2eds/bin/gnu/h-x86_64-mingw32/bin/../lib/gcc/nios2-elf/5.3.0/../../../../../H-x86_64-mingw32/nios2-elf/lib\libsmallc.a(lib_a-strlen.o)

.debug_pubnames
 *(.debug_pubnames)

.debug_info     0x0000000000000000      0xc20
 *(.debug_info .gnu.linkonce.wi.*)
 .debug_info    0x0000000000000000       0x84 ../hello_world_small_bsp//obj/HAL/src/crt0.o
 .debug_info    0x0000000000000084       0x65 obj/default/hello_world_small.o
 .debug_info    0x00000000000000e9      0x1c9 ../hello_world_small_bsp/\libhal_bsp.a(alt_load.o)
 .debug_info    0x00000000000002b2      0x169 ../hello_world_small_bsp/\libhal_bsp.a(alt_main.o)
 .debug_info    0x000000000000041b      0x13a ../hello_world_small_bsp/\libhal_bsp.a(alt_putstr.o)
 .debug_info    0x0000000000000555      0x19d ../hello_world_small_bsp/\libhal_bsp.a(alt_sys_init.o)
 .debug_info    0x00000000000006f2      0x197 ../hello_world_small_bsp/\libhal_bsp.a(altera_avalon_jtag_uart_write.o)
 .debug_info    0x0000000000000889       0xa6 ../hello_world_small_bsp/\libhal_bsp.a(alt_dcache_flush_all.o)
 .debug_info    0x000000000000092f       0xb8 ../hello_world_small_bsp/\libhal_bsp.a(alt_icache_flush_all.o)
 .debug_info    0x00000000000009e7       0x92 ../hello_world_small_bsp/\libhal_bsp.a(altera_nios2_gen2_irq.o)
 .debug_info    0x0000000000000a79       0xde ../hello_world_small_bsp/\libhal_bsp.a(alt_icache_flush.o)
 .debug_info    0x0000000000000b57       0xc9 c:/intelfpga/17.0/nios2eds/bin/gnu/h-x86_64-mingw32/bin/../lib/gcc/nios2-elf/5.3.0/../../../../../H-x86_64-mingw32/nios2-elf/lib\libsmallc.a(lib_a-strlen.o)

.debug_abbrev   0x0000000000000000      0x717
 *(.debug_abbrev)
 .debug_abbrev  0x0000000000000000       0x12 ../hello_world_small_bsp//obj/HAL/src/crt0.o
 .debug_abbrev  0x0000000000000012       0x64 obj/default/hello_world_small.o
 .debug_abbrev  0x0000000000000076       0xd8 ../hello_world_small_bsp/\libhal_bsp.a(alt_load.o)
 .debug_abbrev  0x000000000000014e       0xee ../hello_world_small_bsp/\libhal_bsp.a(alt_main.o)
 .debug_abbrev  0x000000000000023c       0xd3 ../hello_world_small_bsp/\libhal_bsp.a(alt_putstr.o)
 .debug_abbrev  0x000000000000030f      0x10e ../hello_world_small_bsp/\libhal_bsp.a(alt_sys_init.o)
 .debug_abbrev  0x000000000000041d       0xd5 ../hello_world_small_bsp/\libhal_bsp.a(altera_avalon_jtag_uart_write.o)
 .debug_abbrev  0x00000000000004f2       0x5a ../hello_world_small_bsp/\libhal_bsp.a(alt_dcache_flush_all.o)
 .debug_abbrev  0x000000000000054c       0x6f ../hello_world_small_bsp/\libhal_bsp.a(alt_icache_flush_all.o)
 .debug_abbrev  0x00000000000005bb       0x42 ../hello_world_small_bsp/\libhal_bsp.a(altera_nios2_gen2_irq.o)
 .debug_abbrev  0x00000000000005fd       0x9b ../hello_world_small_bsp/\libhal_bsp.a(alt_icache_flush.o)
 .debug_abbrev  0x0000000000000698       0x7f c:/intelfpga/17.0/nios2eds/bin/gnu/h-x86_64-mingw32/bin/../lib/gcc/nios2-elf/5.3.0/../../../../../H-x86_64-mingw32/nios2-elf/lib\libsmallc.a(lib_a-strlen.o)

.debug_line     0x0000000000000000      0x7e4
 *(.debug_line)
 .debug_line    0x0000000000000000       0x72 ../hello_world_small_bsp//obj/HAL/src/crt0.o
 .debug_line    0x0000000000000072       0x7e obj/default/hello_world_small.o
 .debug_line    0x00000000000000f0       0xa4 ../hello_world_small_bsp/\libhal_bsp.a(alt_load.o)
 .debug_line    0x0000000000000194       0xbd ../hello_world_small_bsp/\libhal_bsp.a(alt_main.o)
 .debug_line    0x0000000000000251       0x9b ../hello_world_small_bsp/\libhal_bsp.a(alt_putstr.o)
 .debug_line    0x00000000000002ec      0x11a ../hello_world_small_bsp/\libhal_bsp.a(alt_sys_init.o)
 .debug_line    0x0000000000000406       0xf0 ../hello_world_small_bsp/\libhal_bsp.a(altera_avalon_jtag_uart_write.o)
 .debug_line    0x00000000000004f6       0x5a ../hello_world_small_bsp/\libhal_bsp.a(alt_dcache_flush_all.o)
 .debug_line    0x0000000000000550       0x6e ../hello_world_small_bsp/\libhal_bsp.a(alt_icache_flush_all.o)
 .debug_line    0x00000000000005be       0x50 ../hello_world_small_bsp/\libhal_bsp.a(altera_nios2_gen2_irq.o)
 .debug_line    0x000000000000060e       0x7d ../hello_world_small_bsp/\libhal_bsp.a(alt_icache_flush.o)
 .debug_line    0x000000000000068b      0x159 c:/intelfpga/17.0/nios2eds/bin/gnu/h-x86_64-mingw32/bin/../lib/gcc/nios2-elf/5.3.0/../../../../../H-x86_64-mingw32/nios2-elf/lib\libsmallc.a(lib_a-strlen.o)

.debug_frame    0x0000000000000000      0x1b0
 *(.debug_frame)
 .debug_frame   0x0000000000000000       0x28 obj/default/hello_world_small.o
 .debug_frame   0x0000000000000028       0x30 ../hello_world_small_bsp/\libhal_bsp.a(alt_load.o)
 .debug_frame   0x0000000000000058       0x2c ../hello_world_small_bsp/\libhal_bsp.a(alt_main.o)
 .debug_frame   0x0000000000000084       0x30 ../hello_world_small_bsp/\libhal_bsp.a(alt_putstr.o)
 .debug_frame   0x00000000000000b4       0x3c ../hello_world_small_bsp/\libhal_bsp.a(alt_sys_init.o)
 .debug_frame   0x00000000000000f0       0x20 ../hello_world_small_bsp/\libhal_bsp.a(altera_avalon_jtag_uart_write.o)
 .debug_frame   0x0000000000000110       0x20 ../hello_world_small_bsp/\libhal_bsp.a(alt_dcache_flush_all.o)
 .debug_frame   0x0000000000000130       0x20 ../hello_world_small_bsp/\libhal_bsp.a(alt_icache_flush_all.o)
 .debug_frame   0x0000000000000150       0x20 ../hello_world_small_bsp/\libhal_bsp.a(altera_nios2_gen2_irq.o)
 .debug_frame   0x0000000000000170       0x20 ../hello_world_small_bsp/\libhal_bsp.a(alt_icache_flush.o)
 .debug_frame   0x0000000000000190       0x20 c:/intelfpga/17.0/nios2eds/bin/gnu/h-x86_64-mingw32/bin/../lib/gcc/nios2-elf/5.3.0/../../../../../H-x86_64-mingw32/nios2-elf/lib\libsmallc.a(lib_a-strlen.o)

.debug_str      0x0000000000000000      0x618
 *(.debug_str)
 .debug_str     0x0000000000000000       0xb1 obj/default/hello_world_small.o
                                         0xb6 (size before relaxing)
 .debug_str     0x00000000000000b1      0x1d0 ../hello_world_small_bsp/\libhal_bsp.a(alt_load.o)
                                        0x24f (size before relaxing)
 .debug_str     0x0000000000000281       0x8f ../hello_world_small_bsp/\libhal_bsp.a(alt_main.o)
                                        0x1c8 (size before relaxing)
 .debug_str     0x0000000000000310       0x66 ../hello_world_small_bsp/\libhal_bsp.a(alt_putstr.o)
                                        0x1a5 (size before relaxing)
 .debug_str     0x0000000000000376       0xb9 ../hello_world_small_bsp/\libhal_bsp.a(alt_sys_init.o)
                                        0x271 (size before relaxing)
 .debug_str     0x000000000000042f       0x3f ../hello_world_small_bsp/\libhal_bsp.a(altera_avalon_jtag_uart_write.o)
                                        0x228 (size before relaxing)
 .debug_str     0x000000000000046e       0x1f ../hello_world_small_bsp/\libhal_bsp.a(alt_dcache_flush_all.o)
                                        0x168 (size before relaxing)
 .debug_str     0x000000000000048d       0x30 ../hello_world_small_bsp/\libhal_bsp.a(alt_icache_flush_all.o)
                                        0x179 (size before relaxing)
 .debug_str     0x00000000000004bd       0x20 ../hello_world_small_bsp/\libhal_bsp.a(altera_nios2_gen2_irq.o)
                                        0x16f (size before relaxing)
 .debug_str     0x00000000000004dd       0x1b ../hello_world_small_bsp/\libhal_bsp.a(alt_icache_flush.o)
                                        0x16e (size before relaxing)
 .debug_str     0x00000000000004f8      0x120 c:/intelfpga/17.0/nios2eds/bin/gnu/h-x86_64-mingw32/bin/../lib/gcc/nios2-elf/5.3.0/../../../../../H-x86_64-mingw32/nios2-elf/lib\libsmallc.a(lib_a-strlen.o)
                                        0x1cb (size before relaxing)

.debug_loc      0x0000000000000000      0x172
 *(.debug_loc)
 .debug_loc     0x0000000000000000       0x37 ../hello_world_small_bsp/\libhal_bsp.a(alt_putstr.o)
 .debug_loc     0x0000000000000037       0x21 ../hello_world_small_bsp/\libhal_bsp.a(alt_sys_init.o)
 .debug_loc     0x0000000000000058       0x8b ../hello_world_small_bsp/\libhal_bsp.a(altera_avalon_jtag_uart_write.o)
 .debug_loc     0x00000000000000e3       0x1f ../hello_world_small_bsp/\libhal_bsp.a(alt_dcache_flush_all.o)
 .debug_loc     0x0000000000000102       0x52 ../hello_world_small_bsp/\libhal_bsp.a(alt_icache_flush.o)
 .debug_loc     0x0000000000000154       0x1e c:/intelfpga/17.0/nios2eds/bin/gnu/h-x86_64-mingw32/bin/../lib/gcc/nios2-elf/5.3.0/../../../../../H-x86_64-mingw32/nios2-elf/lib\libsmallc.a(lib_a-strlen.o)

.debug_macinfo
 *(.debug_macinfo)

.debug_weaknames
 *(.debug_weaknames)

.debug_funcnames
 *(.debug_funcnames)

.debug_typenames
 *(.debug_typenames)

.debug_varnames
 *(.debug_varnames)

.debug_alt_sim_info
                0x0000000000000000       0x30
 *(.debug_alt_sim_info)
 .debug_alt_sim_info
                0x0000000000000000       0x30 ../hello_world_small_bsp//obj/HAL/src/crt0.o
                0x000000000000d000                __alt_data_end = 0xd000
                0x000000000000d000                PROVIDE (__alt_stack_pointer, __alt_data_end)
                [!provide]                        PROVIDE (__alt_stack_limit, __alt_stack_base)
                [!provide]                        PROVIDE (__alt_heap_start, end)
                [!provide]                        PROVIDE (__alt_heap_limit, 0xd000)
OUTPUT(hello_world_small.elf elf32-littlenios2)

.debug_ranges   0x0000000000000000       0x98
 .debug_ranges  0x0000000000000000       0x20 ../hello_world_small_bsp//obj/HAL/src/crt0.o
 .debug_ranges  0x0000000000000020       0x10 obj/default/hello_world_small.o
 .debug_ranges  0x0000000000000030       0x48 ../hello_world_small_bsp/\libhal_bsp.a(alt_load.o)
 .debug_ranges  0x0000000000000078       0x10 ../hello_world_small_bsp/\libhal_bsp.a(alt_icache_flush.o)
 .debug_ranges  0x0000000000000088       0x10 c:/intelfpga/17.0/nios2eds/bin/gnu/h-x86_64-mingw32/bin/../lib/gcc/nios2-elf/5.3.0/../../../../../H-x86_64-mingw32/nios2-elf/lib\libsmallc.a(lib_a-strlen.o)
