Archive member included to satisfy reference by file (symbol)

c:/intelfpga/17.0/nios2eds/bin/gnu/h-x86_64-mingw32/bin/../lib/gcc/nios2-elf/5.3.0/../../../../../H-x86_64-mingw32/nios2-elf/lib\libsmallc.a(lib_a-printf.o)
                              obj/default/hello_world_small.o (printf)
c:/intelfpga/17.0/nios2eds/bin/gnu/h-x86_64-mingw32/bin/../lib/gcc/nios2-elf/5.3.0/../../../../../H-x86_64-mingw32/nios2-elf/lib\libsmallc.a(lib_a-vfprintf.o)
                              c:/intelfpga/17.0/nios2eds/bin/gnu/h-x86_64-mingw32/bin/../lib/gcc/nios2-elf/5.3.0/../../../../../H-x86_64-mingw32/nios2-elf/lib\libsmallc.a(lib_a-printf.o) (___vfprintf_internal_r)
c:/intelfpga/17.0/nios2eds/bin/gnu/h-x86_64-mingw32/bin/../lib/gcc/nios2-elf/5.3.0/../../../../../H-x86_64-mingw32/nios2-elf/lib\libsmallc.a(lib_a-fvwrite_small_dev.o)
                              c:/intelfpga/17.0/nios2eds/bin/gnu/h-x86_64-mingw32/bin/../lib/gcc/nios2-elf/5.3.0/../../../../../H-x86_64-mingw32/nios2-elf/lib\libsmallc.a(lib_a-printf.o) (__sfvwrite_small_dev)
c:/intelfpga/17.0/nios2eds/bin/gnu/h-x86_64-mingw32/bin/../lib/gcc/nios2-elf/5.3.0/../../../../../H-x86_64-mingw32/nios2-elf/lib\libsmallc.a(lib_a-impure.o)
                              c:/intelfpga/17.0/nios2eds/bin/gnu/h-x86_64-mingw32/bin/../lib/gcc/nios2-elf/5.3.0/../../../../../H-x86_64-mingw32/nios2-elf/lib\libsmallc.a(lib_a-printf.o) (_impure_ptr)
c:/intelfpga/17.0/nios2eds/bin/gnu/h-x86_64-mingw32/bin/../lib/gcc/nios2-elf/5.3.0/../../../../../H-x86_64-mingw32/nios2-elf/lib\libsmallc.a(lib_a-strlen.o)
                              c:/intelfpga/17.0/nios2eds/bin/gnu/h-x86_64-mingw32/bin/../lib/gcc/nios2-elf/5.3.0/../../../../../H-x86_64-mingw32/nios2-elf/lib\libsmallc.a(lib_a-vfprintf.o) (strlen)
c:/intelfpga/17.0/nios2eds/bin/gnu/h-x86_64-mingw32/bin/../lib/gcc/nios2-elf/5.3.0/../../../../../H-x86_64-mingw32/nios2-elf/lib\libsmallc.a(lib_a-writer.o)
                              c:/intelfpga/17.0/nios2eds/bin/gnu/h-x86_64-mingw32/bin/../lib/gcc/nios2-elf/5.3.0/../../../../../H-x86_64-mingw32/nios2-elf/lib\libsmallc.a(lib_a-fvwrite_small_dev.o) (_write_r)
c:/intelfpga/17.0/nios2eds/bin/gnu/h-x86_64-mingw32/bin/../lib/gcc/nios2-elf/5.3.0/../../../../../H-x86_64-mingw32/nios2-elf/lib\libsmallc.a(lib_a-int_errno.o)
                              c:/intelfpga/17.0/nios2eds/bin/gnu/h-x86_64-mingw32/bin/../lib/gcc/nios2-elf/5.3.0/../../../../../H-x86_64-mingw32/nios2-elf/lib\libsmallc.a(lib_a-writer.o) (errno)
c:/intelfpga/17.0/nios2eds/bin/gnu/h-x86_64-mingw32/bin/../lib/gcc/nios2-elf/5.3.0\libgcc.a(lib2-divmod.o)
                              c:/intelfpga/17.0/nios2eds/bin/gnu/h-x86_64-mingw32/bin/../lib/gcc/nios2-elf/5.3.0/../../../../../H-x86_64-mingw32/nios2-elf/lib\libsmallc.a(lib_a-vfprintf.o) (__udivsi3)
../full_camera_bsp/\libhal_bsp.a(alt_getchar.o)
                              obj/default/hello_world_small.o (alt_getchar)
../full_camera_bsp/\libhal_bsp.a(alt_load.o)
                              ../full_camera_bsp//obj/HAL/src/crt0.o (alt_load)
../full_camera_bsp/\libhal_bsp.a(alt_main.o)
                              ../full_camera_bsp//obj/HAL/src/crt0.o (alt_main)
../full_camera_bsp/\libhal_bsp.a(alt_printf.o)
                              obj/default/hello_world_small.o (alt_printf)
../full_camera_bsp/\libhal_bsp.a(alt_putchar.o)
                              ../full_camera_bsp/\libhal_bsp.a(alt_printf.o) (alt_putchar)
../full_camera_bsp/\libhal_bsp.a(alt_usleep.o)
                              obj/default/hello_world_small.o (usleep)
../full_camera_bsp/\libhal_bsp.a(alt_write.o)
                              c:/intelfpga/17.0/nios2eds/bin/gnu/h-x86_64-mingw32/bin/../lib/gcc/nios2-elf/5.3.0/../../../../../H-x86_64-mingw32/nios2-elf/lib\libsmallc.a(lib_a-writer.o) (write)
../full_camera_bsp/\libhal_bsp.a(alt_sys_init.o)
                              ../full_camera_bsp/\libhal_bsp.a(alt_main.o) (alt_irq_init)
../full_camera_bsp/\libhal_bsp.a(altera_avalon_jtag_uart_read.o)
                              ../full_camera_bsp/\libhal_bsp.a(alt_getchar.o) (altera_avalon_jtag_uart_read)
../full_camera_bsp/\libhal_bsp.a(altera_avalon_jtag_uart_write.o)
                              ../full_camera_bsp/\libhal_bsp.a(alt_putchar.o) (altera_avalon_jtag_uart_write)
../full_camera_bsp/\libhal_bsp.a(alt_busy_sleep.o)
                              ../full_camera_bsp/\libhal_bsp.a(alt_usleep.o) (alt_busy_sleep)
../full_camera_bsp/\libhal_bsp.a(alt_dcache_flush_all.o)
                              ../full_camera_bsp/\libhal_bsp.a(alt_load.o) (alt_dcache_flush_all)
../full_camera_bsp/\libhal_bsp.a(alt_dev.o)
                              ../full_camera_bsp/\libhal_bsp.a(alt_getchar.o) (alt_fd_list)
../full_camera_bsp/\libhal_bsp.a(alt_errno.o)
                              ../full_camera_bsp/\libhal_bsp.a(alt_write.o) (alt_errno)
../full_camera_bsp/\libhal_bsp.a(alt_icache_flush_all.o)
                              ../full_camera_bsp/\libhal_bsp.a(alt_load.o) (alt_icache_flush_all)
../full_camera_bsp/\libhal_bsp.a(altera_nios2_gen2_irq.o)
                              ../full_camera_bsp/\libhal_bsp.a(alt_sys_init.o) (altera_nios2_gen2_irq_init)
../full_camera_bsp/\libhal_bsp.a(alt_icache_flush.o)
                              ../full_camera_bsp/\libhal_bsp.a(alt_icache_flush_all.o) (alt_icache_flush)

Allocating common symbols
Common symbol       size              file

errno               0x4               c:/intelfpga/17.0/nios2eds/bin/gnu/h-x86_64-mingw32/bin/../lib/gcc/nios2-elf/5.3.0/../../../../../H-x86_64-mingw32/nios2-elf/lib\libsmallc.a(lib_a-int_errno.o)

Memory Configuration

Name             Origin             Length             Attributes
reset            0x0000000000008000 0x0000000000000020
onchip_mem       0x0000000000008020 0x0000000000004fe0
*default*        0x0000000000000000 0xffffffffffffffff

Linker script and memory map

LOAD ../full_camera_bsp//obj/HAL/src/crt0.o
LOAD obj/default/hello_world_small.o
LOAD c:/intelfpga/17.0/nios2eds/bin/gnu/h-x86_64-mingw32/bin/../lib/gcc/nios2-elf/5.3.0/../../../../../H-x86_64-mingw32/nios2-elf/lib\libstdc++.a
LOAD c:/intelfpga/17.0/nios2eds/bin/gnu/h-x86_64-mingw32/bin/../lib/gcc/nios2-elf/5.3.0/../../../../../H-x86_64-mingw32/nios2-elf/lib\libm.a
LOAD c:/intelfpga/17.0/nios2eds/bin/gnu/h-x86_64-mingw32/bin/../lib/gcc/nios2-elf/5.3.0\libgcc.a
START GROUP
LOAD c:/intelfpga/17.0/nios2eds/bin/gnu/h-x86_64-mingw32/bin/../lib/gcc/nios2-elf/5.3.0/../../../../../H-x86_64-mingw32/nios2-elf/lib\libsmallc.a
LOAD c:/intelfpga/17.0/nios2eds/bin/gnu/h-x86_64-mingw32/bin/../lib/gcc/nios2-elf/5.3.0\libgcc.a
LOAD ../full_camera_bsp/\libhal_bsp.a
LOAD c:/intelfpga/17.0/nios2eds/bin/gnu/h-x86_64-mingw32/bin/../lib/gcc/nios2-elf/5.3.0/../../../../../H-x86_64-mingw32/nios2-elf/lib\libm.a
END GROUP
LOAD c:/intelfpga/17.0/nios2eds/bin/gnu/h-x86_64-mingw32/bin/../lib/gcc/nios2-elf/5.3.0\libgcc.a
                0x0000000000008000                __alt_mem_onchip_mem = 0x8000

.entry          0x0000000000008000       0x20
 *(.entry)
 .entry         0x0000000000008000       0x20 ../full_camera_bsp//obj/HAL/src/crt0.o
                0x0000000000008000                __reset
                0x000000000000801c                _exit

.exceptions     0x0000000000008020        0x0
                0x0000000000008020                PROVIDE (__ram_exceptions_start, ABSOLUTE (.))
                0x0000000000008020                . = ALIGN (0x20)
 *(.irq)
 *(.exceptions.entry.label)
 *(.exceptions.entry.user)
 *(.exceptions.entry.ecc_fatal)
 *(.exceptions.entry)
 *(.exceptions.irqtest.user)
 *(.exceptions.irqtest)
 *(.exceptions.irqhandler.user)
 *(.exceptions.irqhandler)
 *(.exceptions.irqreturn.user)
 *(.exceptions.irqreturn)
 *(.exceptions.notirq.label)
 *(.exceptions.notirq.user)
 *(.exceptions.notirq)
 *(.exceptions.soft.user)
 *(.exceptions.soft)
 *(.exceptions.unknown.user)
 *(.exceptions.unknown)
 *(.exceptions.exit.label)
 *(.exceptions.exit.user)
 *(.exceptions.exit)
 *(.exceptions)
                0x0000000000008020                PROVIDE (__ram_exceptions_end, ABSOLUTE (.))
                0x0000000000008020                PROVIDE (__flash_exceptions_start, LOADADDR (.exceptions))

.text           0x0000000000008020     0x1044
                [!provide]                        PROVIDE (stext, ABSOLUTE (.))
 *(.interp)
 *(.hash)
 *(.dynsym)
 *(.dynstr)
 *(.gnu.version)
 *(.gnu.version_d)
 *(.gnu.version_r)
 *(.rel.init)
 *(.rela.init)
 *(.rel.text .rel.text.* .rel.gnu.linkonce.t.*)
 *(.rela.text .rela.text.* .rela.gnu.linkonce.t.*)
 *(.rel.fini)
 *(.rela.fini)
 *(.rel.rodata .rel.rodata.* .rel.gnu.linkonce.r.*)
 *(.rela.rodata .rela.rodata.* .rela.gnu.linkonce.r.*)
 *(.rel.data .rel.data.* .rel.gnu.linkonce.d.*)
 *(.rela.data .rela.data.* .rela.gnu.linkonce.d.*)
 *(.rel.tdata .rel.tdata.* .rel.gnu.linkonce.td.*)
 *(.rela.tdata .rela.tdata.* .rela.gnu.linkonce.td.*)
 *(.rel.tbss .rel.tbss.* .rel.gnu.linkonce.tb.*)
 *(.rela.tbss .rela.tbss.* .rela.gnu.linkonce.tb.*)
 *(.rel.ctors)
 *(.rela.ctors)
 *(.rel.dtors)
 *(.rela.dtors)
 *(.rel.got)
 *(.rela.got)
 *(.rel.sdata .rel.sdata.* .rel.gnu.linkonce.s.*)
 *(.rela.sdata .rela.sdata.* .rela.gnu.linkonce.s.*)
 *(.rel.sbss .rel.sbss.* .rel.gnu.linkonce.sb.*)
 *(.rela.sbss .rela.sbss.* .rela.gnu.linkonce.sb.*)
 *(.rel.sdata2 .rel.sdata2.* .rel.gnu.linkonce.s2.*)
 *(.rela.sdata2 .rela.sdata2.* .rela.gnu.linkonce.s2.*)
 *(.rel.sbss2 .rel.sbss2.* .rel.gnu.linkonce.sb2.*)
 *(.rela.sbss2 .rela.sbss2.* .rela.gnu.linkonce.sb2.*)
 *(.rel.bss .rel.bss.* .rel.gnu.linkonce.b.*)
 *(.rela.bss .rela.bss.* .rela.gnu.linkonce.b.*)
 *(.rel.plt)
 *(.rela.plt)
 *(.rel.dyn)
 *(.init)
 *(.plt)
 *(.text .stub .text.* .gnu.linkonce.t.*)
 .text          0x0000000000008020       0x3c ../full_camera_bsp//obj/HAL/src/crt0.o
                0x0000000000008020                _start
 .text          0x000000000000805c       0x8c obj/default/hello_world_small.o
                0x000000000000805c                sendData
 .text.startup  0x00000000000080e8      0x178 obj/default/hello_world_small.o
                0x00000000000080e8                main
 .text          0x0000000000008260        0x0 c:/intelfpga/17.0/nios2eds/bin/gnu/h-x86_64-mingw32/bin/../lib/gcc/nios2-elf/5.3.0/../../../../../H-x86_64-mingw32/nios2-elf/lib\libsmallc.a(lib_a-printf.o)
 .text._printf_r
                0x0000000000008260       0x3c c:/intelfpga/17.0/nios2eds/bin/gnu/h-x86_64-mingw32/bin/../lib/gcc/nios2-elf/5.3.0/../../../../../H-x86_64-mingw32/nios2-elf/lib\libsmallc.a(lib_a-printf.o)
                0x0000000000008260                _printf_r
 .text.printf   0x000000000000829c       0x4c c:/intelfpga/17.0/nios2eds/bin/gnu/h-x86_64-mingw32/bin/../lib/gcc/nios2-elf/5.3.0/../../../../../H-x86_64-mingw32/nios2-elf/lib\libsmallc.a(lib_a-printf.o)
                0x000000000000829c                printf
 .text          0x00000000000082e8        0x0 c:/intelfpga/17.0/nios2eds/bin/gnu/h-x86_64-mingw32/bin/../lib/gcc/nios2-elf/5.3.0/../../../../../H-x86_64-mingw32/nios2-elf/lib\libsmallc.a(lib_a-vfprintf.o)
 .text.print_repeat
                0x00000000000082e8       0x6c c:/intelfpga/17.0/nios2eds/bin/gnu/h-x86_64-mingw32/bin/../lib/gcc/nios2-elf/5.3.0/../../../../../H-x86_64-mingw32/nios2-elf/lib\libsmallc.a(lib_a-vfprintf.o)
 .text.___vfprintf_internal_r
                0x0000000000008354      0x524 c:/intelfpga/17.0/nios2eds/bin/gnu/h-x86_64-mingw32/bin/../lib/gcc/nios2-elf/5.3.0/../../../../../H-x86_64-mingw32/nios2-elf/lib\libsmallc.a(lib_a-vfprintf.o)
                0x0000000000008354                ___vfprintf_internal_r
 .text.__vfprintf_internal
                0x0000000000008878       0x1c c:/intelfpga/17.0/nios2eds/bin/gnu/h-x86_64-mingw32/bin/../lib/gcc/nios2-elf/5.3.0/../../../../../H-x86_64-mingw32/nios2-elf/lib\libsmallc.a(lib_a-vfprintf.o)
                0x0000000000008878                __vfprintf_internal
 .text          0x0000000000008894        0x0 c:/intelfpga/17.0/nios2eds/bin/gnu/h-x86_64-mingw32/bin/../lib/gcc/nios2-elf/5.3.0/../../../../../H-x86_64-mingw32/nios2-elf/lib\libsmallc.a(lib_a-fvwrite_small_dev.o)
 .text.__sfvwrite_small_dev
                0x0000000000008894       0xb8 c:/intelfpga/17.0/nios2eds/bin/gnu/h-x86_64-mingw32/bin/../lib/gcc/nios2-elf/5.3.0/../../../../../H-x86_64-mingw32/nios2-elf/lib\libsmallc.a(lib_a-fvwrite_small_dev.o)
                0x0000000000008894                __sfvwrite_small_dev
 .text          0x000000000000894c        0x0 c:/intelfpga/17.0/nios2eds/bin/gnu/h-x86_64-mingw32/bin/../lib/gcc/nios2-elf/5.3.0/../../../../../H-x86_64-mingw32/nios2-elf/lib\libsmallc.a(lib_a-impure.o)
 .text          0x000000000000894c        0x0 c:/intelfpga/17.0/nios2eds/bin/gnu/h-x86_64-mingw32/bin/../lib/gcc/nios2-elf/5.3.0/../../../../../H-x86_64-mingw32/nios2-elf/lib\libsmallc.a(lib_a-strlen.o)
 .text.strlen   0x000000000000894c       0x1c c:/intelfpga/17.0/nios2eds/bin/gnu/h-x86_64-mingw32/bin/../lib/gcc/nios2-elf/5.3.0/../../../../../H-x86_64-mingw32/nios2-elf/lib\libsmallc.a(lib_a-strlen.o)
                0x000000000000894c                strlen
 .text          0x0000000000008968        0x0 c:/intelfpga/17.0/nios2eds/bin/gnu/h-x86_64-mingw32/bin/../lib/gcc/nios2-elf/5.3.0/../../../../../H-x86_64-mingw32/nios2-elf/lib\libsmallc.a(lib_a-writer.o)
 .text._write_r
                0x0000000000008968       0x58 c:/intelfpga/17.0/nios2eds/bin/gnu/h-x86_64-mingw32/bin/../lib/gcc/nios2-elf/5.3.0/../../../../../H-x86_64-mingw32/nios2-elf/lib\libsmallc.a(lib_a-writer.o)
                0x0000000000008968                _write_r
 .text          0x00000000000089c0        0x0 c:/intelfpga/17.0/nios2eds/bin/gnu/h-x86_64-mingw32/bin/../lib/gcc/nios2-elf/5.3.0/../../../../../H-x86_64-mingw32/nios2-elf/lib\libsmallc.a(lib_a-int_errno.o)
 .text          0x00000000000089c0      0x1b4 c:/intelfpga/17.0/nios2eds/bin/gnu/h-x86_64-mingw32/bin/../lib/gcc/nios2-elf/5.3.0\libgcc.a(lib2-divmod.o)
                0x00000000000089c0                __divsi3
                0x0000000000008a44                __modsi3
                0x0000000000008ab8                __udivsi3
                0x0000000000008b1c                __umodsi3
 .text          0x0000000000008b74       0x44 ../full_camera_bsp/\libhal_bsp.a(alt_getchar.o)
                0x0000000000008b74                alt_getchar
 .text          0x0000000000008bb8       0xe0 ../full_camera_bsp/\libhal_bsp.a(alt_load.o)
                0x0000000000008bb8                alt_load
 .text          0x0000000000008c98       0x2c ../full_camera_bsp/\libhal_bsp.a(alt_main.o)
                0x0000000000008c98                alt_main
 .text          0x0000000000008cc4      0x170 ../full_camera_bsp/\libhal_bsp.a(alt_printf.o)
                0x0000000000008cc4                alt_printf
 .text          0x0000000000008e34       0x48 ../full_camera_bsp/\libhal_bsp.a(alt_putchar.o)
                0x0000000000008e34                alt_putchar
 .text          0x0000000000008e7c        0x4 ../full_camera_bsp/\libhal_bsp.a(alt_usleep.o)
                0x0000000000008e7c                usleep
 .text          0x0000000000008e80       0x60 ../full_camera_bsp/\libhal_bsp.a(alt_write.o)
                0x0000000000008e80                write
 .text          0x0000000000008ee0       0x24 ../full_camera_bsp/\libhal_bsp.a(alt_sys_init.o)
                0x0000000000008ee0                alt_irq_init
                0x0000000000008f00                alt_sys_init
 .text          0x0000000000008f04       0x5c ../full_camera_bsp/\libhal_bsp.a(altera_avalon_jtag_uart_read.o)
                0x0000000000008f04                altera_avalon_jtag_uart_read
 .text          0x0000000000008f60       0x34 ../full_camera_bsp/\libhal_bsp.a(altera_avalon_jtag_uart_write.o)
                0x0000000000008f60                altera_avalon_jtag_uart_write
 .text          0x0000000000008f94       0x78 ../full_camera_bsp/\libhal_bsp.a(alt_busy_sleep.o)
                0x0000000000008f94                alt_busy_sleep
 .text          0x000000000000900c        0x4 ../full_camera_bsp/\libhal_bsp.a(alt_dcache_flush_all.o)
                0x000000000000900c                alt_dcache_flush_all
 .text          0x0000000000009010        0x8 ../full_camera_bsp/\libhal_bsp.a(alt_dev.o)
 .text          0x0000000000009018        0x0 ../full_camera_bsp/\libhal_bsp.a(alt_errno.o)
 .text          0x0000000000009018        0xc ../full_camera_bsp/\libhal_bsp.a(alt_icache_flush_all.o)
                0x0000000000009018                alt_icache_flush_all
 .text          0x0000000000009024        0x8 ../full_camera_bsp/\libhal_bsp.a(altera_nios2_gen2_irq.o)
                0x0000000000009024                altera_nios2_gen2_irq_init
 .text          0x000000000000902c       0x38 ../full_camera_bsp/\libhal_bsp.a(alt_icache_flush.o)
                0x000000000000902c                alt_icache_flush
 *(.gnu.warning.*)
 *(.fini)
                [!provide]                        PROVIDE (__etext, ABSOLUTE (.))
                [!provide]                        PROVIDE (_etext, ABSOLUTE (.))
                [!provide]                        PROVIDE (etext, ABSOLUTE (.))
 *(.eh_frame_hdr)
                0x0000000000009064                . = ALIGN (0x4)
                [!provide]                        PROVIDE (__preinit_array_start, ABSOLUTE (.))
 *(.preinit_array)
                [!provide]                        PROVIDE (__preinit_array_end, ABSOLUTE (.))
                [!provide]                        PROVIDE (__init_array_start, ABSOLUTE (.))
 *(.init_array)
                [!provide]                        PROVIDE (__init_array_end, ABSOLUTE (.))
                [!provide]                        PROVIDE (__fini_array_start, ABSOLUTE (.))
 *(.fini_array)
                [!provide]                        PROVIDE (__fini_array_end, ABSOLUTE (.))
 *(.eh_frame)
 *(.gcc_except_table .gcc_except_table.*)
 *(.dynamic)
                [!provide]                        PROVIDE (__CTOR_LIST__, ABSOLUTE (.))
 *(.ctors)
 *(SORT(.ctors.*))
                [!provide]                        PROVIDE (__CTOR_END__, ABSOLUTE (.))
                [!provide]                        PROVIDE (__DTOR_LIST__, ABSOLUTE (.))
 *(.dtors)
 *(SORT(.dtors.*))
                [!provide]                        PROVIDE (__DTOR_END__, ABSOLUTE (.))
 *(.jcr)
                0x0000000000009064                . = ALIGN (0x4)

.rodata         0x0000000000009064      0x178
                0x0000000000009064                PROVIDE (__ram_rodata_start, ABSOLUTE (.))
                0x0000000000009064                . = ALIGN (0x4)
 *(.rodata .rodata.* .gnu.linkonce.r.*)
 .rodata.str1.4
                0x0000000000009064      0x16c obj/default/hello_world_small.o
 .rodata.str1.4
                0x00000000000091d0        0xc ../full_camera_bsp/\libhal_bsp.a(alt_dev.o)
                                          0xa (size before relaxing)
 *(.rodata1)
                0x00000000000091dc                . = ALIGN (0x4)
                0x00000000000091dc                PROVIDE (__ram_rodata_end, ABSOLUTE (.))
                0x0000000000009064                PROVIDE (__flash_rodata_start, LOADADDR (.rodata))

.rwdata         0x00000000000091dc      0x15c load address 0x0000000000009338
                0x00000000000091dc                PROVIDE (__ram_rwdata_start, ABSOLUTE (.))
                0x00000000000091dc                . = ALIGN (0x4)
 *(.got.plt)
 *(.got)
 *(.data1)
 *(.data .data.* .gnu.linkonce.d.*)
 .data          0x00000000000091dc        0x0 ../full_camera_bsp//obj/HAL/src/crt0.o
 .data          0x00000000000091dc        0x0 obj/default/hello_world_small.o
 .data          0x00000000000091dc        0x0 c:/intelfpga/17.0/nios2eds/bin/gnu/h-x86_64-mingw32/bin/../lib/gcc/nios2-elf/5.3.0/../../../../../H-x86_64-mingw32/nios2-elf/lib\libsmallc.a(lib_a-printf.o)
 .data          0x00000000000091dc        0x0 c:/intelfpga/17.0/nios2eds/bin/gnu/h-x86_64-mingw32/bin/../lib/gcc/nios2-elf/5.3.0/../../../../../H-x86_64-mingw32/nios2-elf/lib\libsmallc.a(lib_a-vfprintf.o)
 .data          0x00000000000091dc        0x0 c:/intelfpga/17.0/nios2eds/bin/gnu/h-x86_64-mingw32/bin/../lib/gcc/nios2-elf/5.3.0/../../../../../H-x86_64-mingw32/nios2-elf/lib\libsmallc.a(lib_a-fvwrite_small_dev.o)
 .data          0x00000000000091dc        0x0 c:/intelfpga/17.0/nios2eds/bin/gnu/h-x86_64-mingw32/bin/../lib/gcc/nios2-elf/5.3.0/../../../../../H-x86_64-mingw32/nios2-elf/lib\libsmallc.a(lib_a-impure.o)
 .data.impure_data
                0x00000000000091dc       0xe0 c:/intelfpga/17.0/nios2eds/bin/gnu/h-x86_64-mingw32/bin/../lib/gcc/nios2-elf/5.3.0/../../../../../H-x86_64-mingw32/nios2-elf/lib\libsmallc.a(lib_a-impure.o)
 .data          0x00000000000092bc        0x0 c:/intelfpga/17.0/nios2eds/bin/gnu/h-x86_64-mingw32/bin/../lib/gcc/nios2-elf/5.3.0/../../../../../H-x86_64-mingw32/nios2-elf/lib\libsmallc.a(lib_a-strlen.o)
 .data          0x00000000000092bc        0x0 c:/intelfpga/17.0/nios2eds/bin/gnu/h-x86_64-mingw32/bin/../lib/gcc/nios2-elf/5.3.0/../../../../../H-x86_64-mingw32/nios2-elf/lib\libsmallc.a(lib_a-writer.o)
 .data          0x00000000000092bc        0x0 c:/intelfpga/17.0/nios2eds/bin/gnu/h-x86_64-mingw32/bin/../lib/gcc/nios2-elf/5.3.0/../../../../../H-x86_64-mingw32/nios2-elf/lib\libsmallc.a(lib_a-int_errno.o)
 .data          0x00000000000092bc        0x0 c:/intelfpga/17.0/nios2eds/bin/gnu/h-x86_64-mingw32/bin/../lib/gcc/nios2-elf/5.3.0\libgcc.a(lib2-divmod.o)
 .data          0x00000000000092bc        0x0 ../full_camera_bsp/\libhal_bsp.a(alt_getchar.o)
 .data          0x00000000000092bc        0x0 ../full_camera_bsp/\libhal_bsp.a(alt_load.o)
 .data          0x00000000000092bc        0x0 ../full_camera_bsp/\libhal_bsp.a(alt_main.o)
 .data          0x00000000000092bc        0x0 ../full_camera_bsp/\libhal_bsp.a(alt_printf.o)
 .data          0x00000000000092bc        0x0 ../full_camera_bsp/\libhal_bsp.a(alt_putchar.o)
 .data          0x00000000000092bc        0x0 ../full_camera_bsp/\libhal_bsp.a(alt_usleep.o)
 .data          0x00000000000092bc        0x0 ../full_camera_bsp/\libhal_bsp.a(alt_write.o)
 .data          0x00000000000092bc        0x0 ../full_camera_bsp/\libhal_bsp.a(alt_sys_init.o)
 .data          0x00000000000092bc        0x0 ../full_camera_bsp/\libhal_bsp.a(altera_avalon_jtag_uart_read.o)
 .data          0x00000000000092bc        0x0 ../full_camera_bsp/\libhal_bsp.a(altera_avalon_jtag_uart_write.o)
 .data          0x00000000000092bc        0x0 ../full_camera_bsp/\libhal_bsp.a(alt_busy_sleep.o)
 .data          0x00000000000092bc        0x0 ../full_camera_bsp/\libhal_bsp.a(alt_dcache_flush_all.o)
 .data          0x00000000000092bc       0x58 ../full_camera_bsp/\libhal_bsp.a(alt_dev.o)
                0x00000000000092bc                alt_fd_list
                0x00000000000092ec                alt_dev_null
 .data          0x0000000000009314        0x0 ../full_camera_bsp/\libhal_bsp.a(alt_errno.o)
 .data          0x0000000000009314        0x0 ../full_camera_bsp/\libhal_bsp.a(alt_icache_flush_all.o)
 .data          0x0000000000009314        0x0 ../full_camera_bsp/\libhal_bsp.a(altera_nios2_gen2_irq.o)
 .data          0x0000000000009314        0x0 ../full_camera_bsp/\libhal_bsp.a(alt_icache_flush.o)
                0x0000000000011314                _gp = ABSOLUTE ((. + 0x8000))
                [!provide]                        PROVIDE (gp, _gp)
 *(.rwdata .rwdata.*)
 *(.sdata .sdata.* .gnu.linkonce.s.*)
 .sdata._global_impure_ptr
                0x0000000000009314        0x4 c:/intelfpga/17.0/nios2eds/bin/gnu/h-x86_64-mingw32/bin/../lib/gcc/nios2-elf/5.3.0/../../../../../H-x86_64-mingw32/nios2-elf/lib\libsmallc.a(lib_a-impure.o)
                0x0000000000009314                _global_impure_ptr
 .sdata._impure_ptr
                0x0000000000009318        0x4 c:/intelfpga/17.0/nios2eds/bin/gnu/h-x86_64-mingw32/bin/../lib/gcc/nios2-elf/5.3.0/../../../../../H-x86_64-mingw32/nios2-elf/lib\libsmallc.a(lib_a-impure.o)
                0x0000000000009318                _impure_ptr
 .sdata         0x000000000000931c        0x4 ../full_camera_bsp/\libhal_bsp.a(alt_sys_init.o)
                0x000000000000931c                jtag_uart
 .sdata         0x0000000000009320       0x14 ../full_camera_bsp/\libhal_bsp.a(alt_dev.o)
                0x0000000000009320                alt_max_fd
                0x0000000000009324                alt_dev_list
                0x000000000000932c                alt_fs_list
 .sdata         0x0000000000009334        0x4 ../full_camera_bsp/\libhal_bsp.a(alt_errno.o)
                0x0000000000009334                alt_errno
 *(.sdata2 .sdata2.* .gnu.linkonce.s2.*)
                0x0000000000009338                . = ALIGN (0x4)
                0x0000000000009338                _edata = ABSOLUTE (.)
                [!provide]                        PROVIDE (edata, ABSOLUTE (.))
                0x0000000000009338                PROVIDE (__ram_rwdata_end, ABSOLUTE (.))
                0x0000000000009338                PROVIDE (__flash_rwdata_start, LOADADDR (.rwdata))

.bss            0x0000000000009494       0x10
                0x0000000000009494                __bss_start = ABSOLUTE (.)
                [!provide]                        PROVIDE (__sbss_start, ABSOLUTE (.))
                [!provide]                        PROVIDE (___sbss_start, ABSOLUTE (.))
 *(.dynsbss)
 *(.sbss .sbss.* .gnu.linkonce.sb.*)
 .sbss          0x0000000000009494        0x4 c:/intelfpga/17.0/nios2eds/bin/gnu/h-x86_64-mingw32/bin/../lib/gcc/nios2-elf/5.3.0/../../../../../H-x86_64-mingw32/nios2-elf/lib\libsmallc.a(lib_a-int_errno.o)
                0x0000000000009494                errno
 .sbss          0x0000000000009498        0xc ../full_camera_bsp/\libhal_bsp.a(alt_main.o)
                0x0000000000009498                alt_envp
                0x000000000000949c                alt_argv
                0x00000000000094a0                alt_argc
 *(.sbss2 .sbss2.* .gnu.linkonce.sb2.*)
 *(.scommon)
                [!provide]                        PROVIDE (__sbss_end, ABSOLUTE (.))
                [!provide]                        PROVIDE (___sbss_end, ABSOLUTE (.))
 *(.dynbss)
 *(.bss .bss.* .gnu.linkonce.b.*)
 .bss           0x00000000000094a4        0x0 ../full_camera_bsp//obj/HAL/src/crt0.o
 .bss           0x00000000000094a4        0x0 obj/default/hello_world_small.o
 .bss           0x00000000000094a4        0x0 c:/intelfpga/17.0/nios2eds/bin/gnu/h-x86_64-mingw32/bin/../lib/gcc/nios2-elf/5.3.0/../../../../../H-x86_64-mingw32/nios2-elf/lib\libsmallc.a(lib_a-printf.o)
 .bss           0x00000000000094a4        0x0 c:/intelfpga/17.0/nios2eds/bin/gnu/h-x86_64-mingw32/bin/../lib/gcc/nios2-elf/5.3.0/../../../../../H-x86_64-mingw32/nios2-elf/lib\libsmallc.a(lib_a-vfprintf.o)
 .bss           0x00000000000094a4        0x0 c:/intelfpga/17.0/nios2eds/bin/gnu/h-x86_64-mingw32/bin/../lib/gcc/nios2-elf/5.3.0/../../../../../H-x86_64-mingw32/nios2-elf/lib\libsmallc.a(lib_a-fvwrite_small_dev.o)
 .bss           0x00000000000094a4        0x0 c:/intelfpga/17.0/nios2eds/bin/gnu/h-x86_64-mingw32/bin/../lib/gcc/nios2-elf/5.3.0/../../../../../H-x86_64-mingw32/nios2-elf/lib\libsmallc.a(lib_a-impure.o)
 .bss           0x00000000000094a4        0x0 c:/intelfpga/17.0/nios2eds/bin/gnu/h-x86_64-mingw32/bin/../lib/gcc/nios2-elf/5.3.0/../../../../../H-x86_64-mingw32/nios2-elf/lib\libsmallc.a(lib_a-strlen.o)
 .bss           0x00000000000094a4        0x0 c:/intelfpga/17.0/nios2eds/bin/gnu/h-x86_64-mingw32/bin/../lib/gcc/nios2-elf/5.3.0/../../../../../H-x86_64-mingw32/nios2-elf/lib\libsmallc.a(lib_a-writer.o)
 .bss           0x00000000000094a4        0x0 c:/intelfpga/17.0/nios2eds/bin/gnu/h-x86_64-mingw32/bin/../lib/gcc/nios2-elf/5.3.0/../../../../../H-x86_64-mingw32/nios2-elf/lib\libsmallc.a(lib_a-int_errno.o)
 .bss           0x00000000000094a4        0x0 c:/intelfpga/17.0/nios2eds/bin/gnu/h-x86_64-mingw32/bin/../lib/gcc/nios2-elf/5.3.0\libgcc.a(lib2-divmod.o)
 .bss           0x00000000000094a4        0x0 ../full_camera_bsp/\libhal_bsp.a(alt_getchar.o)
 .bss           0x00000000000094a4        0x0 ../full_camera_bsp/\libhal_bsp.a(alt_load.o)
 .bss           0x00000000000094a4        0x0 ../full_camera_bsp/\libhal_bsp.a(alt_main.o)
 .bss           0x00000000000094a4        0x0 ../full_camera_bsp/\libhal_bsp.a(alt_printf.o)
 .bss           0x00000000000094a4        0x0 ../full_camera_bsp/\libhal_bsp.a(alt_putchar.o)
 .bss           0x00000000000094a4        0x0 ../full_camera_bsp/\libhal_bsp.a(alt_usleep.o)
 .bss           0x00000000000094a4        0x0 ../full_camera_bsp/\libhal_bsp.a(alt_write.o)
 .bss           0x00000000000094a4        0x0 ../full_camera_bsp/\libhal_bsp.a(alt_sys_init.o)
 .bss           0x00000000000094a4        0x0 ../full_camera_bsp/\libhal_bsp.a(altera_avalon_jtag_uart_read.o)
 .bss           0x00000000000094a4        0x0 ../full_camera_bsp/\libhal_bsp.a(altera_avalon_jtag_uart_write.o)
 .bss           0x00000000000094a4        0x0 ../full_camera_bsp/\libhal_bsp.a(alt_busy_sleep.o)
 .bss           0x00000000000094a4        0x0 ../full_camera_bsp/\libhal_bsp.a(alt_dcache_flush_all.o)
 .bss           0x00000000000094a4        0x0 ../full_camera_bsp/\libhal_bsp.a(alt_dev.o)
 .bss           0x00000000000094a4        0x0 ../full_camera_bsp/\libhal_bsp.a(alt_errno.o)
 .bss           0x00000000000094a4        0x0 ../full_camera_bsp/\libhal_bsp.a(alt_icache_flush_all.o)
 .bss           0x00000000000094a4        0x0 ../full_camera_bsp/\libhal_bsp.a(altera_nios2_gen2_irq.o)
 .bss           0x00000000000094a4        0x0 ../full_camera_bsp/\libhal_bsp.a(alt_icache_flush.o)
 *(COMMON)
                0x00000000000094a4                . = ALIGN (0x4)
                0x00000000000094a4                __bss_end = ABSOLUTE (.)

.onchip_mem     0x00000000000094a4        0x0
                [!provide]                        PROVIDE (_alt_partition_onchip_mem_start, ABSOLUTE (.))
 *(.onchip_mem .onchip_mem. onchip_mem.*)
                0x00000000000094a4                . = ALIGN (0x4)
                [!provide]                        PROVIDE (_alt_partition_onchip_mem_end, ABSOLUTE (.))
                0x00000000000094a4                _end = ABSOLUTE (.)
                0x00000000000094a4                end = ABSOLUTE (.)
                0x00000000000094a4                __alt_stack_base = ABSOLUTE (.)
                [!provide]                        PROVIDE (_alt_partition_onchip_mem_load_addr, LOADADDR (.onchip_mem))

.stab
 *(.stab)

.stabstr
 *(.stabstr)

.stab.excl
 *(.stab.excl)

.stab.exclstr
 *(.stab.exclstr)

.stab.index
 *(.stab.index)

.stab.indexstr
 *(.stab.indexstr)

.comment        0x0000000000000000       0x23
 *(.comment)
 .comment       0x0000000000000000       0x23 obj/default/hello_world_small.o
                                         0x24 (size before relaxing)
 .comment       0x0000000000000023       0x24 c:/intelfpga/17.0/nios2eds/bin/gnu/h-x86_64-mingw32/bin/../lib/gcc/nios2-elf/5.3.0/../../../../../H-x86_64-mingw32/nios2-elf/lib\libsmallc.a(lib_a-printf.o)
 .comment       0x0000000000000023       0x24 c:/intelfpga/17.0/nios2eds/bin/gnu/h-x86_64-mingw32/bin/../lib/gcc/nios2-elf/5.3.0/../../../../../H-x86_64-mingw32/nios2-elf/lib\libsmallc.a(lib_a-vfprintf.o)
 .comment       0x0000000000000023       0x24 c:/intelfpga/17.0/nios2eds/bin/gnu/h-x86_64-mingw32/bin/../lib/gcc/nios2-elf/5.3.0/../../../../../H-x86_64-mingw32/nios2-elf/lib\libsmallc.a(lib_a-fvwrite_small_dev.o)
 .comment       0x0000000000000023       0x24 c:/intelfpga/17.0/nios2eds/bin/gnu/h-x86_64-mingw32/bin/../lib/gcc/nios2-elf/5.3.0/../../../../../H-x86_64-mingw32/nios2-elf/lib\libsmallc.a(lib_a-impure.o)
 .comment       0x0000000000000023       0x24 c:/intelfpga/17.0/nios2eds/bin/gnu/h-x86_64-mingw32/bin/../lib/gcc/nios2-elf/5.3.0/../../../../../H-x86_64-mingw32/nios2-elf/lib\libsmallc.a(lib_a-strlen.o)
 .comment       0x0000000000000023       0x24 c:/intelfpga/17.0/nios2eds/bin/gnu/h-x86_64-mingw32/bin/../lib/gcc/nios2-elf/5.3.0/../../../../../H-x86_64-mingw32/nios2-elf/lib\libsmallc.a(lib_a-writer.o)
 .comment       0x0000000000000023       0x24 c:/intelfpga/17.0/nios2eds/bin/gnu/h-x86_64-mingw32/bin/../lib/gcc/nios2-elf/5.3.0/../../../../../H-x86_64-mingw32/nios2-elf/lib\libsmallc.a(lib_a-int_errno.o)
 .comment       0x0000000000000023       0x24 c:/intelfpga/17.0/nios2eds/bin/gnu/h-x86_64-mingw32/bin/../lib/gcc/nios2-elf/5.3.0\libgcc.a(lib2-divmod.o)
 .comment       0x0000000000000023       0x24 ../full_camera_bsp/\libhal_bsp.a(alt_getchar.o)
 .comment       0x0000000000000023       0x24 ../full_camera_bsp/\libhal_bsp.a(alt_load.o)
 .comment       0x0000000000000023       0x24 ../full_camera_bsp/\libhal_bsp.a(alt_main.o)
 .comment       0x0000000000000023       0x24 ../full_camera_bsp/\libhal_bsp.a(alt_printf.o)
 .comment       0x0000000000000023       0x24 ../full_camera_bsp/\libhal_bsp.a(alt_putchar.o)
 .comment       0x0000000000000023       0x24 ../full_camera_bsp/\libhal_bsp.a(alt_usleep.o)
 .comment       0x0000000000000023       0x24 ../full_camera_bsp/\libhal_bsp.a(alt_write.o)
 .comment       0x0000000000000023       0x24 ../full_camera_bsp/\libhal_bsp.a(alt_sys_init.o)
 .comment       0x0000000000000023       0x24 ../full_camera_bsp/\libhal_bsp.a(altera_avalon_jtag_uart_read.o)
 .comment       0x0000000000000023       0x24 ../full_camera_bsp/\libhal_bsp.a(altera_avalon_jtag_uart_write.o)
 .comment       0x0000000000000023       0x24 ../full_camera_bsp/\libhal_bsp.a(alt_busy_sleep.o)
 .comment       0x0000000000000023       0x24 ../full_camera_bsp/\libhal_bsp.a(alt_dcache_flush_all.o)
 .comment       0x0000000000000023       0x24 ../full_camera_bsp/\libhal_bsp.a(alt_dev.o)
 .comment       0x0000000000000023       0x24 ../full_camera_bsp/\libhal_bsp.a(alt_errno.o)
 .comment       0x0000000000000023       0x24 ../full_camera_bsp/\libhal_bsp.a(alt_icache_flush_all.o)
 .comment       0x0000000000000023       0x24 ../full_camera_bsp/\libhal_bsp.a(altera_nios2_gen2_irq.o)
 .comment       0x0000000000000023       0x24 ../full_camera_bsp/\libhal_bsp.a(alt_icache_flush.o)

.debug
 *(.debug)

.line
 *(.line)

.debug_srcinfo
 *(.debug_srcinfo)

.debug_sfnames
 *(.debug_sfnames)

.debug_aranges  0x0000000000000000      0x370
 *(.debug_aranges)
 .debug_aranges
                0x0000000000000000       0x28 ../full_camera_bsp//obj/HAL/src/crt0.o
 .debug_aranges
                0x0000000000000028       0x28 obj/default/hello_world_small.o
 .debug_aranges
                0x0000000000000050       0x28 c:/intelfpga/17.0/nios2eds/bin/gnu/h-x86_64-mingw32/bin/../lib/gcc/nios2-elf/5.3.0/../../../../../H-x86_64-mingw32/nios2-elf/lib\libsmallc.a(lib_a-printf.o)
 .debug_aranges
                0x0000000000000078       0x30 c:/intelfpga/17.0/nios2eds/bin/gnu/h-x86_64-mingw32/bin/../lib/gcc/nios2-elf/5.3.0/../../../../../H-x86_64-mingw32/nios2-elf/lib\libsmallc.a(lib_a-vfprintf.o)
 .debug_aranges
                0x00000000000000a8       0x20 c:/intelfpga/17.0/nios2eds/bin/gnu/h-x86_64-mingw32/bin/../lib/gcc/nios2-elf/5.3.0/../../../../../H-x86_64-mingw32/nios2-elf/lib\libsmallc.a(lib_a-fvwrite_small_dev.o)
 .debug_aranges
                0x00000000000000c8       0x18 c:/intelfpga/17.0/nios2eds/bin/gnu/h-x86_64-mingw32/bin/../lib/gcc/nios2-elf/5.3.0/../../../../../H-x86_64-mingw32/nios2-elf/lib\libsmallc.a(lib_a-impure.o)
 .debug_aranges
                0x00000000000000e0       0x20 c:/intelfpga/17.0/nios2eds/bin/gnu/h-x86_64-mingw32/bin/../lib/gcc/nios2-elf/5.3.0/../../../../../H-x86_64-mingw32/nios2-elf/lib\libsmallc.a(lib_a-strlen.o)
 .debug_aranges
                0x0000000000000100       0x20 c:/intelfpga/17.0/nios2eds/bin/gnu/h-x86_64-mingw32/bin/../lib/gcc/nios2-elf/5.3.0/../../../../../H-x86_64-mingw32/nios2-elf/lib\libsmallc.a(lib_a-writer.o)
 .debug_aranges
                0x0000000000000120       0x18 c:/intelfpga/17.0/nios2eds/bin/gnu/h-x86_64-mingw32/bin/../lib/gcc/nios2-elf/5.3.0/../../../../../H-x86_64-mingw32/nios2-elf/lib\libsmallc.a(lib_a-int_errno.o)
 .debug_aranges
                0x0000000000000138       0x20 c:/intelfpga/17.0/nios2eds/bin/gnu/h-x86_64-mingw32/bin/../lib/gcc/nios2-elf/5.3.0\libgcc.a(lib2-divmod.o)
 .debug_aranges
                0x0000000000000158       0x20 ../full_camera_bsp/\libhal_bsp.a(alt_getchar.o)
 .debug_aranges
                0x0000000000000178       0x20 ../full_camera_bsp/\libhal_bsp.a(alt_load.o)
 .debug_aranges
                0x0000000000000198       0x20 ../full_camera_bsp/\libhal_bsp.a(alt_main.o)
 .debug_aranges
                0x00000000000001b8       0x20 ../full_camera_bsp/\libhal_bsp.a(alt_printf.o)
 .debug_aranges
                0x00000000000001d8       0x20 ../full_camera_bsp/\libhal_bsp.a(alt_putchar.o)
 .debug_aranges
                0x00000000000001f8       0x20 ../full_camera_bsp/\libhal_bsp.a(alt_usleep.o)
 .debug_aranges
                0x0000000000000218       0x20 ../full_camera_bsp/\libhal_bsp.a(alt_write.o)
 .debug_aranges
                0x0000000000000238       0x20 ../full_camera_bsp/\libhal_bsp.a(alt_sys_init.o)
 .debug_aranges
                0x0000000000000258       0x20 ../full_camera_bsp/\libhal_bsp.a(altera_avalon_jtag_uart_read.o)
 .debug_aranges
                0x0000000000000278       0x20 ../full_camera_bsp/\libhal_bsp.a(altera_avalon_jtag_uart_write.o)
 .debug_aranges
                0x0000000000000298       0x20 ../full_camera_bsp/\libhal_bsp.a(alt_busy_sleep.o)
 .debug_aranges
                0x00000000000002b8       0x20 ../full_camera_bsp/\libhal_bsp.a(alt_dcache_flush_all.o)
 .debug_aranges
                0x00000000000002d8       0x20 ../full_camera_bsp/\libhal_bsp.a(alt_dev.o)
 .debug_aranges
                0x00000000000002f8       0x18 ../full_camera_bsp/\libhal_bsp.a(alt_errno.o)
 .debug_aranges
                0x0000000000000310       0x20 ../full_camera_bsp/\libhal_bsp.a(alt_icache_flush_all.o)
 .debug_aranges
                0x0000000000000330       0x20 ../full_camera_bsp/\libhal_bsp.a(altera_nios2_gen2_irq.o)
 .debug_aranges
                0x0000000000000350       0x20 ../full_camera_bsp/\libhal_bsp.a(alt_icache_flush.o)

.debug_pubnames
 *(.debug_pubnames)

.debug_info     0x0000000000000000     0x448f
 *(.debug_info .gnu.linkonce.wi.*)
 .debug_info    0x0000000000000000       0x7b ../full_camera_bsp//obj/HAL/src/crt0.o
 .debug_info    0x000000000000007b      0x30c obj/default/hello_world_small.o
 .debug_info    0x0000000000000387      0x699 c:/intelfpga/17.0/nios2eds/bin/gnu/h-x86_64-mingw32/bin/../lib/gcc/nios2-elf/5.3.0/../../../../../H-x86_64-mingw32/nios2-elf/lib\libsmallc.a(lib_a-printf.o)
 .debug_info    0x0000000000000a20      0xb2b c:/intelfpga/17.0/nios2eds/bin/gnu/h-x86_64-mingw32/bin/../lib/gcc/nios2-elf/5.3.0/../../../../../H-x86_64-mingw32/nios2-elf/lib\libsmallc.a(lib_a-vfprintf.o)
 .debug_info    0x000000000000154b      0x62b c:/intelfpga/17.0/nios2eds/bin/gnu/h-x86_64-mingw32/bin/../lib/gcc/nios2-elf/5.3.0/../../../../../H-x86_64-mingw32/nios2-elf/lib\libsmallc.a(lib_a-fvwrite_small_dev.o)
 .debug_info    0x0000000000001b76      0x5a9 c:/intelfpga/17.0/nios2eds/bin/gnu/h-x86_64-mingw32/bin/../lib/gcc/nios2-elf/5.3.0/../../../../../H-x86_64-mingw32/nios2-elf/lib\libsmallc.a(lib_a-impure.o)
 .debug_info    0x000000000000211f       0xc9 c:/intelfpga/17.0/nios2eds/bin/gnu/h-x86_64-mingw32/bin/../lib/gcc/nios2-elf/5.3.0/../../../../../H-x86_64-mingw32/nios2-elf/lib\libsmallc.a(lib_a-strlen.o)
 .debug_info    0x00000000000021e8      0x630 c:/intelfpga/17.0/nios2eds/bin/gnu/h-x86_64-mingw32/bin/../lib/gcc/nios2-elf/5.3.0/../../../../../H-x86_64-mingw32/nios2-elf/lib\libsmallc.a(lib_a-writer.o)
 .debug_info    0x0000000000002818       0x8a c:/intelfpga/17.0/nios2eds/bin/gnu/h-x86_64-mingw32/bin/../lib/gcc/nios2-elf/5.3.0/../../../../../H-x86_64-mingw32/nios2-elf/lib\libsmallc.a(lib_a-int_errno.o)
 .debug_info    0x00000000000028a2      0x2c6 c:/intelfpga/17.0/nios2eds/bin/gnu/h-x86_64-mingw32/bin/../lib/gcc/nios2-elf/5.3.0\libgcc.a(lib2-divmod.o)
 .debug_info    0x0000000000002b68      0x32d ../full_camera_bsp/\libhal_bsp.a(alt_getchar.o)
 .debug_info    0x0000000000002e95      0x1c9 ../full_camera_bsp/\libhal_bsp.a(alt_load.o)
 .debug_info    0x000000000000305e      0x169 ../full_camera_bsp/\libhal_bsp.a(alt_main.o)
 .debug_info    0x00000000000031c7      0x14d ../full_camera_bsp/\libhal_bsp.a(alt_printf.o)
 .debug_info    0x0000000000003314      0x12a ../full_camera_bsp/\libhal_bsp.a(alt_putchar.o)
 .debug_info    0x000000000000343e       0xd1 ../full_camera_bsp/\libhal_bsp.a(alt_usleep.o)
 .debug_info    0x000000000000350f      0x1c7 ../full_camera_bsp/\libhal_bsp.a(alt_write.o)
 .debug_info    0x00000000000036d6      0x19d ../full_camera_bsp/\libhal_bsp.a(alt_sys_init.o)
 .debug_info    0x0000000000003873      0x1b4 ../full_camera_bsp/\libhal_bsp.a(altera_avalon_jtag_uart_read.o)
 .debug_info    0x0000000000003a27      0x197 ../full_camera_bsp/\libhal_bsp.a(altera_avalon_jtag_uart_write.o)
 .debug_info    0x0000000000003bbe       0xd8 ../full_camera_bsp/\libhal_bsp.a(alt_busy_sleep.o)
 .debug_info    0x0000000000003c96       0x92 ../full_camera_bsp/\libhal_bsp.a(alt_dcache_flush_all.o)
 .debug_info    0x0000000000003d28      0x499 ../full_camera_bsp/\libhal_bsp.a(alt_dev.o)
 .debug_info    0x00000000000041c1       0xa6 ../full_camera_bsp/\libhal_bsp.a(alt_errno.o)
 .debug_info    0x0000000000004267       0xb8 ../full_camera_bsp/\libhal_bsp.a(alt_icache_flush_all.o)
 .debug_info    0x000000000000431f       0x92 ../full_camera_bsp/\libhal_bsp.a(altera_nios2_gen2_irq.o)
 .debug_info    0x00000000000043b1       0xde ../full_camera_bsp/\libhal_bsp.a(alt_icache_flush.o)

.debug_abbrev   0x0000000000000000     0x1877
 *(.debug_abbrev)
 .debug_abbrev  0x0000000000000000       0x12 ../full_camera_bsp//obj/HAL/src/crt0.o
 .debug_abbrev  0x0000000000000012       0xee obj/default/hello_world_small.o
 .debug_abbrev  0x0000000000000100      0x1ee c:/intelfpga/17.0/nios2eds/bin/gnu/h-x86_64-mingw32/bin/../lib/gcc/nios2-elf/5.3.0/../../../../../H-x86_64-mingw32/nios2-elf/lib\libsmallc.a(lib_a-printf.o)
 .debug_abbrev  0x00000000000002ee      0x2a1 c:/intelfpga/17.0/nios2eds/bin/gnu/h-x86_64-mingw32/bin/../lib/gcc/nios2-elf/5.3.0/../../../../../H-x86_64-mingw32/nios2-elf/lib\libsmallc.a(lib_a-vfprintf.o)
 .debug_abbrev  0x000000000000058f      0x1bc c:/intelfpga/17.0/nios2eds/bin/gnu/h-x86_64-mingw32/bin/../lib/gcc/nios2-elf/5.3.0/../../../../../H-x86_64-mingw32/nios2-elf/lib\libsmallc.a(lib_a-fvwrite_small_dev.o)
 .debug_abbrev  0x000000000000074b      0x14a c:/intelfpga/17.0/nios2eds/bin/gnu/h-x86_64-mingw32/bin/../lib/gcc/nios2-elf/5.3.0/../../../../../H-x86_64-mingw32/nios2-elf/lib\libsmallc.a(lib_a-impure.o)
 .debug_abbrev  0x0000000000000895       0x7f c:/intelfpga/17.0/nios2eds/bin/gnu/h-x86_64-mingw32/bin/../lib/gcc/nios2-elf/5.3.0/../../../../../H-x86_64-mingw32/nios2-elf/lib\libsmallc.a(lib_a-strlen.o)
 .debug_abbrev  0x0000000000000914      0x1a6 c:/intelfpga/17.0/nios2eds/bin/gnu/h-x86_64-mingw32/bin/../lib/gcc/nios2-elf/5.3.0/../../../../../H-x86_64-mingw32/nios2-elf/lib\libsmallc.a(lib_a-writer.o)
 .debug_abbrev  0x0000000000000aba       0x37 c:/intelfpga/17.0/nios2eds/bin/gnu/h-x86_64-mingw32/bin/../lib/gcc/nios2-elf/5.3.0/../../../../../H-x86_64-mingw32/nios2-elf/lib\libsmallc.a(lib_a-int_errno.o)
 .debug_abbrev  0x0000000000000af1      0x10e c:/intelfpga/17.0/nios2eds/bin/gnu/h-x86_64-mingw32/bin/../lib/gcc/nios2-elf/5.3.0\libgcc.a(lib2-divmod.o)
 .debug_abbrev  0x0000000000000bff      0x11d ../full_camera_bsp/\libhal_bsp.a(alt_getchar.o)
 .debug_abbrev  0x0000000000000d1c       0xd8 ../full_camera_bsp/\libhal_bsp.a(alt_load.o)
 .debug_abbrev  0x0000000000000df4       0xee ../full_camera_bsp/\libhal_bsp.a(alt_main.o)
 .debug_abbrev  0x0000000000000ee2       0xd5 ../full_camera_bsp/\libhal_bsp.a(alt_printf.o)
 .debug_abbrev  0x0000000000000fb7       0xd2 ../full_camera_bsp/\libhal_bsp.a(alt_putchar.o)
 .debug_abbrev  0x0000000000001089       0x8d ../full_camera_bsp/\libhal_bsp.a(alt_usleep.o)
 .debug_abbrev  0x0000000000001116      0x12e ../full_camera_bsp/\libhal_bsp.a(alt_write.o)
 .debug_abbrev  0x0000000000001244      0x10e ../full_camera_bsp/\libhal_bsp.a(alt_sys_init.o)
 .debug_abbrev  0x0000000000001352      0x102 ../full_camera_bsp/\libhal_bsp.a(altera_avalon_jtag_uart_read.o)
 .debug_abbrev  0x0000000000001454       0xd5 ../full_camera_bsp/\libhal_bsp.a(altera_avalon_jtag_uart_write.o)
 .debug_abbrev  0x0000000000001529       0x8d ../full_camera_bsp/\libhal_bsp.a(alt_busy_sleep.o)
 .debug_abbrev  0x00000000000015b6       0x42 ../full_camera_bsp/\libhal_bsp.a(alt_dcache_flush_all.o)
 .debug_abbrev  0x00000000000015f8       0xd9 ../full_camera_bsp/\libhal_bsp.a(alt_dev.o)
 .debug_abbrev  0x00000000000016d1       0x5a ../full_camera_bsp/\libhal_bsp.a(alt_errno.o)
 .debug_abbrev  0x000000000000172b       0x6f ../full_camera_bsp/\libhal_bsp.a(alt_icache_flush_all.o)
 .debug_abbrev  0x000000000000179a       0x42 ../full_camera_bsp/\libhal_bsp.a(altera_nios2_gen2_irq.o)
 .debug_abbrev  0x00000000000017dc       0x9b ../full_camera_bsp/\libhal_bsp.a(alt_icache_flush.o)

.debug_line     0x0000000000000000     0x1b65
 *(.debug_line)
 .debug_line    0x0000000000000000       0x6c ../full_camera_bsp//obj/HAL/src/crt0.o
 .debug_line    0x000000000000006c      0x1a2 obj/default/hello_world_small.o
 .debug_line    0x000000000000020e      0x200 c:/intelfpga/17.0/nios2eds/bin/gnu/h-x86_64-mingw32/bin/../lib/gcc/nios2-elf/5.3.0/../../../../../H-x86_64-mingw32/nios2-elf/lib\libsmallc.a(lib_a-printf.o)
 .debug_line    0x000000000000040e      0x34f c:/intelfpga/17.0/nios2eds/bin/gnu/h-x86_64-mingw32/bin/../lib/gcc/nios2-elf/5.3.0/../../../../../H-x86_64-mingw32/nios2-elf/lib\libsmallc.a(lib_a-vfprintf.o)
 .debug_line    0x000000000000075d      0x1ed c:/intelfpga/17.0/nios2eds/bin/gnu/h-x86_64-mingw32/bin/../lib/gcc/nios2-elf/5.3.0/../../../../../H-x86_64-mingw32/nios2-elf/lib\libsmallc.a(lib_a-fvwrite_small_dev.o)
 .debug_line    0x000000000000094a      0x153 c:/intelfpga/17.0/nios2eds/bin/gnu/h-x86_64-mingw32/bin/../lib/gcc/nios2-elf/5.3.0/../../../../../H-x86_64-mingw32/nios2-elf/lib\libsmallc.a(lib_a-impure.o)
 .debug_line    0x0000000000000a9d      0x159 c:/intelfpga/17.0/nios2eds/bin/gnu/h-x86_64-mingw32/bin/../lib/gcc/nios2-elf/5.3.0/../../../../../H-x86_64-mingw32/nios2-elf/lib\libsmallc.a(lib_a-strlen.o)
 .debug_line    0x0000000000000bf6      0x1ea c:/intelfpga/17.0/nios2eds/bin/gnu/h-x86_64-mingw32/bin/../lib/gcc/nios2-elf/5.3.0/../../../../../H-x86_64-mingw32/nios2-elf/lib\libsmallc.a(lib_a-writer.o)
 .debug_line    0x0000000000000de0       0x5c c:/intelfpga/17.0/nios2eds/bin/gnu/h-x86_64-mingw32/bin/../lib/gcc/nios2-elf/5.3.0/../../../../../H-x86_64-mingw32/nios2-elf/lib\libsmallc.a(lib_a-int_errno.o)
 .debug_line    0x0000000000000e3c      0x102 c:/intelfpga/17.0/nios2eds/bin/gnu/h-x86_64-mingw32/bin/../lib/gcc/nios2-elf/5.3.0\libgcc.a(lib2-divmod.o)
 .debug_line    0x0000000000000f3e       0xb7 ../full_camera_bsp/\libhal_bsp.a(alt_getchar.o)
 .debug_line    0x0000000000000ff5       0xa4 ../full_camera_bsp/\libhal_bsp.a(alt_load.o)
 .debug_line    0x0000000000001099       0xbd ../full_camera_bsp/\libhal_bsp.a(alt_main.o)
 .debug_line    0x0000000000001156      0x10d ../full_camera_bsp/\libhal_bsp.a(alt_printf.o)
 .debug_line    0x0000000000001263       0x55 ../full_camera_bsp/\libhal_bsp.a(alt_putchar.o)
 .debug_line    0x00000000000012b8       0xca ../full_camera_bsp/\libhal_bsp.a(alt_usleep.o)
 .debug_line    0x0000000000001382      0x160 ../full_camera_bsp/\libhal_bsp.a(alt_write.o)
 .debug_line    0x00000000000014e2      0x11a ../full_camera_bsp/\libhal_bsp.a(alt_sys_init.o)
 .debug_line    0x00000000000015fc       0xfb ../full_camera_bsp/\libhal_bsp.a(altera_avalon_jtag_uart_read.o)
 .debug_line    0x00000000000016f7       0xf0 ../full_camera_bsp/\libhal_bsp.a(altera_avalon_jtag_uart_write.o)
 .debug_line    0x00000000000017e7       0xb3 ../full_camera_bsp/\libhal_bsp.a(alt_busy_sleep.o)
 .debug_line    0x000000000000189a       0x4e ../full_camera_bsp/\libhal_bsp.a(alt_dcache_flush_all.o)
 .debug_line    0x00000000000018e8       0xf1 ../full_camera_bsp/\libhal_bsp.a(alt_dev.o)
 .debug_line    0x00000000000019d9       0x51 ../full_camera_bsp/\libhal_bsp.a(alt_errno.o)
 .debug_line    0x0000000000001a2a       0x6e ../full_camera_bsp/\libhal_bsp.a(alt_icache_flush_all.o)
 .debug_line    0x0000000000001a98       0x50 ../full_camera_bsp/\libhal_bsp.a(altera_nios2_gen2_irq.o)
 .debug_line    0x0000000000001ae8       0x7d ../full_camera_bsp/\libhal_bsp.a(alt_icache_flush.o)

.debug_frame    0x0000000000000000      0x4cc
 *(.debug_frame)
 .debug_frame   0x0000000000000000       0x54 obj/default/hello_world_small.o
 .debug_frame   0x0000000000000054       0x48 c:/intelfpga/17.0/nios2eds/bin/gnu/h-x86_64-mingw32/bin/../lib/gcc/nios2-elf/5.3.0/../../../../../H-x86_64-mingw32/nios2-elf/lib\libsmallc.a(lib_a-printf.o)
 .debug_frame   0x000000000000009c       0x8c c:/intelfpga/17.0/nios2eds/bin/gnu/h-x86_64-mingw32/bin/../lib/gcc/nios2-elf/5.3.0/../../../../../H-x86_64-mingw32/nios2-elf/lib\libsmallc.a(lib_a-vfprintf.o)
 .debug_frame   0x0000000000000128       0x58 c:/intelfpga/17.0/nios2eds/bin/gnu/h-x86_64-mingw32/bin/../lib/gcc/nios2-elf/5.3.0/../../../../../H-x86_64-mingw32/nios2-elf/lib\libsmallc.a(lib_a-fvwrite_small_dev.o)
 .debug_frame   0x0000000000000180       0x20 c:/intelfpga/17.0/nios2eds/bin/gnu/h-x86_64-mingw32/bin/../lib/gcc/nios2-elf/5.3.0/../../../../../H-x86_64-mingw32/nios2-elf/lib\libsmallc.a(lib_a-strlen.o)
 .debug_frame   0x00000000000001a0       0x38 c:/intelfpga/17.0/nios2eds/bin/gnu/h-x86_64-mingw32/bin/../lib/gcc/nios2-elf/5.3.0/../../../../../H-x86_64-mingw32/nios2-elf/lib\libsmallc.a(lib_a-writer.o)
 .debug_frame   0x00000000000001d8       0x50 c:/intelfpga/17.0/nios2eds/bin/gnu/h-x86_64-mingw32/bin/../lib/gcc/nios2-elf/5.3.0\libgcc.a(lib2-divmod.o)
 .debug_frame   0x0000000000000228       0x2c ../full_camera_bsp/\libhal_bsp.a(alt_getchar.o)
 .debug_frame   0x0000000000000254       0x30 ../full_camera_bsp/\libhal_bsp.a(alt_load.o)
 .debug_frame   0x0000000000000284       0x2c ../full_camera_bsp/\libhal_bsp.a(alt_main.o)
 .debug_frame   0x00000000000002b0       0x54 ../full_camera_bsp/\libhal_bsp.a(alt_printf.o)
 .debug_frame   0x0000000000000304       0x30 ../full_camera_bsp/\libhal_bsp.a(alt_putchar.o)
 .debug_frame   0x0000000000000334       0x20 ../full_camera_bsp/\libhal_bsp.a(alt_usleep.o)
 .debug_frame   0x0000000000000354       0x2c ../full_camera_bsp/\libhal_bsp.a(alt_write.o)
 .debug_frame   0x0000000000000380       0x3c ../full_camera_bsp/\libhal_bsp.a(alt_sys_init.o)
 .debug_frame   0x00000000000003bc       0x20 ../full_camera_bsp/\libhal_bsp.a(altera_avalon_jtag_uart_read.o)
 .debug_frame   0x00000000000003dc       0x20 ../full_camera_bsp/\libhal_bsp.a(altera_avalon_jtag_uart_write.o)
 .debug_frame   0x00000000000003fc       0x30 ../full_camera_bsp/\libhal_bsp.a(alt_busy_sleep.o)
 .debug_frame   0x000000000000042c       0x20 ../full_camera_bsp/\libhal_bsp.a(alt_dcache_flush_all.o)
 .debug_frame   0x000000000000044c       0x20 ../full_camera_bsp/\libhal_bsp.a(alt_dev.o)
 .debug_frame   0x000000000000046c       0x20 ../full_camera_bsp/\libhal_bsp.a(alt_icache_flush_all.o)
 .debug_frame   0x000000000000048c       0x20 ../full_camera_bsp/\libhal_bsp.a(altera_nios2_gen2_irq.o)
 .debug_frame   0x00000000000004ac       0x20 ../full_camera_bsp/\libhal_bsp.a(alt_icache_flush.o)

.debug_str      0x0000000000000000     0x11b9
 *(.debug_str)
 .debug_str     0x0000000000000000      0x143 obj/default/hello_world_small.o
                                        0x193 (size before relaxing)
 .debug_str     0x0000000000000143      0x410 c:/intelfpga/17.0/nios2eds/bin/gnu/h-x86_64-mingw32/bin/../lib/gcc/nios2-elf/5.3.0/../../../../../H-x86_64-mingw32/nios2-elf/lib\libsmallc.a(lib_a-printf.o)
                                        0x4ea (size before relaxing)
 .debug_str     0x0000000000000553      0x1f0 c:/intelfpga/17.0/nios2eds/bin/gnu/h-x86_64-mingw32/bin/../lib/gcc/nios2-elf/5.3.0/../../../../../H-x86_64-mingw32/nios2-elf/lib\libsmallc.a(lib_a-vfprintf.o)
                                        0x665 (size before relaxing)
 .debug_str     0x0000000000000743       0x75 c:/intelfpga/17.0/nios2eds/bin/gnu/h-x86_64-mingw32/bin/../lib/gcc/nios2-elf/5.3.0/../../../../../H-x86_64-mingw32/nios2-elf/lib\libsmallc.a(lib_a-fvwrite_small_dev.o)
                                        0x4ba (size before relaxing)
 .debug_str     0x00000000000007b8       0xe1 c:/intelfpga/17.0/nios2eds/bin/gnu/h-x86_64-mingw32/bin/../lib/gcc/nios2-elf/5.3.0/../../../../../H-x86_64-mingw32/nios2-elf/lib\libsmallc.a(lib_a-impure.o)
                                        0x4a4 (size before relaxing)
 .debug_str     0x0000000000000899       0xc4 c:/intelfpga/17.0/nios2eds/bin/gnu/h-x86_64-mingw32/bin/../lib/gcc/nios2-elf/5.3.0/../../../../../H-x86_64-mingw32/nios2-elf/lib\libsmallc.a(lib_a-strlen.o)
                                        0x1cb (size before relaxing)
 .debug_str     0x000000000000095d       0x42 c:/intelfpga/17.0/nios2eds/bin/gnu/h-x86_64-mingw32/bin/../lib/gcc/nios2-elf/5.3.0/../../../../../H-x86_64-mingw32/nios2-elf/lib\libsmallc.a(lib_a-writer.o)
                                        0x49e (size before relaxing)
 .debug_str     0x000000000000099f       0x3c c:/intelfpga/17.0/nios2eds/bin/gnu/h-x86_64-mingw32/bin/../lib/gcc/nios2-elf/5.3.0/../../../../../H-x86_64-mingw32/nios2-elf/lib\libsmallc.a(lib_a-int_errno.o)
                                        0x1be (size before relaxing)
 .debug_str     0x00000000000009db      0x16d c:/intelfpga/17.0/nios2eds/bin/gnu/h-x86_64-mingw32/bin/../lib/gcc/nios2-elf/5.3.0\libgcc.a(lib2-divmod.o)
                                        0x1b8 (size before relaxing)
 .debug_str     0x0000000000000b48      0x12e ../full_camera_bsp/\libhal_bsp.a(alt_getchar.o)
                                        0x240 (size before relaxing)
 .debug_str     0x0000000000000c76      0x11b ../full_camera_bsp/\libhal_bsp.a(alt_load.o)
                                        0x246 (size before relaxing)
 .debug_str     0x0000000000000d91       0x5e ../full_camera_bsp/\libhal_bsp.a(alt_main.o)
                                        0x1bf (size before relaxing)
 .debug_str     0x0000000000000def       0x2d ../full_camera_bsp/\libhal_bsp.a(alt_printf.o)
                                        0x110 (size before relaxing)
 .debug_str     0x0000000000000e1c       0x34 ../full_camera_bsp/\libhal_bsp.a(alt_putchar.o)
                                        0x195 (size before relaxing)
 .debug_str     0x0000000000000e50       0x2f ../full_camera_bsp/\libhal_bsp.a(alt_usleep.o)
                                        0x161 (size before relaxing)
 .debug_str     0x0000000000000e7f       0x2c ../full_camera_bsp/\libhal_bsp.a(alt_write.o)
                                        0x1e8 (size before relaxing)
 .debug_str     0x0000000000000eab       0xb9 ../full_camera_bsp/\libhal_bsp.a(alt_sys_init.o)
                                        0x266 (size before relaxing)
 .debug_str     0x0000000000000f64       0x38 ../full_camera_bsp/\libhal_bsp.a(altera_avalon_jtag_uart_read.o)
                                        0x229 (size before relaxing)
 .debug_str     0x0000000000000f9c       0x2c ../full_camera_bsp/\libhal_bsp.a(altera_avalon_jtag_uart_write.o)
                                        0x21f (size before relaxing)
 .debug_str     0x0000000000000fc8       0x33 ../full_camera_bsp/\libhal_bsp.a(alt_busy_sleep.o)
                                        0x175 (size before relaxing)
 .debug_str     0x0000000000000ffb       0x1f ../full_camera_bsp/\libhal_bsp.a(alt_dcache_flush_all.o)
                                        0x15f (size before relaxing)
 .debug_str     0x000000000000101a      0x120 ../full_camera_bsp/\libhal_bsp.a(alt_dev.o)
                                        0x30f (size before relaxing)
 .debug_str     0x000000000000113a       0x14 ../full_camera_bsp/\libhal_bsp.a(alt_errno.o)
                                        0x14f (size before relaxing)
 .debug_str     0x000000000000114e       0x30 ../full_camera_bsp/\libhal_bsp.a(alt_icache_flush_all.o)
                                        0x170 (size before relaxing)
 .debug_str     0x000000000000117e       0x20 ../full_camera_bsp/\libhal_bsp.a(altera_nios2_gen2_irq.o)
                                        0x166 (size before relaxing)
 .debug_str     0x000000000000119e       0x1b ../full_camera_bsp/\libhal_bsp.a(alt_icache_flush.o)
                                        0x165 (size before relaxing)

.debug_loc      0x0000000000000000     0x165a
 *(.debug_loc)
 .debug_loc     0x0000000000000000       0xb8 obj/default/hello_world_small.o
 .debug_loc     0x00000000000000b8       0xc6 c:/intelfpga/17.0/nios2eds/bin/gnu/h-x86_64-mingw32/bin/../lib/gcc/nios2-elf/5.3.0/../../../../../H-x86_64-mingw32/nios2-elf/lib\libsmallc.a(lib_a-printf.o)
 .debug_loc     0x000000000000017e      0x901 c:/intelfpga/17.0/nios2eds/bin/gnu/h-x86_64-mingw32/bin/../lib/gcc/nios2-elf/5.3.0/../../../../../H-x86_64-mingw32/nios2-elf/lib\libsmallc.a(lib_a-vfprintf.o)
 .debug_loc     0x0000000000000a7f      0x110 c:/intelfpga/17.0/nios2eds/bin/gnu/h-x86_64-mingw32/bin/../lib/gcc/nios2-elf/5.3.0/../../../../../H-x86_64-mingw32/nios2-elf/lib\libsmallc.a(lib_a-fvwrite_small_dev.o)
 .debug_loc     0x0000000000000b8f       0x1e c:/intelfpga/17.0/nios2eds/bin/gnu/h-x86_64-mingw32/bin/../lib/gcc/nios2-elf/5.3.0/../../../../../H-x86_64-mingw32/nios2-elf/lib\libsmallc.a(lib_a-strlen.o)
 .debug_loc     0x0000000000000bad       0xa5 c:/intelfpga/17.0/nios2eds/bin/gnu/h-x86_64-mingw32/bin/../lib/gcc/nios2-elf/5.3.0/../../../../../H-x86_64-mingw32/nios2-elf/lib\libsmallc.a(lib_a-writer.o)
 .debug_loc     0x0000000000000c52      0x4ce c:/intelfpga/17.0/nios2eds/bin/gnu/h-x86_64-mingw32/bin/../lib/gcc/nios2-elf/5.3.0\libgcc.a(lib2-divmod.o)
 .debug_loc     0x0000000000001120      0x1de ../full_camera_bsp/\libhal_bsp.a(alt_printf.o)
 .debug_loc     0x00000000000012fe       0x2c ../full_camera_bsp/\libhal_bsp.a(alt_putchar.o)
 .debug_loc     0x000000000000132a       0x21 ../full_camera_bsp/\libhal_bsp.a(alt_usleep.o)
 .debug_loc     0x000000000000134b       0xcf ../full_camera_bsp/\libhal_bsp.a(alt_write.o)
 .debug_loc     0x000000000000141a       0x21 ../full_camera_bsp/\libhal_bsp.a(alt_sys_init.o)
 .debug_loc     0x000000000000143b       0xcd ../full_camera_bsp/\libhal_bsp.a(altera_avalon_jtag_uart_read.o)
 .debug_loc     0x0000000000001508       0x8b ../full_camera_bsp/\libhal_bsp.a(altera_avalon_jtag_uart_write.o)
 .debug_loc     0x0000000000001593       0x75 ../full_camera_bsp/\libhal_bsp.a(alt_busy_sleep.o)
 .debug_loc     0x0000000000001608       0x52 ../full_camera_bsp/\libhal_bsp.a(alt_icache_flush.o)

.debug_macinfo
 *(.debug_macinfo)

.debug_weaknames
 *(.debug_weaknames)

.debug_funcnames
 *(.debug_funcnames)

.debug_typenames
 *(.debug_typenames)

.debug_varnames
 *(.debug_varnames)

.debug_alt_sim_info
                0x0000000000000000       0x50
 *(.debug_alt_sim_info)
 .debug_alt_sim_info
                0x0000000000000000       0x20 ../full_camera_bsp//obj/HAL/src/crt0.o
 .debug_alt_sim_info
                0x0000000000000020       0x30 ../full_camera_bsp/\libhal_bsp.a(alt_busy_sleep.o)
                0x000000000000d000                __alt_data_end = 0xd000
                0x000000000000d000                PROVIDE (__alt_stack_pointer, __alt_data_end)
                [!provide]                        PROVIDE (__alt_stack_limit, __alt_stack_base)
                [!provide]                        PROVIDE (__alt_heap_start, end)
                [!provide]                        PROVIDE (__alt_heap_limit, 0xd000)
OUTPUT(full_camera.elf elf32-littlenios2)

.debug_ranges   0x0000000000000000      0x288
 .debug_ranges  0x0000000000000000       0x20 ../full_camera_bsp//obj/HAL/src/crt0.o
 .debug_ranges  0x0000000000000020       0x30 obj/default/hello_world_small.o
 .debug_ranges  0x0000000000000050       0x18 c:/intelfpga/17.0/nios2eds/bin/gnu/h-x86_64-mingw32/bin/../lib/gcc/nios2-elf/5.3.0/../../../../../H-x86_64-mingw32/nios2-elf/lib\libsmallc.a(lib_a-printf.o)
 .debug_ranges  0x0000000000000068       0xc8 c:/intelfpga/17.0/nios2eds/bin/gnu/h-x86_64-mingw32/bin/../lib/gcc/nios2-elf/5.3.0/../../../../../H-x86_64-mingw32/nios2-elf/lib\libsmallc.a(lib_a-vfprintf.o)
 .debug_ranges  0x0000000000000130       0x28 c:/intelfpga/17.0/nios2eds/bin/gnu/h-x86_64-mingw32/bin/../lib/gcc/nios2-elf/5.3.0/../../../../../H-x86_64-mingw32/nios2-elf/lib\libsmallc.a(lib_a-fvwrite_small_dev.o)
 .debug_ranges  0x0000000000000158       0x10 c:/intelfpga/17.0/nios2eds/bin/gnu/h-x86_64-mingw32/bin/../lib/gcc/nios2-elf/5.3.0/../../../../../H-x86_64-mingw32/nios2-elf/lib\libsmallc.a(lib_a-strlen.o)
 .debug_ranges  0x0000000000000168       0x10 c:/intelfpga/17.0/nios2eds/bin/gnu/h-x86_64-mingw32/bin/../lib/gcc/nios2-elf/5.3.0/../../../../../H-x86_64-mingw32/nios2-elf/lib\libsmallc.a(lib_a-writer.o)
 .debug_ranges  0x0000000000000178       0x60 c:/intelfpga/17.0/nios2eds/bin/gnu/h-x86_64-mingw32/bin/../lib/gcc/nios2-elf/5.3.0\libgcc.a(lib2-divmod.o)
 .debug_ranges  0x00000000000001d8       0x48 ../full_camera_bsp/\libhal_bsp.a(alt_load.o)
 .debug_ranges  0x0000000000000220       0x18 ../full_camera_bsp/\libhal_bsp.a(alt_printf.o)
 .debug_ranges  0x0000000000000238       0x20 ../full_camera_bsp/\libhal_bsp.a(alt_write.o)
 .debug_ranges  0x0000000000000258       0x20 ../full_camera_bsp/\libhal_bsp.a(altera_avalon_jtag_uart_read.o)
 .debug_ranges  0x0000000000000278       0x10 ../full_camera_bsp/\libhal_bsp.a(alt_icache_flush.o)
